Archive member included to satisfy reference by file (symbol)

C:/ST/STM32CubeIDE_1.18.1/STM32CubeIDE/plugins/com.st.stm32cube.ide.mcu.externaltools.gnu-tools-for-stm32.13.3.rel1.win32_1.0.0.202411081344/tools/bin/../lib/gcc/arm-none-eabi/13.3.1/../../../../arm-none-eabi/lib/thumb/v7e-m+fp/hard\libc_nano.a(libc_a-exit.o)
                              C:/ST/STM32CubeIDE_1.18.1/STM32CubeIDE/plugins/com.st.stm32cube.ide.mcu.externaltools.gnu-tools-for-stm32.13.3.rel1.win32_1.0.0.202411081344/tools/bin/../lib/gcc/arm-none-eabi/13.3.1/../../../../arm-none-eabi/lib/thumb/v7e-m+fp/hard/crt0.o (exit)
C:/ST/STM32CubeIDE_1.18.1/STM32CubeIDE/plugins/com.st.stm32cube.ide.mcu.externaltools.gnu-tools-for-stm32.13.3.rel1.win32_1.0.0.202411081344/tools/bin/../lib/gcc/arm-none-eabi/13.3.1/../../../../arm-none-eabi/lib/thumb/v7e-m+fp/hard\libc_nano.a(libc_a-findfp.o)
                              C:/ST/STM32CubeIDE_1.18.1/STM32CubeIDE/plugins/com.st.stm32cube.ide.mcu.externaltools.gnu-tools-for-stm32.13.3.rel1.win32_1.0.0.202411081344/tools/bin/../lib/gcc/arm-none-eabi/13.3.1/../../../../arm-none-eabi/lib/thumb/v7e-m+fp/hard\libc_nano.a(libc_a-exit.o) (__stdio_exit_handler)
C:/ST/STM32CubeIDE_1.18.1/STM32CubeIDE/plugins/com.st.stm32cube.ide.mcu.externaltools.gnu-tools-for-stm32.13.3.rel1.win32_1.0.0.202411081344/tools/bin/../lib/gcc/arm-none-eabi/13.3.1/../../../../arm-none-eabi/lib/thumb/v7e-m+fp/hard\libc_nano.a(libc_a-fwalk.o)
                              C:/ST/STM32CubeIDE_1.18.1/STM32CubeIDE/plugins/com.st.stm32cube.ide.mcu.externaltools.gnu-tools-for-stm32.13.3.rel1.win32_1.0.0.202411081344/tools/bin/../lib/gcc/arm-none-eabi/13.3.1/../../../../arm-none-eabi/lib/thumb/v7e-m+fp/hard\libc_nano.a(libc_a-findfp.o) (_fwalk_sglue)
C:/ST/STM32CubeIDE_1.18.1/STM32CubeIDE/plugins/com.st.stm32cube.ide.mcu.externaltools.gnu-tools-for-stm32.13.3.rel1.win32_1.0.0.202411081344/tools/bin/../lib/gcc/arm-none-eabi/13.3.1/../../../../arm-none-eabi/lib/thumb/v7e-m+fp/hard\libc_nano.a(libc_a-printf.o)
                              ./Core/Src/BNO080.o (printf)
C:/ST/STM32CubeIDE_1.18.1/STM32CubeIDE/plugins/com.st.stm32cube.ide.mcu.externaltools.gnu-tools-for-stm32.13.3.rel1.win32_1.0.0.202411081344/tools/bin/../lib/gcc/arm-none-eabi/13.3.1/../../../../arm-none-eabi/lib/thumb/v7e-m+fp/hard\libc_nano.a(libc_a-puts.o)
                              ./Core/Src/BNO080.o (puts)
C:/ST/STM32CubeIDE_1.18.1/STM32CubeIDE/plugins/com.st.stm32cube.ide.mcu.externaltools.gnu-tools-for-stm32.13.3.rel1.win32_1.0.0.202411081344/tools/bin/../lib/gcc/arm-none-eabi/13.3.1/../../../../arm-none-eabi/lib/thumb/v7e-m+fp/hard\libc_nano.a(libc_a-stdio.o)
                              C:/ST/STM32CubeIDE_1.18.1/STM32CubeIDE/plugins/com.st.stm32cube.ide.mcu.externaltools.gnu-tools-for-stm32.13.3.rel1.win32_1.0.0.202411081344/tools/bin/../lib/gcc/arm-none-eabi/13.3.1/../../../../arm-none-eabi/lib/thumb/v7e-m+fp/hard\libc_nano.a(libc_a-findfp.o) (__sread)
C:/ST/STM32CubeIDE_1.18.1/STM32CubeIDE/plugins/com.st.stm32cube.ide.mcu.externaltools.gnu-tools-for-stm32.13.3.rel1.win32_1.0.0.202411081344/tools/bin/../lib/gcc/arm-none-eabi/13.3.1/../../../../arm-none-eabi/lib/thumb/v7e-m+fp/hard\libc_nano.a(libc_a-wbuf.o)
                              C:/ST/STM32CubeIDE_1.18.1/STM32CubeIDE/plugins/com.st.stm32cube.ide.mcu.externaltools.gnu-tools-for-stm32.13.3.rel1.win32_1.0.0.202411081344/tools/bin/../lib/gcc/arm-none-eabi/13.3.1/../../../../arm-none-eabi/lib/thumb/v7e-m+fp/hard\libc_nano.a(libc_a-puts.o) (__swbuf_r)
C:/ST/STM32CubeIDE_1.18.1/STM32CubeIDE/plugins/com.st.stm32cube.ide.mcu.externaltools.gnu-tools-for-stm32.13.3.rel1.win32_1.0.0.202411081344/tools/bin/../lib/gcc/arm-none-eabi/13.3.1/../../../../arm-none-eabi/lib/thumb/v7e-m+fp/hard\libc_nano.a(libc_a-wsetup.o)
                              C:/ST/STM32CubeIDE_1.18.1/STM32CubeIDE/plugins/com.st.stm32cube.ide.mcu.externaltools.gnu-tools-for-stm32.13.3.rel1.win32_1.0.0.202411081344/tools/bin/../lib/gcc/arm-none-eabi/13.3.1/../../../../arm-none-eabi/lib/thumb/v7e-m+fp/hard\libc_nano.a(libc_a-puts.o) (__swsetup_r)
C:/ST/STM32CubeIDE_1.18.1/STM32CubeIDE/plugins/com.st.stm32cube.ide.mcu.externaltools.gnu-tools-for-stm32.13.3.rel1.win32_1.0.0.202411081344/tools/bin/../lib/gcc/arm-none-eabi/13.3.1/../../../../arm-none-eabi/lib/thumb/v7e-m+fp/hard\libc_nano.a(libc_a-memset.o)
                              C:/ST/STM32CubeIDE_1.18.1/STM32CubeIDE/plugins/com.st.stm32cube.ide.mcu.externaltools.gnu-tools-for-stm32.13.3.rel1.win32_1.0.0.202411081344/tools/bin/../lib/gcc/arm-none-eabi/13.3.1/../../../../arm-none-eabi/lib/thumb/v7e-m+fp/hard/crt0.o (memset)
C:/ST/STM32CubeIDE_1.18.1/STM32CubeIDE/plugins/com.st.stm32cube.ide.mcu.externaltools.gnu-tools-for-stm32.13.3.rel1.win32_1.0.0.202411081344/tools/bin/../lib/gcc/arm-none-eabi/13.3.1/../../../../arm-none-eabi/lib/thumb/v7e-m+fp/hard\libc_nano.a(libc_a-closer.o)
[...]
Memory Configuration

Name             Origin             Length             Attributes
CCMRAM           0x10000000         0x00010000         xrw
RAM              0x20000000         0x00020000         xrw
FLASH            0x08000000         0x00100000         xr
*default*        0x00000000         0xffffffff

Linker script and memory map

LOAD C:/ST/STM32CubeIDE_1.18.1/STM32CubeIDE/plugins/com.st.stm32cube.ide.mcu.externaltools.gnu-tools-for-stm32.13.3.rel1.win32_1.0.0.202411081344/tools/bin/../lib/gcc/arm-none-eabi/13.3.1/thumb/v7e-m+fp/hard/crti.o
LOAD C:/ST/STM32CubeIDE_1.18.1/STM32CubeIDE/plugins/com.st.stm32cube.ide.mcu.externaltools.gnu-tools-for-stm32.13.3.rel1.win32_1.0.0.202411081344/tools/bin/../lib/gcc/arm-none-eabi/13.3.1/thumb/v7e-m+fp/hard/crtbegin.o
LOAD C:/ST/STM32CubeIDE_1.18.1/STM32CubeIDE/plugins/com.st.stm32cube.ide.mcu.externaltools.gnu-tools-for-stm32.13.3.rel1.win32_1.0.0.202411081344/tools/bin/../lib/gcc/arm-none-eabi/13.3.1/../../../../arm-none-eabi/lib/thumb/v7e-m+fp/hard/crt0.o
LOAD ./Core/Src/BNO080.o
LOAD ./Core/Src/Quaternion.o
LOAD ./Core/Src/gpio.o
LOAD ./Core/Src/main.o
LOAD ./Core/Src/spi.o
LOAD ./Core/Src/stm32f4xx_hal_msp.o
LOAD ./Core/Src/stm32f4xx_it.o
LOAD ./Core/Src/syscalls.o
LOAD ./Core/Src/sysmem.o
LOAD ./Core/Src/system_stm32f4xx.o
LOAD ./Core/Src/tim.o
LOAD ./Core/Src/usart.o
LOAD ./Core/Startup/startup_stm32f405rgtx.o
LOAD ./Drivers/STM32F4xx_HAL_Driver/Src/stm32f4xx_hal.o
LOAD ./Drivers/STM32F4xx_HAL_Driver/Src/stm32f4xx_hal_cortex.o
LOAD ./Drivers/STM32F4xx_HAL_Driver/Src/stm32f4xx_hal_dma.o
LOAD ./Drivers/STM32F4xx_HAL_Driver/Src/stm32f4xx_hal_dma_ex.o
LOAD ./Drivers/STM32F4xx_HAL_Driver/Src/stm32f4xx_hal_exti.o
LOAD ./Drivers/STM32F4xx_HAL_Driver/Src/stm32f4xx_hal_flash.o
LOAD ./Drivers/STM32F4xx_HAL_Driver/Src/stm32f4xx_hal_flash_ex.o
LOAD ./Drivers/STM32F4xx_HAL_Driver/Src/stm32f4xx_hal_flash_ramfunc.o
LOAD ./Drivers/STM32F4xx_HAL_Driver/Src/stm32f4xx_hal_gpio.o
LOAD ./Drivers/STM32F4xx_HAL_Driver/Src/stm32f4xx_hal_pwr.o
LOAD ./Drivers/STM32F4xx_HAL_Driver/Src/stm32f4xx_hal_pwr_ex.o
LOAD ./Drivers/STM32F4xx_HAL_Driver/Src/stm32f4xx_hal_rcc.o
LOAD ./Drivers/STM32F4xx_HAL_Driver/Src/stm32f4xx_hal_rcc_ex.o
LOAD ./Drivers/STM32F4xx_HAL_Driver/Src/stm32f4xx_hal_spi.o
LOAD ./Drivers/STM32F4xx_HAL_Driver/Src/stm32f4xx_hal_tim.o
LOAD ./Drivers/STM32F4xx_HAL_Driver/Src/stm32f4xx_hal_tim_ex.o
LOAD ./Drivers/STM32F4xx_HAL_Driver/Src/stm32f4xx_hal_uart.o
START GROUP
LOAD C:/ST/STM32CubeIDE_1.18.1/STM32CubeIDE/plugins/com.st.stm32cube.ide.mcu.externaltools.gnu-tools-for-stm32.13.3.rel1.win32_1.0.0.202411081344/tools/bin/../lib/gcc/arm-none-eabi/13.3.1/../../../../arm-none-eabi/lib/thumb/v7e-m+fp/hard\libc_nano.a
LOAD C:/ST/STM32CubeIDE_1.18.1/STM32CubeIDE/plugins/com.st.stm32cube.ide.mcu.externaltools.gnu-tools-for-stm32.13.3.rel1.win32_1.0.0.202411081344/tools/bin/../lib/gcc/arm-none-eabi/13.3.1/../../../../arm-none-eabi/lib/thumb/v7e-m+fp/hard\libm.a
END GROUP
START GROUP
LOAD C:/ST/STM32CubeIDE_1.18.1/STM32CubeIDE/plugins/com.st.stm32cube.ide.mcu.externaltools.gnu-tools-for-stm32.13.3.rel1.win32_1.0.0.202411081344/tools/bin/../lib/gcc/arm-none-eabi/13.3.1/thumb/v7e-m+fp/hard\libgcc.a
LOAD C:/ST/STM32CubeIDE_1.18.1/STM32CubeIDE/plugins/com.st.stm32cube.ide.mcu.externaltools.gnu-tools-for-stm32.13.3.rel1.win32_1.0.0.202411081344/tools/bin/../lib/gcc/arm-none-eabi/13.3.1/../../../../arm-none-eabi/lib/thumb/v7e-m+fp/hard\libc_nano.a
END GROUP
START GROUP
LOAD C:/ST/STM32CubeIDE_1.18.1/STM32CubeIDE/plugins/com.st.stm32cube.ide.mcu.externaltools.gnu-tools-for-stm32.13.3.rel1.win32_1.0.0.202411081344/tools/bin/../lib/gcc/arm-none-eabi/13.3.1/thumb/v7e-m+fp/hard\libgcc.a
LOAD C:/ST/STM32CubeIDE_1.18.1/STM32CubeIDE/plugins/com.st.stm32cube.ide.mcu.externaltools.gnu-tools-for-stm32.13.3.rel1.win32_1.0.0.202411081344/tools/bin/../lib/gcc/arm-none-eabi/13.3.1/../../../../arm-none-eabi/lib/thumb/v7e-m+fp/hard\libc_nano.a
LOAD C:/ST/STM32CubeIDE_1.18.1/STM32CubeIDE/plugins/com.st.stm32cube.ide.mcu.externaltools.gnu-tools-for-stm32.13.3.rel1.win32_1.0.0.202411081344/tools/bin/../lib/gcc/arm-none-eabi/13.3.1/../../../../arm-none-eabi/lib/thumb/v7e-m+fp/hard\libnosys.a
END GROUP
START GROUP
LOAD C:/ST/STM32CubeIDE_1.18.1/STM32CubeIDE/plugins/com.st.stm32cube.ide.mcu.externaltools.gnu-tools-for-stm32.13.3.rel1.win32_1.0.0.202411081344/tools/bin/../lib/gcc/arm-none-eabi/13.3.1/thumb/v7e-m+fp/hard\libgcc.a
LOAD C:/ST/STM32CubeIDE_1.18.1/STM32CubeIDE/plugins/com.st.stm32cube.ide.mcu.externaltools.gnu-tools-for-stm32.13.3.rel1.win32_1.0.0.202411081344/tools/bin/../lib/gcc/arm-none-eabi/13.3.1/../../../../arm-none-eabi/lib/thumb/v7e-m+fp/hard\libc_nano.a
LOAD C:/ST/STM32CubeIDE_1.18.1/STM32CubeIDE/plugins/com.st.stm32cube.ide.mcu.externaltools.gnu-tools-for-stm32.13.3.rel1.win32_1.0.0.202411081344/tools/bin/../lib/gcc/arm-none-eabi/13.3.1/../../../../arm-none-eabi/lib/thumb/v7e-m+fp/hard\libnosys.a
END GROUP
LOAD C:/ST/STM32CubeIDE_1.18.1/STM32CubeIDE/plugins/com.st.stm32cube.ide.mcu.externaltools.gnu-tools-for-stm32.13.3.rel1.win32_1.0.0.202411081344/tools/bin/../lib/gcc/arm-none-eabi/13.3.1/thumb/v7e-m+fp/hard/crtend.o
LOAD C:/ST/STM32CubeIDE_1.18.1/STM32CubeIDE/plugins/com.st.stm32cube.ide.mcu.externaltools.gnu-tools-for-stm32.13.3.rel1.win32_1.0.0.202411081344/tools/bin/../lib/gcc/arm-none-eabi/13.3.1/thumb/v7e-m+fp/hard/crtn.o
                0x20020000                        _estack = (ORIGIN (RAM) + LENGTH (RAM))
                0x00000200                        _Min_Heap_Size = 0x200
                0x00000400                        _Min_Stack_Size = 0x400

.isr_vector     0x08000000      0x188
                0x08000000                        . = ALIGN (0x4)
 *(.isr_vector)
 .isr_vector    0x08000000      0x188 ./Core/Startup/startup_stm32f405rgtx.o
                0x08000000                g_pfnVectors
                0x08000188                        . = ALIGN (0x4)

.text           0x08000188     0x374c
                0x08000188                        . = ALIGN (0x4)
 *(.text)
 .text          0x08000188       0x40 C:/ST/STM32CubeIDE_1.18.1/STM32CubeIDE/plugins/com.st.stm32cube.ide.mcu.externaltools.gnu-tools-for-stm32.13.3.rel1.win32_1.0.0.202411081344/tools/bin/../lib/gcc/arm-none-eabi/13.3.1/thumb/v7e-m+fp/hard/crtbegin.o
 .text          0x080001c8       0x30 C:/ST/STM32CubeIDE_1.18.1/STM32CubeIDE/plugins/com.st.stm32cube.ide.mcu.externaltools.gnu-tools-for-stm32.13.3.rel1.win32_1.0.0.202411081344/tools/bin/../lib/gcc/arm-none-eabi/13.3.1/thumb/v7e-m+fp/hard\libgcc.a(_aeabi_uldivmod.o)
                0x080001c8                __aeabi_uldivmod
 .text          0x080001f8      0x2f8 C:/ST/STM32CubeIDE_1.18.1/STM32CubeIDE/plugins/com.st.stm32cube.ide.mcu.externaltools.gnu-tools-for-stm32.13.3.rel1.win32_1.0.0.202411081344/tools/bin/../lib/gcc/arm-none-eabi/13.3.1/thumb/v7e-m+fp/hard\libgcc.a(_udivmoddi4.o)
                0x080001f8                __udivmoddi4
 .text          0x080004f0        0x4 C:/ST/STM32CubeIDE_1.18.1/STM32CubeIDE/plugins/com.st.stm32cube.ide.mcu.externaltools.gnu-tools-for-stm32.13.3.rel1.win32_1.0.0.202411081344/tools/bin/../lib/gcc/arm-none-eabi/13.3.1/thumb/v7e-m+fp/hard\libgcc.a(_dvmd_tls.o)
                0x080004f0                __aeabi_idiv0
                0x080004f0                __aeabi_ldiv0
 *(.text*)
 .text.MX_GPIO_Init
                0x080004f4      0x138 ./Core/Src/gpio.o
                0x080004f4                MX_GPIO_Init
 .text.main     0x0800062c       0x64 ./Core/Src/main.o
                0x0800062c                main
 .text.SystemClock_Config
                0x08000690       0xd4 ./Core/Src/main.o
                0x08000690                SystemClock_Config
 .text.HAL_UART_RxCpltCallback
                0x08000764       0x3c ./Core/Src/main.o
                0x08000764                HAL_UART_RxCpltCallback
 .text.Error_Handler
                0x080007a0        0xc ./Core/Src/main.o
                0x080007a0                Error_Handler
 .text.MX_SPI2_Init
                0x080007ac       0x6c ./Core/Src/spi.o
                0x080007ac                MX_SPI2_Init
 .text.HAL_SPI_MspInit
                0x08000818       0x90 ./Core/Src/spi.o
                0x08000818                HAL_SPI_MspInit
 .text.HAL_MspInit
                0x080008a8       0x50 ./Core/Src/stm32f4xx_hal_msp.o
                0x080008a8                HAL_MspInit
 .text.NMI_Handler
                0x080008f8        0x8 ./Core/Src/stm32f4xx_it.o
                0x080008f8                NMI_Handler
 .text.HardFault_Handler
                0x08000900        0x8 ./Core/Src/stm32f4xx_it.o
                0x08000900                HardFault_Handler
 .text.MemManage_Handler
                0x08000908        0x8 ./Core/Src/stm32f4xx_it.o
                0x08000908                MemManage_Handler
 .text.BusFault_Handler
                0x08000910        0x8 ./Core/Src/stm32f4xx_it.o
                0x08000910                BusFault_Handler
 .text.UsageFault_Handler
                0x08000918        0x8 ./Core/Src/stm32f4xx_it.o
                0x08000918                UsageFault_Handler
 .text.SVC_Handler
                0x08000920        0xe ./Core/Src/stm32f4xx_it.o
                0x08000920                SVC_Handler
 .text.DebugMon_Handler
                0x0800092e        0xe ./Core/Src/stm32f4xx_it.o
                0x0800092e                DebugMon_Handler
 .text.PendSV_Handler
                0x0800093c        0xe ./Core/Src/stm32f4xx_it.o
                0x0800093c                PendSV_Handler
 .text.SysTick_Handler
                0x0800094a        0xc ./Core/Src/stm32f4xx_it.o
                0x0800094a                SysTick_Handler
 *fill*         0x08000956        0x2 
 .text.USART6_IRQHandler
                0x08000958       0x14 ./Core/Src/stm32f4xx_it.o
                0x08000958                USART6_IRQHandler
 .text.SystemInit
                0x0800096c       0x24 ./Core/Src/system_stm32f4xx.o
                0x0800096c                SystemInit
 .text.MX_TIM3_Init
                0x08000990       0xb4 ./Core/Src/tim.o
                0x08000990                MX_TIM3_Init
 .text.HAL_TIM_PWM_MspInit
                0x08000a44       0x44 ./Core/Src/tim.o
                0x08000a44                HAL_TIM_PWM_MspInit
 .text.HAL_TIM_MspPostInit
                0x08000a88       0x74 ./Core/Src/tim.o
                0x08000a88                HAL_TIM_MspPostInit
 .text.MX_USART6_UART_Init
                0x08000afc       0x54 ./Core/Src/usart.o
                0x08000afc                MX_USART6_UART_Init
 .text.HAL_UART_MspInit
                0x08000b50       0xa0 ./Core/Src/usart.o
                0x08000b50                HAL_UART_MspInit
 .text.Reset_Handler
                0x08000bf0       0x50 ./Core/Startup/startup_stm32f405rgtx.o
                0x08000bf0                Reset_Handler
 .text.Default_Handler
                0x08000c40        0x2 ./Core/Startup/startup_stm32f405rgtx.o
                0x08000c40                RTC_Alarm_IRQHandler
                0x08000c40                HASH_RNG_IRQHandler
                0x08000c40                EXTI2_IRQHandler
                0x08000c40                TIM8_CC_IRQHandler
                0x08000c40                TIM1_CC_IRQHandler
                0x08000c40                DMA2_Stream5_IRQHandler
                0x08000c40                DMA1_Stream5_IRQHandler
                0x08000c40                PVD_IRQHandler
                0x08000c40                SDIO_IRQHandler
                0x08000c40                TAMP_STAMP_IRQHandler
                0x08000c40                CAN2_RX1_IRQHandler
                0x08000c40                EXTI3_IRQHandler
                0x08000c40                TIM8_TRG_COM_TIM14_IRQHandler
                0x08000c40                TIM1_UP_TIM10_IRQHandler
                0x08000c40                TIM8_UP_TIM13_IRQHandler
                0x08000c40                I2C3_ER_IRQHandler
                0x08000c40                EXTI0_IRQHandler
                0x08000c40                I2C2_EV_IRQHandler
                0x08000c40                DMA1_Stream2_IRQHandler
                0x08000c40                CAN1_RX0_IRQHandler
                0x08000c40                FPU_IRQHandler
                0x08000c40                OTG_HS_WKUP_IRQHandler
                0x08000c40                CAN2_SCE_IRQHandler
                0x08000c40                DMA2_Stream2_IRQHandler
                0x08000c40                SPI1_IRQHandler
                0x08000c40                TIM6_DAC_IRQHandler
                0x08000c40                TIM1_BRK_TIM9_IRQHandler
                0x08000c40                CAN2_RX0_IRQHandler
                0x08000c40                DMA2_Stream3_IRQHandler
                0x08000c40                USART3_IRQHandler
                0x08000c40                CAN1_RX1_IRQHandler
                0x08000c40                UART5_IRQHandler
                0x08000c40                DMA2_Stream0_IRQHandler
                0x08000c40                TIM4_IRQHandler
                0x08000c40                I2C1_EV_IRQHandler
                0x08000c40                DMA1_Stream6_IRQHandler
                0x08000c40                DMA1_Stream1_IRQHandler
                0x08000c40                UART4_IRQHandler
                0x08000c40                TIM3_IRQHandler
                0x08000c40                RCC_IRQHandler
                0x08000c40                TIM8_BRK_TIM12_IRQHandler
                0x08000c40                Default_Handler
                0x08000c40                EXTI15_10_IRQHandler
                0x08000c40                ADC_IRQHandler
                0x08000c40                DMA1_Stream7_IRQHandler
                0x08000c40                TIM7_IRQHandler
                0x08000c40                CAN2_TX_IRQHandler
                0x08000c40                TIM5_IRQHandler
                0x08000c40                DMA2_Stream7_IRQHandler
                0x08000c40                I2C3_EV_IRQHandler
                0x08000c40                EXTI9_5_IRQHandler
                0x08000c40                RTC_WKUP_IRQHandler
                0x08000c40                SPI2_IRQHandler
                0x08000c40                OTG_HS_EP1_IN_IRQHandler
                0x08000c40                DMA1_Stream0_IRQHandler
                0x08000c40                CAN1_TX_IRQHandler
                0x08000c40                EXTI4_IRQHandler
                0x08000c40                FSMC_IRQHandler
                0x08000c40                OTG_HS_EP1_OUT_IRQHandler
                0x08000c40                WWDG_IRQHandler
                0x08000c40                TIM2_IRQHandler
                0x08000c40                OTG_FS_WKUP_IRQHandler
                0x08000c40                TIM1_TRG_COM_TIM11_IRQHandler
                0x08000c40                OTG_HS_IRQHandler
                0x08000c40                EXTI1_IRQHandler
                0x08000c40                USART2_IRQHandler
                0x08000c40                I2C2_ER_IRQHandler
                0x08000c40                DMA2_Stream1_IRQHandler
                0x08000c40                CAN1_SCE_IRQHandler
                0x08000c40                FLASH_IRQHandler
                0x08000c40                DMA2_Stream4_IRQHandler
                0x08000c40                USART1_IRQHandler
                0x08000c40                OTG_FS_IRQHandler
                0x08000c40                SPI3_IRQHandler
                0x08000c40                DMA1_Stream4_IRQHandler
                0x08000c40                I2C1_ER_IRQHandler
                0x08000c40                DMA2_Stream6_IRQHandler
                0x08000c40                DMA1_Stream3_IRQHandler
 *fill*         0x08000c42        0x2 
 .text.HAL_Init
                0x08000c44       0x44 ./Drivers/STM32F4xx_HAL_Driver/Src/stm32f4xx_hal.o
                0x08000c44                HAL_Init
 .text.HAL_InitTick
                0x08000c88       0x60 ./Drivers/STM32F4xx_HAL_Driver/Src/stm32f4xx_hal.o
                0x08000c88                HAL_InitTick
 .text.HAL_IncTick
                0x08000ce8       0x28 ./Drivers/STM32F4xx_HAL_Driver/Src/stm32f4xx_hal.o
                0x08000ce8                HAL_IncTick
 .text.HAL_GetTick
                0x08000d10       0x18 ./Drivers/STM32F4xx_HAL_Driver/Src/stm32f4xx_hal.o
                0x08000d10                HAL_GetTick
 .text.HAL_Delay
                0x08000d28       0x48 ./Drivers/STM32F4xx_HAL_Driver/Src/stm32f4xx_hal.o
                0x08000d28                HAL_Delay
 .text.__NVIC_SetPriorityGrouping
                0x08000d70       0x48 ./Drivers/STM32F4xx_HAL_Driver/Src/stm32f4xx_hal_cortex.o
 .text.__NVIC_GetPriorityGrouping
                0x08000db8       0x1c ./Drivers/STM32F4xx_HAL_Driver/Src/stm32f4xx_hal_cortex.o
 .text.__NVIC_EnableIRQ
                0x08000dd4       0x3c ./Drivers/STM32F4xx_HAL_Driver/Src/stm32f4xx_hal_cortex.o
 .text.__NVIC_SetPriority
                0x08000e10       0x54 ./Drivers/STM32F4xx_HAL_Driver/Src/stm32f4xx_hal_cortex.o
 .text.NVIC_EncodePriority
                0x08000e64       0x66 ./Drivers/STM32F4xx_HAL_Driver/Src/stm32f4xx_hal_cortex.o
 *fill*         0x08000eca        0x2 
 .text.SysTick_Config
                0x08000ecc       0x44 ./Drivers/STM32F4xx_HAL_Driver/Src/stm32f4xx_hal_cortex.o
 .text.HAL_NVIC_SetPriorityGrouping
                0x08000f10       0x16 ./Drivers/STM32F4xx_HAL_Driver/Src/stm32f4xx_hal_cortex.o
                0x08000f10                HAL_NVIC_SetPriorityGrouping
 .text.HAL_NVIC_SetPriority
                0x08000f26       0x38 ./Drivers/STM32F4xx_HAL_Driver/Src/stm32f4xx_hal_cortex.o
                0x08000f26                HAL_NVIC_SetPriority
 .text.HAL_NVIC_EnableIRQ
                0x08000f5e       0x1c ./Drivers/STM32F4xx_HAL_Driver/Src/stm32f4xx_hal_cortex.o
                0x08000f5e                HAL_NVIC_EnableIRQ
 .text.HAL_SYSTICK_Config
                0x08000f7a       0x18 ./Drivers/STM32F4xx_HAL_Driver/Src/stm32f4xx_hal_cortex.o
                0x08000f7a                HAL_SYSTICK_Config
 .text.HAL_DMA_Abort
                0x08000f92       0xe0 ./Drivers/STM32F4xx_HAL_Driver/Src/stm32f4xx_hal_dma.o
                0x08000f92                HAL_DMA_Abort
 .text.HAL_DMA_Abort_IT
                0x08001072       0x44 ./Drivers/STM32F4xx_HAL_Driver/Src/stm32f4xx_hal_dma.o
                0x08001072                HAL_DMA_Abort_IT
 *fill*         0x080010b6        0x2 
 .text.HAL_GPIO_Init
                0x080010b8      0x338 ./Drivers/STM32F4xx_HAL_Driver/Src/stm32f4xx_hal_gpio.o
                0x080010b8                HAL_GPIO_Init
 .text.HAL_GPIO_WritePin
                0x080013f0       0x32 ./Drivers/STM32F4xx_HAL_Driver/Src/stm32f4xx_hal_gpio.o
                0x080013f0                HAL_GPIO_WritePin
 *fill*         0x08001422        0x2 
 .text.HAL_RCC_OscConfig
                0x08001424      0x4f0 ./Drivers/STM32F4xx_HAL_Driver/Src/stm32f4xx_hal_rcc.o
                0x08001424                HAL_RCC_OscConfig
 .text.HAL_RCC_ClockConfig
                0x08001914      0x1cc ./Drivers/STM32F4xx_HAL_Driver/Src/stm32f4xx_hal_rcc.o
                0x08001914                HAL_RCC_ClockConfig
 .text.HAL_RCC_GetSysClockFreq
                0x08001ae0      0x20c ./Drivers/STM32F4xx_HAL_Driver/Src/stm32f4xx_hal_rcc.o
                0x08001ae0                HAL_RCC_GetSysClockFreq
 .text.HAL_RCC_GetHCLKFreq
                0x08001cec       0x18 ./Drivers/STM32F4xx_HAL_Driver/Src/stm32f4xx_hal_rcc.o
                0x08001cec                HAL_RCC_GetHCLKFreq
 .text.HAL_RCC_GetPCLK1Freq
                0x08001d04       0x28 ./Drivers/STM32F4xx_HAL_Driver/Src/stm32f4xx_hal_rcc.o
                0x08001d04                HAL_RCC_GetPCLK1Freq
 .text.HAL_RCC_GetPCLK2Freq
                0x08001d2c       0x28 ./Drivers/STM32F4xx_HAL_Driver/Src/stm32f4xx_hal_rcc.o
                0x08001d2c                HAL_RCC_GetPCLK2Freq
 .text.HAL_SPI_Init
                0x08001d54      0x112 ./Drivers/STM32F4xx_HAL_Driver/Src/stm32f4xx_hal_spi.o
                0x08001d54                HAL_SPI_Init
 .text.HAL_TIM_PWM_Init
                0x08001e66       0x9e ./Drivers/STM32F4xx_HAL_Driver/Src/stm32f4xx_hal_tim.o
                0x08001e66                HAL_TIM_PWM_Init
 .text.HAL_TIM_PWM_Start
                0x08001f04      0x190 ./Drivers/STM32F4xx_HAL_Driver/Src/stm32f4xx_hal_tim.o
                0x08001f04                HAL_TIM_PWM_Start
 .text.HAL_TIM_PWM_Stop
                0x08002094       0xe0 ./Drivers/STM32F4xx_HAL_Driver/Src/stm32f4xx_hal_tim.o
                0x08002094                HAL_TIM_PWM_Stop
 .text.HAL_TIM_PWM_ConfigChannel
                0x08002174      0x184 ./Drivers/STM32F4xx_HAL_Driver/Src/stm32f4xx_hal_tim.o
                0x08002174                HAL_TIM_PWM_ConfigChannel
 .text.TIM_Base_SetConfig
                0x080022f8      0x14c ./Drivers/STM32F4xx_HAL_Driver/Src/stm32f4xx_hal_tim.o
                0x080022f8                TIM_Base_SetConfig
 .text.TIM_OC1_SetConfig
                0x08002444       0xe0 ./Drivers/STM32F4xx_HAL_Driver/Src/stm32f4xx_hal_tim.o
 .text.TIM_OC2_SetConfig
                0x08002524       0xec ./Drivers/STM32F4xx_HAL_Driver/Src/stm32f4xx_hal_tim.o
                0x08002524                TIM_OC2_SetConfig
 .text.TIM_OC3_SetConfig
                0x08002610       0xe8 ./Drivers/STM32F4xx_HAL_Driver/Src/stm32f4xx_hal_tim.o
 .text.TIM_OC4_SetConfig
                0x080026f8       0xac ./Drivers/STM32F4xx_HAL_Driver/Src/stm32f4xx_hal_tim.o
 .text.TIM_CCxChannelCmd
                0x080027a4       0x4a ./Drivers/STM32F4xx_HAL_Driver/Src/stm32f4xx_hal_tim.o
                0x080027a4                TIM_CCxChannelCmd
 *fill*         0x080027ee        0x2 
 .text.HAL_TIMEx_MasterConfigSynchronization
                0x080027f0       0xf8 ./Drivers/STM32F4xx_HAL_Driver/Src/stm32f4xx_hal_tim_ex.o
                0x080027f0                HAL_TIMEx_MasterConfigSynchronization
 .text.HAL_UART_Init
                0x080028e8       0xa0 ./Drivers/STM32F4xx_HAL_Driver/Src/stm32f4xx_hal_uart.o
                0x080028e8                HAL_UART_Init
 .text.HAL_UART_Transmit_IT
                0x08002988       0x6c ./Drivers/STM32F4xx_HAL_Driver/Src/stm32f4xx_hal_uart.o
                0x08002988                HAL_UART_Transmit_IT
 .text.HAL_UART_Receive_IT
                0x080029f4       0x4a ./Drivers/STM32F4xx_HAL_Driver/Src/stm32f4xx_hal_uart.o
                0x080029f4                HAL_UART_Receive_IT
 *fill*         0x08002a3e        0x2 
 .text.HAL_UART_IRQHandler
                0x08002a40      0x554 ./Drivers/STM32F4xx_HAL_Driver/Src/stm32f4xx_hal_uart.o
                0x08002a40                HAL_UART_IRQHandler
 .text.HAL_UART_TxCpltCallback
                0x08002f94       0x14 ./Drivers/STM32F4xx_HAL_Driver/Src/stm32f4xx_hal_uart.o
                0x08002f94                HAL_UART_TxCpltCallback
 .text.HAL_UART_ErrorCallback
                0x08002fa8       0x14 ./Drivers/STM32F4xx_HAL_Driver/Src/stm32f4xx_hal_uart.o
                0x08002fa8                HAL_UART_ErrorCallback
 .text.HAL_UARTEx_RxEventCallback
                0x08002fbc       0x18 ./Drivers/STM32F4xx_HAL_Driver/Src/stm32f4xx_hal_uart.o
                0x08002fbc                HAL_UARTEx_RxEventCallback
 .text.UART_Start_Receive_IT
                0x08002fd4       0x74 ./Drivers/STM32F4xx_HAL_Driver/Src/stm32f4xx_hal_uart.o
                0x08002fd4                UART_Start_Receive_IT
 .text.UART_EndRxTransfer
                0x08003048       0xc6 ./Drivers/STM32F4xx_HAL_Driver/Src/stm32f4xx_hal_uart.o
 .text.UART_DMAAbortOnError
                0x0800310e       0x22 ./Drivers/STM32F4xx_HAL_Driver/Src/stm32f4xx_hal_uart.o
 .text.UART_Transmit_IT
                0x08003130       0xa0 ./Drivers/STM32F4xx_HAL_Driver/Src/stm32f4xx_hal_uart.o
 .text.UART_EndTransmit_IT
                0x080031d0       0x30 ./Drivers/STM32F4xx_HAL_Driver/Src/stm32f4xx_hal_uart.o
 .text.UART_Receive_IT
                0x08003200      0x17c ./Drivers/STM32F4xx_HAL_Driver/Src/stm32f4xx_hal_uart.o
 .text.UART_SetConfig
                0x0800337c      0x4e8 ./Drivers/STM32F4xx_HAL_Driver/Src/stm32f4xx_hal_uart.o
 .text.memset   0x08003864       0x10 C:/ST/STM32CubeIDE_1.18.1/STM32CubeIDE/plugins/com.st.stm32cube.ide.mcu.externaltools.gnu-tools-for-stm32.13.3.rel1.win32_1.0.0.202411081344/tools/bin/../lib/gcc/arm-none-eabi/13.3.1/../../../../arm-none-eabi/lib/thumb/v7e-m+fp/hard\libc_nano.a(libc_a-memset.o)
                0x08003864                memset
 .text.__libc_init_array
                0x08003874       0x48 C:/ST/STM32CubeIDE_1.18.1/STM32CubeIDE/plugins/com.st.stm32cube.ide.mcu.externaltools.gnu-tools-for-stm32.13.3.rel1.win32_1.0.0.202411081344/tools/bin/../lib/gcc/arm-none-eabi/13.3.1/../../../../arm-none-eabi/lib/thumb/v7e-m+fp/hard\libc_nano.a(libc_a-init.o)
                0x08003874                __libc_init_array
 *(.glue_7)
 .glue_7        0x080038bc        0x0 linker stubs
 *(.glue_7t)
 .glue_7t       0x080038bc        0x0 linker stubs
 *(.eh_frame)
 .eh_frame      0x080038bc        0x0 C:/ST/STM32CubeIDE_1.18.1/STM32CubeIDE/plugins/com.st.stm32cube.ide.mcu.externaltools.gnu-tools-for-stm32.13.3.rel1.win32_1.0.0.202411081344/tools/bin/../lib/gcc/arm-none-eabi/13.3.1/thumb/v7e-m+fp/hard/crtbegin.o
 *(.init)
 .init          0x080038bc        0x4 C:/ST/STM32CubeIDE_1.18.1/STM32CubeIDE/plugins/com.st.stm32cube.ide.mcu.externaltools.gnu-tools-for-stm32.13.3.rel1.win32_1.0.0.202411081344/tools/bin/../lib/gcc/arm-none-eabi/13.3.1/thumb/v7e-m+fp/hard/crti.o
                0x080038bc                _init
 .init          0x080038c0        0x8 C:/ST/STM32CubeIDE_1.18.1/STM32CubeIDE/plugins/com.st.stm32cube.ide.mcu.externaltools.gnu-tools-for-stm32.13.3.rel1.win32_1.0.0.202411081344/tools/bin/../lib/gcc/arm-none-eabi/13.3.1/thumb/v7e-m+fp/hard/crtn.o
 *(.fini)
 .fini          0x080038c8        0x4 C:/ST/STM32CubeIDE_1.18.1/STM32CubeIDE/plugins/com.st.stm32cube.ide.mcu.externaltools.gnu-tools-for-stm32.13.3.rel1.win32_1.0.0.202411081344/tools/bin/../lib/gcc/arm-none-eabi/13.3.1/thumb/v7e-m+fp/hard/crti.o
                0x080038c8                _fini
 .fini          0x080038cc        0x8 C:/ST/STM32CubeIDE_1.18.1/STM32CubeIDE/plugins/com.st.stm32cube.ide.mcu.externaltools.gnu-tools-for-stm32.13.3.rel1.win32_1.0.0.202411081344/tools/bin/../lib/gcc/arm-none-eabi/13.3.1/thumb/v7e-m+fp/hard/crtn.o
                0x080038d4                        . = ALIGN (0x4)
                0x080038d4                        _etext = .

.vfp11_veneer   0x080038d4        0x0
 .vfp11_veneer  0x080038d4        0x0 linker stubs

.v4_bx          0x080038d4        0x0
 .v4_bx         0x080038d4        0x0 linker stubs

.iplt           0x080038d4        0x0
 .iplt          0x080038d4        0x0 C:/ST/STM32CubeIDE_1.18.1/STM32CubeIDE/plugins/com.st.stm32cube.ide.mcu.externaltools.gnu-tools-for-stm32.13.3.rel1.win32_1.0.0.202411081344/tools/bin/../lib/gcc/arm-none-eabi/13.3.1/thumb/v7e-m+fp/hard/crtbegin.o

.rodata         0x080038d4       0x18
                0x080038d4                        . = ALIGN (0x4)
 *(.rodata)
 *(.rodata*)
 .rodata.AHBPrescTable
                0x080038d4       0x10 ./Core/Src/system_stm32f4xx.o
                0x080038d4                AHBPrescTable
 .rodata.APBPrescTable
                0x080038e4        0x8 ./Core/Src/system_stm32f4xx.o
                0x080038e4                APBPrescTable
                0x080038ec                        . = ALIGN (0x4)

.ARM.extab      0x080038ec        0x0
                0x080038ec                        . = ALIGN (0x4)
 *(.ARM.extab* .gnu.linkonce.armextab.*)
                0x080038ec                        . = ALIGN (0x4)

.ARM            0x080038ec        0x8
                0x080038ec                        . = ALIGN (0x4)
                0x080038ec                        __exidx_start = .
 *(.ARM.exidx*)
 .ARM.exidx     0x080038ec        0x8 C:/ST/STM32CubeIDE_1.18.1/STM32CubeIDE/plugins/com.st.stm32cube.ide.mcu.externaltools.gnu-tools-for-stm32.13.3.rel1.win32_1.0.0.202411081344/tools/bin/../lib/gcc/arm-none-eabi/13.3.1/thumb/v7e-m+fp/hard\libgcc.a(_udivmoddi4.o)
                0x080038f4                        __exidx_end = .
                0x080038f4                        . = ALIGN (0x4)

.preinit_array  0x080038f4        0x0
                0x080038f4                        . = ALIGN (0x4)
                0x080038f4                        PROVIDE (__preinit_array_start = .)
 *(.preinit_array*)
                0x080038f4                        PROVIDE (__preinit_array_end = .)
                0x080038f4                        . = ALIGN (0x4)

.init_array     0x080038f4        0x4
                0x080038f4                        . = ALIGN (0x4)
                0x080038f4                        PROVIDE (__init_array_start = .)
 *(SORT_BY_NAME(.init_array.*))
 *(.init_array*)
 .init_array    0x080038f4        0x4 C:/ST/STM32CubeIDE_1.18.1/STM32CubeIDE/plugins/com.st.stm32cube.ide.mcu.externaltools.gnu-tools-for-stm32.13.3.rel1.win32_1.0.0.202411081344/tools/bin/../lib/gcc/arm-none-eabi/13.3.1/thumb/v7e-m+fp/hard/crtbegin.o
                0x080038f8                        PROVIDE (__init_array_end = .)
                0x080038f8                        . = ALIGN (0x4)

.fini_array     0x080038f8        0x4
                0x080038f8                        . = ALIGN (0x4)
                [!provide]                        PROVIDE (__fini_array_start = .)
 *(SORT_BY_NAME(.fini_array.*))
 *(.fini_array*)
 .fini_array    0x080038f8        0x4 C:/ST/STM32CubeIDE_1.18.1/STM32CubeIDE/plugins/com.st.stm32cube.ide.mcu.externaltools.gnu-tools-for-stm32.13.3.rel1.win32_1.0.0.202411081344/tools/bin/../lib/gcc/arm-none-eabi/13.3.1/thumb/v7e-m+fp/hard/crtbegin.o
                [!provide]                        PROVIDE (__fini_array_end = .)
                0x080038fc                        . = ALIGN (0x4)
                0x080038fc                        _sidata = LOADADDR (.data)

.rel.dyn        0x080038fc        0x0
 .rel.iplt      0x080038fc        0x0 C:/ST/STM32CubeIDE_1.18.1/STM32CubeIDE/plugins/com.st.stm32cube.ide.mcu.externaltools.gnu-tools-for-stm32.13.3.rel1.win32_1.0.0.202411081344/tools/bin/../lib/gcc/arm-none-eabi/13.3.1/thumb/v7e-m+fp/hard/crtbegin.o

.data           0x20000000        0xc load address 0x080038fc
                0x20000000                        . = ALIGN (0x4)
                0x20000000                        _sdata = .
 *(.data)
 *(.data*)
 .data.SystemCoreClock
                0x20000000        0x4 ./Core/Src/system_stm32f4xx.o
                0x20000000                SystemCoreClock
 .data.uwTickPrio
                0x20000004        0x4 ./Drivers/STM32F4xx_HAL_Driver/Src/stm32f4xx_hal.o
                0x20000004                uwTickPrio
 .data.uwTickFreq
                0x20000008        0x1 ./Drivers/STM32F4xx_HAL_Driver/Src/stm32f4xx_hal.o
                0x20000008                uwTickFreq
 *(.RamFunc)
 *(.RamFunc*)
                0x2000000c                        . = ALIGN (0x4)
 *fill*         0x20000009        0x3 
                0x2000000c                        _edata = .
                0x08003908                        _siccmram = LOADADDR (.ccmram)

.igot.plt       0x2000000c        0x0 load address 0x08003908
 .igot.plt      0x2000000c        0x0 C:/ST/STM32CubeIDE_1.18.1/STM32CubeIDE/plugins/com.st.stm32cube.ide.mcu.externaltools.gnu-tools-for-stm32.13.3.rel1.win32_1.0.0.202411081344/tools/bin/../lib/gcc/arm-none-eabi/13.3.1/thumb/v7e-m+fp/hard/crtbegin.o

.ccmram         0x10000000        0x0 load address 0x08003908
                0x10000000                        . = ALIGN (0x4)
                0x10000000                        _sccmram = .
 *(.ccmram)
 *(.ccmram*)
                0x10000000                        . = ALIGN (0x4)
                0x10000000                        _eccmram = .
                0x10000000                        . = ALIGN (0x4)

.bss            0x2000000c      0x10c
                0x2000000c                        _sbss = .
                0x2000000c                        __bss_start__ = _sbss
 *(.bss)
 .bss           0x2000000c       0x1c C:/ST/STM32CubeIDE_1.18.1/STM32CubeIDE/plugins/com.st.stm32cube.ide.mcu.externaltools.gnu-tools-for-stm32.13.3.rel1.win32_1.0.0.202411081344/tools/bin/../lib/gcc/arm-none-eabi/13.3.1/thumb/v7e-m+fp/hard/crtbegin.o
 *(.bss*)
 .bss.RxBuffer  0x20000028        0x1 ./Core/Src/main.o
                0x20000028                RxBuffer
 *fill*         0x20000029        0x3 
 .bss.hspi2     0x2000002c       0x58 ./Core/Src/spi.o
                0x2000002c                hspi2
 .bss.htim3     0x20000084       0x48 ./Core/Src/tim.o
                0x20000084                htim3
 .bss.huart6    0x200000cc       0x48 ./Core/Src/usart.o
                0x200000cc                huart6
 .bss.uwTick    0x20000114        0x4 ./Drivers/STM32F4xx_HAL_Driver/Src/stm32f4xx_hal.o
                0x20000114                uwTick
 *(COMMON)
                0x20000118                        . = ALIGN (0x4)
                0x20000118                        _ebss = .
                0x20000118                        __bss_end__ = _ebss

._user_heap_stack
                0x20000118      0x600
                0x20000118                        . = ALIGN (0x8)
                [!provide]                        PROVIDE (end = .)
                0x20000118                        PROVIDE (_end = .)
                0x20000318                        . = (. + _Min_Heap_Size)
 *fill*         0x20000118      0x200 
                0x20000718                        . = (. + _Min_Stack_Size)
 *fill*         0x20000318      0x400 
                0x20000718                        . = ALIGN (0x8)

/DISCARD/
 libc.a(*)
 libm.a(*)
 libgcc.a(*)

.ARM.attributes
                0x00000000       0x30
 *(.ARM.attributes)
 .ARM.attributes
                0x00000000       0x22 C:/ST/STM32CubeIDE_1.18.1/STM32CubeIDE/plugins/com.st.stm32cube.ide.mcu.externaltools.gnu-tools-for-stm32.13.3.rel1.win32_1.0.0.202411081344/tools/bin/../lib/gcc/arm-none-eabi/13.3.1/thumb/v7e-m+fp/hard/crti.o
 .ARM.attributes
                0x00000022       0x34 C:/ST/STM32CubeIDE_1.18.1/STM32CubeIDE/plugins/com.st.stm32cube.ide.mcu.externaltools.gnu-tools-for-stm32.13.3.rel1.win32_1.0.0.202411081344/tools/bin/../lib/gcc/arm-none-eabi/13.3.1/thumb/v7e-m+fp/hard/crtbegin.o
 .ARM.attributes
                0x00000056       0x34 ./Core/Src/gpio.o
 .ARM.attributes
                0x0000008a       0x34 ./Core/Src/main.o
 .ARM.attributes
                0x000000be       0x34 ./Core/Src/spi.o
 .ARM.attributes
                0x000000f2       0x34 ./Core/Src/stm32f4xx_hal_msp.o
 .ARM.attributes
                0x00000126       0x34 ./Core/Src/stm32f4xx_it.o
 .ARM.attributes
                0x0000015a       0x34 ./Core/Src/system_stm32f4xx.o
 .ARM.attributes
                0x0000018e       0x34 ./Core/Src/tim.o
 .ARM.attributes
                0x000001c2       0x34 ./Core/Src/usart.o
 .ARM.attributes
                0x000001f6       0x21 ./Core/Startup/startup_stm32f405rgtx.o
 .ARM.attributes
                0x00000217       0x34 ./Drivers/STM32F4xx_HAL_Driver/Src/stm32f4xx_hal.o
 .ARM.attributes
                0x0000024b       0x34 ./Drivers/STM32F4xx_HAL_Driver/Src/stm32f4xx_hal_cortex.o
 .ARM.attributes
                0x0000027f       0x34 ./Drivers/STM32F4xx_HAL_Driver/Src/stm32f4xx_hal_dma.o
 .ARM.attributes
                0x000002b3       0x34 ./Drivers/STM32F4xx_HAL_Driver/Src/stm32f4xx_hal_gpio.o
 .ARM.attributes
                0x000002e7       0x34 ./Drivers/STM32F4xx_HAL_Driver/Src/stm32f4xx_hal_rcc.o
 .ARM.attributes
                0x0000031b       0x34 ./Drivers/STM32F4xx_HAL_Driver/Src/stm32f4xx_hal_spi.o
 .ARM.attributes
                0x0000034f       0x34 ./Drivers/STM32F4xx_HAL_Driver/Src/stm32f4xx_hal_tim.o
 .ARM.attributes
                0x00000383       0x34 ./Drivers/STM32F4xx_HAL_Driver/Src/stm32f4xx_hal_tim_ex.o
 .ARM.attributes
                0x000003b7       0x34 ./Drivers/STM32F4xx_HAL_Driver/Src/stm32f4xx_hal_uart.o
 .ARM.attributes
                0x000003eb       0x34 C:/ST/STM32CubeIDE_1.18.1/STM32CubeIDE/plugins/com.st.stm32cube.ide.mcu.externaltools.gnu-tools-for-stm32.13.3.rel1.win32_1.0.0.202411081344/tools/bin/../lib/gcc/arm-none-eabi/13.3.1/../../../../arm-none-eabi/lib/thumb/v7e-m+fp/hard\libc_nano.a(libc_a-memset.o)
 .ARM.attributes
                0x0000041f       0x34 C:/ST/STM32CubeIDE_1.18.1/STM32CubeIDE/plugins/com.st.stm32cube.ide.mcu.externaltools.gnu-tools-for-stm32.13.3.rel1.win32_1.0.0.202411081344/tools/bin/../lib/gcc/arm-none-eabi/13.3.1/../../../../arm-none-eabi/lib/thumb/v7e-m+fp/hard\libc_nano.a(libc_a-init.o)
 .ARM.attributes
                0x00000453       0x22 C:/ST/STM32CubeIDE_1.18.1/STM32CubeIDE/plugins/com.st.stm32cube.ide.mcu.externaltools.gnu-tools-for-stm32.13.3.rel1.win32_1.0.0.202411081344/tools/bin/../lib/gcc/arm-none-eabi/13.3.1/thumb/v7e-m+fp/hard\libgcc.a(_aeabi_uldivmod.o)
 .ARM.attributes
                0x00000475       0x34 C:/ST/STM32CubeIDE_1.18.1/STM32CubeIDE/plugins/com.st.stm32cube.ide.mcu.externaltools.gnu-tools-for-stm32.13.3.rel1.win32_1.0.0.202411081344/tools/bin/../lib/gcc/arm-none-eabi/13.3.1/thumb/v7e-m+fp/hard\libgcc.a(_udivmoddi4.o)
 .ARM.attributes
                0x000004a9       0x22 C:/ST/STM32CubeIDE_1.18.1/STM32CubeIDE/plugins/com.st.stm32cube.ide.mcu.externaltools.gnu-tools-for-stm32.13.3.rel1.win32_1.0.0.202411081344/tools/bin/../lib/gcc/arm-none-eabi/13.3.1/thumb/v7e-m+fp/hard\libgcc.a(_dvmd_tls.o)
 .ARM.attributes
                0x000004cb       0x22 C:/ST/STM32CubeIDE_1.18.1/STM32CubeIDE/plugins/com.st.stm32cube.ide.mcu.externaltools.gnu-tools-for-stm32.13.3.rel1.win32_1.0.0.202411081344/tools/bin/../lib/gcc/arm-none-eabi/13.3.1/thumb/v7e-m+fp/hard/crtn.o
OUTPUT(Drone_HAL.elf elf32-littlearm)
LOAD linker stubs
LOAD C:/ST/STM32CubeIDE_1.18.1/STM32CubeIDE/plugins/com.st.stm32cube.ide.mcu.externaltools.gnu-tools-for-stm32.13.3.rel1.win32_1.0.0.202411081344/tools/bin/../lib/gcc/arm-none-eabi/13.3.1/../../../../arm-none-eabi/lib/thumb/v7e-m+fp/hard\libc.a
LOAD C:/ST/STM32CubeIDE_1.18.1/STM32CubeIDE/plugins/com.st.stm32cube.ide.mcu.externaltools.gnu-tools-for-stm32.13.3.rel1.win32_1.0.0.202411081344/tools/bin/../lib/gcc/arm-none-eabi/13.3.1/../../../../arm-none-eabi/lib/thumb/v7e-m+fp/hard\libm.a
LOAD C:/ST/STM32CubeIDE_1.18.1/STM32CubeIDE/plugins/com.st.stm32cube.ide.mcu.externaltools.gnu-tools-for-stm32.13.3.rel1.win32_1.0.0.202411081344/tools/bin/../lib/gcc/arm-none-eabi/13.3.1/thumb/v7e-m+fp/hard\libgcc.a

.debug_info     0x00000000     0xf211
 .debug_info    0x00000000      0x409 ./Core/Src/gpio.o
 .debug_info    0x00000409      0xe02 ./Core/Src/main.o
 .debug_info    0x0000120b      0x94d ./Core/Src/spi.o
 .debug_info    0x00001b58      0x269 ./Core/Src/stm32f4xx_hal_msp.o
 .debug_info    0x00001dc1      0x639 ./Core/Src/stm32f4xx_it.o
 .debug_info    0x000023fa      0x512 ./Core/Src/system_stm32f4xx.o
 .debug_info    0x0000290c      0xb55 ./Core/Src/tim.o
 .debug_info    0x00003461      0xb7b ./Core/Src/usart.o
 .debug_info    0x00003fdc       0x30 ./Core/Startup/startup_stm32f405rgtx.o
 .debug_info    0x0000400c      0x932 ./Drivers/STM32F4xx_HAL_Driver/Src/stm32f4xx_hal.o
 .debug_info    0x0000493e      0xd7a ./Drivers/STM32F4xx_HAL_Driver/Src/stm32f4xx_hal_cortex.o
 .debug_info    0x000056b8      0x8e7 ./Drivers/STM32F4xx_HAL_Driver/Src/stm32f4xx_hal_dma.o
 .debug_info    0x00005f9f      0x6c3 ./Drivers/STM32F4xx_HAL_Driver/Src/stm32f4xx_hal_gpio.o
 .debug_info    0x00006662      0x8c3 ./Drivers/STM32F4xx_HAL_Driver/Src/stm32f4xx_hal_rcc.o
 .debug_info    0x00006f25     0x1525 ./Drivers/STM32F4xx_HAL_Driver/Src/stm32f4xx_hal_spi.o
 .debug_info    0x0000844a     0x299d ./Drivers/STM32F4xx_HAL_Driver/Src/stm32f4xx_hal_tim.o
 .debug_info    0x0000ade7     0x14db ./Drivers/STM32F4xx_HAL_Driver/Src/stm32f4xx_hal_tim_ex.o
 .debug_info    0x0000c2c2     0x2f4f ./Drivers/STM32F4xx_HAL_Driver/Src/stm32f4xx_hal_uart.o

.debug_abbrev   0x00000000     0x2415
 .debug_abbrev  0x00000000      0x152 ./Core/Src/gpio.o
 .debug_abbrev  0x00000152      0x26a ./Core/Src/main.o
 .debug_abbrev  0x000003bc      0x1fa ./Core/Src/spi.o
 .debug_abbrev  0x000005b6       0xd8 ./Core/Src/stm32f4xx_hal_msp.o
 .debug_abbrev  0x0000068e      0x175 ./Core/Src/stm32f4xx_it.o
 .debug_abbrev  0x00000803      0x11a ./Core/Src/system_stm32f4xx.o
 .debug_abbrev  0x0000091d      0x219 ./Core/Src/tim.o
 .debug_abbrev  0x00000b36      0x218 ./Core/Src/usart.o
 .debug_abbrev  0x00000d4e       0x24 ./Core/Startup/startup_stm32f405rgtx.o
 .debug_abbrev  0x00000d72      0x214 ./Drivers/STM32F4xx_HAL_Driver/Src/stm32f4xx_hal.o
 .debug_abbrev  0x00000f86      0x31d ./Drivers/STM32F4xx_HAL_Driver/Src/stm32f4xx_hal_cortex.o
 .debug_abbrev  0x000012a3      0x264 ./Drivers/STM32F4xx_HAL_Driver/Src/stm32f4xx_hal_dma.o
 .debug_abbrev  0x00001507      0x1d4 ./Drivers/STM32F4xx_HAL_Driver/Src/stm32f4xx_hal_gpio.o
 .debug_abbrev  0x000016db      0x2b7 ./Drivers/STM32F4xx_HAL_Driver/Src/stm32f4xx_hal_rcc.o
 .debug_abbrev  0x00001992      0x27a ./Drivers/STM32F4xx_HAL_Driver/Src/stm32f4xx_hal_spi.o
 .debug_abbrev  0x00001c0c      0x278 ./Drivers/STM32F4xx_HAL_Driver/Src/stm32f4xx_hal_tim.o
 .debug_abbrev  0x00001e84      0x283 ./Drivers/STM32F4xx_HAL_Driver/Src/stm32f4xx_hal_tim_ex.o
 .debug_abbrev  0x00002107      0x30e ./Drivers/STM32F4xx_HAL_Driver/Src/stm32f4xx_hal_uart.o

.debug_aranges  0x00000000      0xe68
 .debug_aranges
                0x00000000       0x20 ./Core/Src/gpio.o
 .debug_aranges
                0x00000020       0x38 ./Core/Src/main.o
 .debug_aranges
                0x00000058       0x30 ./Core/Src/spi.o
 .debug_aranges
                0x00000088       0x20 ./Core/Src/stm32f4xx_hal_msp.o
 .debug_aranges
                0x000000a8       0x68 ./Core/Src/stm32f4xx_it.o
 .debug_aranges
                0x00000110       0x28 ./Core/Src/system_stm32f4xx.o
 .debug_aranges
                0x00000138       0x38 ./Core/Src/tim.o
 .debug_aranges
                0x00000170       0x30 ./Core/Src/usart.o
 .debug_aranges
                0x000001a0       0x28 ./Core/Startup/startup_stm32f405rgtx.o
 .debug_aranges
                0x000001c8       0xf0 ./Drivers/STM32F4xx_HAL_Driver/Src/stm32f4xx_hal.o
 .debug_aranges
                0x000002b8      0x130 ./Drivers/STM32F4xx_HAL_Driver/Src/stm32f4xx_hal_cortex.o
 .debug_aranges
                0x000003e8       0x90 ./Drivers/STM32F4xx_HAL_Driver/Src/stm32f4xx_hal_dma.o
 .debug_aranges
                0x00000478       0x58 ./Drivers/STM32F4xx_HAL_Driver/Src/stm32f4xx_hal_gpio.o
 .debug_aranges
                0x000004d0       0x88 ./Drivers/STM32F4xx_HAL_Driver/Src/stm32f4xx_hal_rcc.o
 .debug_aranges
                0x00000558      0x1d0 ./Drivers/STM32F4xx_HAL_Driver/Src/stm32f4xx_hal_spi.o
 .debug_aranges
                0x00000728      0x3d0 ./Drivers/STM32F4xx_HAL_Driver/Src/stm32f4xx_hal_tim.o
 .debug_aranges
                0x00000af8      0x168 ./Drivers/STM32F4xx_HAL_Driver/Src/stm32f4xx_hal_tim_ex.o
 .debug_aranges
                0x00000c60      0x208 ./Drivers/STM32F4xx_HAL_Driver/Src/stm32f4xx_hal_uart.o

.debug_rnglists
                0x00000000      0xb3d
 .debug_rnglists
                0x00000000       0x14 ./Core/Src/gpio.o
 .debug_rnglists
                0x00000014       0x26 ./Core/Src/main.o
 .debug_rnglists
                0x0000003a       0x20 ./Core/Src/spi.o
 .debug_rnglists
                0x0000005a       0x13 ./Core/Src/stm32f4xx_hal_msp.o
 .debug_rnglists
                0x0000006d       0x49 ./Core/Src/stm32f4xx_it.o
 .debug_rnglists
                0x000000b6       0x1a ./Core/Src/system_stm32f4xx.o
 .debug_rnglists
                0x000000d0       0x26 ./Core/Src/tim.o
 .debug_rnglists
                0x000000f6       0x20 ./Core/Src/usart.o
 .debug_rnglists
                0x00000116       0x19 ./Core/Startup/startup_stm32f405rgtx.o
 .debug_rnglists
                0x0000012f       0xaf ./Drivers/STM32F4xx_HAL_Driver/Src/stm32f4xx_hal.o
 .debug_rnglists
                0x000001de       0xe0 ./Drivers/STM32F4xx_HAL_Driver/Src/stm32f4xx_hal_cortex.o
 .debug_rnglists
                0x000002be       0x70 ./Drivers/STM32F4xx_HAL_Driver/Src/stm32f4xx_hal_dma.o
 .debug_rnglists
                0x0000032e       0x3f ./Drivers/STM32F4xx_HAL_Driver/Src/stm32f4xx_hal_gpio.o
 .debug_rnglists
                0x0000036d       0x66 ./Drivers/STM32F4xx_HAL_Driver/Src/stm32f4xx_hal_rcc.o
 .debug_rnglists
                0x000003d3      0x16f ./Drivers/STM32F4xx_HAL_Driver/Src/stm32f4xx_hal_spi.o
 .debug_rnglists
                0x00000542      0x31a ./Drivers/STM32F4xx_HAL_Driver/Src/stm32f4xx_hal_tim.o
 .debug_rnglists
                0x0000085c      0x125 ./Drivers/STM32F4xx_HAL_Driver/Src/stm32f4xx_hal_tim_ex.o
 .debug_rnglists
                0x00000981      0x1bc ./Drivers/STM32F4xx_HAL_Driver/Src/stm32f4xx_hal_uart.o

.debug_macro    0x00000000     0x23d8
 .debug_macro   0x00000000      0x1f1 ./Core/Src/gpio.o
 .debug_macro   0x000001f1      0x31b ./Core/Src/main.o
 .debug_macro   0x0000050c       0x10 ./Core/Src/main.o
 .debug_macro   0x0000051c       0x3c ./Core/Src/main.o
 .debug_macro   0x00000558       0x20 ./Core/Src/main.o
 .debug_macro   0x00000578       0x1c ./Core/Src/main.o
 .debug_macro   0x00000594       0x10 ./Core/Src/main.o
 .debug_macro   0x000005a4       0x1c ./Core/Src/main.o
 .debug_macro   0x000005c0       0x16 ./Core/Src/main.o
 .debug_macro   0x000005d6      0x146 ./Core/Src/main.o
 .debug_macro   0x0000071c      0x1f1 ./Core/Src/spi.o
 .debug_macro   0x0000090d      0x1e7 ./Core/Src/stm32f4xx_hal_msp.o
 .debug_macro   0x00000af4      0x1f1 ./Core/Src/stm32f4xx_it.o
 .debug_macro   0x00000ce5      0x1d8 ./Core/Src/system_stm32f4xx.o
 .debug_macro   0x00000ebd      0x1f1 ./Core/Src/tim.o
 .debug_macro   0x000010ae      0x1f1 ./Core/Src/usart.o
 .debug_macro   0x0000129f      0x238 ./Drivers/STM32F4xx_HAL_Driver/Src/stm32f4xx_hal.o
 .debug_macro   0x000014d7      0x1d8 ./Drivers/STM32F4xx_HAL_Driver/Src/stm32f4xx_hal_cortex.o
 .debug_macro   0x000016af      0x1de ./Drivers/STM32F4xx_HAL_Driver/Src/stm32f4xx_hal_dma.o
 .debug_macro   0x0000188d      0x1de ./Drivers/STM32F4xx_HAL_Driver/Src/stm32f4xx_hal_gpio.o
 .debug_macro   0x00001a6b      0x1fc ./Drivers/STM32F4xx_HAL_Driver/Src/stm32f4xx_hal_rcc.o
 .debug_macro   0x00001c67      0x1e7 ./Drivers/STM32F4xx_HAL_Driver/Src/stm32f4xx_hal_spi.o
 .debug_macro   0x00001e4e      0x1d9 ./Drivers/STM32F4xx_HAL_Driver/Src/stm32f4xx_hal_tim.o
 .debug_macro   0x00002027      0x1d8 ./Drivers/STM32F4xx_HAL_Driver/Src/stm32f4xx_hal_tim_ex.o
 .debug_macro   0x000021ff      0x1d9 ./Drivers/STM32F4xx_HAL_Driver/Src/stm32f4xx_hal_uart.o

.debug_line     0x00000000    0x115eb
 .debug_line    0x00000000      0x793 ./Core/Src/gpio.o
 .debug_line    0x00000793      0x9ba ./Core/Src/main.o
 .debug_line    0x0000114d      0x7d3 ./Core/Src/spi.o
 .debug_line    0x00001920      0x75d ./Core/Src/stm32f4xx_hal_msp.o
 .debug_line    0x0000207d      0x824 ./Core/Src/stm32f4xx_it.o
 .debug_line    0x000028a1      0x7d3 ./Core/Src/system_stm32f4xx.o
 .debug_line    0x00003074      0x80d ./Core/Src/tim.o
 .debug_line    0x00003881      0x7ce ./Core/Src/usart.o
 .debug_line    0x0000404f       0x7a ./Core/Startup/startup_stm32f405rgtx.o
 .debug_line    0x000040c9      0xa4f ./Drivers/STM32F4xx_HAL_Driver/Src/stm32f4xx_hal.o
 .debug_line    0x00004b18      0xd1f ./Drivers/STM32F4xx_HAL_Driver/Src/stm32f4xx_hal_cortex.o
 .debug_line    0x00005837      0xfbb ./Drivers/STM32F4xx_HAL_Driver/Src/stm32f4xx_hal_dma.o
 .debug_line    0x000067f2      0xba7 ./Drivers/STM32F4xx_HAL_Driver/Src/stm32f4xx_hal_gpio.o
 .debug_line    0x00007399      0xe5e ./Drivers/STM32F4xx_HAL_Driver/Src/stm32f4xx_hal_rcc.o
 .debug_line    0x000081f7     0x1cea ./Drivers/STM32F4xx_HAL_Driver/Src/stm32f4xx_hal_spi.o
 .debug_line    0x00009ee1     0x37c4 ./Drivers/STM32F4xx_HAL_Driver/Src/stm32f4xx_hal_tim.o
 .debug_line    0x0000d6a5     0x19af ./Drivers/STM32F4xx_HAL_Driver/Src/stm32f4xx_hal_tim_ex.o
 .debug_line    0x0000f054     0x2597 ./Drivers/STM32F4xx_HAL_Driver/Src/stm32f4xx_hal_uart.o

.debug_str      0x00000000    0xc1fba
 .debug_str     0x00000000    0xc1fba ./Core/Src/gpio.o
                              0xba919 (size before relaxing)
 .debug_str     0x000c1fba    0xbea53 ./Core/Src/main.o
 .debug_str     0x000c1fba    0xbada5 ./Core/Src/spi.o
 .debug_str     0x000c1fba    0xba84e ./Core/Src/stm32f4xx_hal_msp.o
 .debug_str     0x000c1fba    0xbac84 ./Core/Src/stm32f4xx_it.o
 .debug_str     0x000c1fba    0xba837 ./Core/Src/system_stm32f4xx.o
 .debug_str     0x000c1fba    0xbafab ./Core/Src/tim.o
 .debug_str     0x000c1fba    0xbb2e9 ./Core/Src/usart.o
 .debug_str     0x000c1fba       0x81 ./Core/Startup/startup_stm32f405rgtx.o
 .debug_str     0x000c1fba    0xbb39a ./Drivers/STM32F4xx_HAL_Driver/Src/stm32f4xx_hal.o
 .debug_str     0x000c1fba    0xbb116 ./Drivers/STM32F4xx_HAL_Driver/Src/stm32f4xx_hal_cortex.o
 .debug_str     0x000c1fba    0xbac51 ./Drivers/STM32F4xx_HAL_Driver/Src/stm32f4xx_hal_dma.o
 .debug_str     0x000c1fba    0xba9b2 ./Drivers/STM32F4xx_HAL_Driver/Src/stm32f4xx_hal_gpio.o
 .debug_str     0x000c1fba    0xbac6b ./Drivers/STM32F4xx_HAL_Driver/Src/stm32f4xx_hal_rcc.o
 .debug_str     0x000c1fba    0xbb0f5 ./Drivers/STM32F4xx_HAL_Driver/Src/stm32f4xx_hal_spi.o
 .debug_str     0x000c1fba    0xbbbc1 ./Drivers/STM32F4xx_HAL_Driver/Src/stm32f4xx_hal_tim.o
 .debug_str     0x000c1fba    0xbb3cd ./Drivers/STM32F4xx_HAL_Driver/Src/stm32f4xx_hal_tim_ex.o
 .debug_str     0x000c1fba    0xbb24c ./Drivers/STM32F4xx_HAL_Driver/Src/stm32f4xx_hal_uart.o

.comment        0x00000000       0x43
 .comment       0x00000000       0x43 ./Core/Src/gpio.o
                                 0x44 (size before relaxing)
 .comment       0x00000043       0x44 ./Core/Src/main.o
 .comment       0x00000043       0x44 ./Core/Src/spi.o
 .comment       0x00000043       0x44 ./Core/Src/stm32f4xx_hal_msp.o
 .comment       0x00000043       0x44 ./Core/Src/stm32f4xx_it.o
 .comment       0x00000043       0x44 ./Core/Src/system_stm32f4xx.o
 .comment       0x00000043       0x44 ./Core/Src/tim.o
 .comment       0x00000043       0x44 ./Core/Src/usart.o
 .comment       0x00000043       0x44 ./Drivers/STM32F4xx_HAL_Driver/Src/stm32f4xx_hal.o
 .comment       0x00000043       0x44 ./Drivers/STM32F4xx_HAL_Driver/Src/stm32f4xx_hal_cortex.o
 .comment       0x00000043       0x44 ./Drivers/STM32F4xx_HAL_Driver/Src/stm32f4xx_hal_dma.o
 .comment       0x00000043       0x44 ./Drivers/STM32F4xx_HAL_Driver/Src/stm32f4xx_hal_gpio.o
 .comment       0x00000043       0x44 ./Drivers/STM32F4xx_HAL_Driver/Src/stm32f4xx_hal_rcc.o
 .comment       0x00000043       0x44 ./Drivers/STM32F4xx_HAL_Driver/Src/stm32f4xx_hal_spi.o
 .comment       0x00000043       0x44 ./Drivers/STM32F4xx_HAL_Driver/Src/stm32f4xx_hal_tim.o
 .comment       0x00000043       0x44 ./Drivers/STM32F4xx_HAL_Driver/Src/stm32f4xx_hal_tim_ex.o
 .comment       0x00000043       0x44 ./Drivers/STM32F4xx_HAL_Driver/Src/stm32f4xx_hal_uart.o

.debug_frame    0x00000000     0x3c2c
 .debug_frame   0x00000000       0x34 ./Core/Src/gpio.o
 .debug_frame   0x00000034       0x8c ./Core/Src/main.o
 .debug_frame   0x000000c0       0x74 ./Core/Src/spi.o
 .debug_frame   0x00000134       0x38 ./Core/Src/stm32f4xx_hal_msp.o
 .debug_frame   0x0000016c      0x120 ./Core/Src/stm32f4xx_it.o
 .debug_frame   0x0000028c       0x58 ./Core/Src/system_stm32f4xx.o
 .debug_frame   0x000002e4       0xa8 ./Core/Src/tim.o
 .debug_frame   0x0000038c       0x74 ./Core/Src/usart.o
 .debug_frame   0x00000400      0x374 ./Drivers/STM32F4xx_HAL_Driver/Src/stm32f4xx_hal.o
 .debug_frame   0x00000774      0x508 ./Drivers/STM32F4xx_HAL_Driver/Src/stm32f4xx_hal_cortex.o
 .debug_frame   0x00000c7c      0x250 ./Drivers/STM32F4xx_HAL_Driver/Src/stm32f4xx_hal_dma.o
 .debug_frame   0x00000ecc      0x14c ./Drivers/STM32F4xx_HAL_Driver/Src/stm32f4xx_hal_gpio.o
 .debug_frame   0x00001018      0x1f4 ./Drivers/STM32F4xx_HAL_Driver/Src/stm32f4xx_hal_rcc.o
 .debug_frame   0x0000120c      0x828 ./Drivers/STM32F4xx_HAL_Driver/Src/stm32f4xx_hal_spi.o
 .debug_frame   0x00001a34     0x11c0 ./Drivers/STM32F4xx_HAL_Driver/Src/stm32f4xx_hal_tim.o
 .debug_frame   0x00002bf4      0x638 ./Drivers/STM32F4xx_HAL_Driver/Src/stm32f4xx_hal_tim_ex.o
 .debug_frame   0x0000322c      0x954 ./Drivers/STM32F4xx_HAL_Driver/Src/stm32f4xx_hal_uart.o
 .debug_frame   0x00003b80       0x20 C:/ST/STM32CubeIDE_1.18.1/STM32CubeIDE/plugins/com.st.stm32cube.ide.mcu.externaltools.gnu-tools-for-stm32.13.3.rel1.win32_1.0.0.202411081344/tools/bin/../lib/gcc/arm-none-eabi/13.3.1/../../../../arm-none-eabi/lib/thumb/v7e-m+fp/hard\libc_nano.a(libc_a-memset.o)
 .debug_frame   0x00003ba0       0x2c C:/ST/STM32CubeIDE_1.18.1/STM32CubeIDE/plugins/com.st.stm32cube.ide.mcu.externaltools.gnu-tools-for-stm32.13.3.rel1.win32_1.0.0.202411081344/tools/bin/../lib/gcc/arm-none-eabi/13.3.1/../../../../arm-none-eabi/lib/thumb/v7e-m+fp/hard\libc_nano.a(libc_a-init.o)
 .debug_frame   0x00003bcc       0x2c C:/ST/STM32CubeIDE_1.18.1/STM32CubeIDE/plugins/com.st.stm32cube.ide.mcu.externaltools.gnu-tools-for-stm32.13.3.rel1.win32_1.0.0.202411081344/tools/bin/../lib/gcc/arm-none-eabi/13.3.1/thumb/v7e-m+fp/hard\libgcc.a(_aeabi_uldivmod.o)
 .debug_frame   0x00003bf8       0x34 C:/ST/STM32CubeIDE_1.18.1/STM32CubeIDE/plugins/com.st.stm32cube.ide.mcu.externaltools.gnu-tools-for-stm32.13.3.rel1.win32_1.0.0.202411081344/tools/bin/../lib/gcc/arm-none-eabi/13.3.1/thumb/v7e-m+fp/hard\libgcc.a(_udivmoddi4.o)

.debug_line_str
                0x00000000       0x65
 .debug_line_str
                0x00000000       0x65 ./Core/Startup/startup_stm32f405rgtx.o
