Archive member included to satisfy reference by file (symbol)

C:/ST/STM32CubeIDE_1.18.0/STM32CubeIDE/plugins/com.st.stm32cube.ide.mcu.externaltools.gnu-tools-for-stm32.13.3.rel1.win32_1.0.0.202411081344/tools/bin/../lib/gcc/arm-none-eabi/13.3.1/../../../../arm-none-eabi/lib/thumb/v7e-m+fp/hard\libc_nano.a(libc_a-exit.o)
                              C:/ST/STM32CubeIDE_1.18.0/STM32CubeIDE/plugins/com.st.stm32cube.ide.mcu.externaltools.gnu-tools-for-stm32.13.3.rel1.win32_1.0.0.202411081344/tools/bin/../lib/gcc/arm-none-eabi/13.3.1/../../../../arm-none-eabi/lib/thumb/v7e-m+fp/hard/crt0.o (exit)
C:/ST/STM32CubeIDE_1.18.0/STM32CubeIDE/plugins/com.st.stm32cube.ide.mcu.externaltools.gnu-tools-for-stm32.13.3.rel1.win32_1.0.0.202411081344/tools/bin/../lib/gcc/arm-none-eabi/13.3.1/../../../../arm-none-eabi/lib/thumb/v7e-m+fp/hard\libc_nano.a(libc_a-nano-vfprintf_float.o)
                              (_printf_float)
C:/ST/STM32CubeIDE_1.18.0/STM32CubeIDE/plugins/com.st.stm32cube.ide.mcu.externaltools.gnu-tools-for-stm32.13.3.rel1.win32_1.0.0.202411081344/tools/bin/../lib/gcc/arm-none-eabi/13.3.1/../../../../arm-none-eabi/lib/thumb/v7e-m+fp/hard\libc_nano.a(libc_a-nano-vfprintf_i.o)
                              C:/ST/STM32CubeIDE_1.18.0/STM32CubeIDE/plugins/com.st.stm32cube.ide.mcu.externaltools.gnu-tools-for-stm32.13.3.rel1.win32_1.0.0.202411081344/tools/bin/../lib/gcc/arm-none-eabi/13.3.1/../../../../arm-none-eabi/lib/thumb/v7e-m+fp/hard\libc_nano.a(libc_a-nano-vfprintf_float.o) (_printf_common)
C:/ST/STM32CubeIDE_1.18.0/STM32CubeIDE/plugins/com.st.stm32cube.ide.mcu.externaltools.gnu-tools-for-stm32.13.3.rel1.win32_1.0.0.202411081344/tools/bin/../lib/gcc/arm-none-eabi/13.3.1/../../../../arm-none-eabi/lib/thumb/v7e-m+fp/hard\libc_nano.a(libc_a-findfp.o)
                              C:/ST/STM32CubeIDE_1.18.0/STM32CubeIDE/plugins/com.st.stm32cube.ide.mcu.externaltools.gnu-tools-for-stm32.13.3.rel1.win32_1.0.0.202411081344/tools/bin/../lib/gcc/arm-none-eabi/13.3.1/../../../../arm-none-eabi/lib/thumb/v7e-m+fp/hard\libc_nano.a(libc_a-exit.o) (__stdio_exit_handler)
C:/ST/STM32CubeIDE_1.18.0/STM32CubeIDE/plugins/com.st.stm32cube.ide.mcu.externaltools.gnu-tools-for-stm32.13.3.rel1.win32_1.0.0.202411081344/tools/bin/../lib/gcc/arm-none-eabi/13.3.1/../../../../arm-none-eabi/lib/thumb/v7e-m+fp/hard\libc_nano.a(libc_a-fwalk.o)
                              C:/ST/STM32CubeIDE_1.18.0/STM32CubeIDE/plugins/com.st.stm32cube.ide.mcu.externaltools.gnu-tools-for-stm32.13.3.rel1.win32_1.0.0.202411081344/tools/bin/../lib/gcc/arm-none-eabi/13.3.1/../../../../arm-none-eabi/lib/thumb/v7e-m+fp/hard\libc_nano.a(libc_a-findfp.o) (_fwalk_sglue)
C:/ST/STM32CubeIDE_1.18.0/STM32CubeIDE/plugins/com.st.stm32cube.ide.mcu.externaltools.gnu-tools-for-stm32.13.3.rel1.win32_1.0.0.202411081344/tools/bin/../lib/gcc/arm-none-eabi/13.3.1/../../../../arm-none-eabi/lib/thumb/v7e-m+fp/hard\libc_nano.a(libc_a-printf.o)
                              ./Core/Src/BNO080.o (printf)
C:/ST/STM32CubeIDE_1.18.0/STM32CubeIDE/plugins/com.st.stm32cube.ide.mcu.externaltools.gnu-tools-for-stm32.13.3.rel1.win32_1.0.0.202411081344/tools/bin/../lib/gcc/arm-none-eabi/13.3.1/../../../../arm-none-eabi/lib/thumb/v7e-m+fp/hard\libc_nano.a(libc_a-puts.o)
                              ./Core/Src/BNO080.o (puts)
C:/ST/STM32CubeIDE_1.18.0/STM32CubeIDE/plugins/com.st.stm32cube.ide.mcu.externaltools.gnu-tools-for-stm32.13.3.rel1.win32_1.0.0.202411081344/tools/bin/../lib/gcc/arm-none-eabi/13.3.1/../../../../arm-none-eabi/lib/thumb/v7e-m+fp/hard\libc_nano.a(libc_a-stdio.o)
                              C:/ST/STM32CubeIDE_1.18.0/STM32CubeIDE/plugins/com.st.stm32cube.ide.mcu.externaltools.gnu-tools-for-stm32.13.3.rel1.win32_1.0.0.202411081344/tools/bin/../lib/gcc/arm-none-eabi/13.3.1/../../../../arm-none-eabi/lib/thumb/v7e-m+fp/hard\libc_nano.a(libc_a-findfp.o) (__sread)
C:/ST/STM32CubeIDE_1.18.0/STM32CubeIDE/plugins/com.st.stm32cube.ide.mcu.externaltools.gnu-tools-for-stm32.13.3.rel1.win32_1.0.0.202411081344/tools/bin/../lib/gcc/arm-none-eabi/13.3.1/../../../../arm-none-eabi/lib/thumb/v7e-m+fp/hard\libc_nano.a(libc_a-wbuf.o)
                              C:/ST/STM32CubeIDE_1.18.0/STM32CubeIDE/plugins/com.st.stm32cube.ide.mcu.externaltools.gnu-tools-for-stm32.13.3.rel1.win32_1.0.0.202411081344/tools/bin/../lib/gcc/arm-none-eabi/13.3.1/../../../../arm-none-eabi/lib/thumb/v7e-m+fp/hard\libc_nano.a(libc_a-puts.o) (__swbuf_r)
C:/ST/STM32CubeIDE_1.18.0/STM32CubeIDE/plugins/com.st.stm32cube.ide.mcu.externaltools.gnu-tools-for-stm32.13.3.rel1.win32_1.0.0.202411081344/tools/bin/../lib/gcc/arm-none-eabi/13.3.1/../../../../arm-none-eabi/lib/thumb/v7e-m+fp/hard\libc_nano.a(libc_a-wsetup.o)
                              C:/ST/STM32CubeIDE_1.18.0/STM32CubeIDE/plugins/com.st.stm32cube.ide.mcu.externaltools.gnu-tools-for-stm32.13.3.rel1.win32_1.0.0.202411081344/tools/bin/../lib/gcc/arm-none-eabi/13.3.1/../../../../arm-none-eabi/lib/thumb/v7e-m+fp/hard\libc_nano.a(libc_a-puts.o) (__swsetup_r)
[...]
Memory Configuration

Name             Origin             Length             Attributes
CCMRAM           0x10000000         0x00010000         xrw
RAM              0x20000000         0x00020000         xrw
FLASH            0x08000000         0x00100000         xr
*default*        0x00000000         0xffffffff

Linker script and memory map

LOAD C:/ST/STM32CubeIDE_1.18.0/STM32CubeIDE/plugins/com.st.stm32cube.ide.mcu.externaltools.gnu-tools-for-stm32.13.3.rel1.win32_1.0.0.202411081344/tools/bin/../lib/gcc/arm-none-eabi/13.3.1/thumb/v7e-m+fp/hard/crti.o
LOAD C:/ST/STM32CubeIDE_1.18.0/STM32CubeIDE/plugins/com.st.stm32cube.ide.mcu.externaltools.gnu-tools-for-stm32.13.3.rel1.win32_1.0.0.202411081344/tools/bin/../lib/gcc/arm-none-eabi/13.3.1/thumb/v7e-m+fp/hard/crtbegin.o
LOAD C:/ST/STM32CubeIDE_1.18.0/STM32CubeIDE/plugins/com.st.stm32cube.ide.mcu.externaltools.gnu-tools-for-stm32.13.3.rel1.win32_1.0.0.202411081344/tools/bin/../lib/gcc/arm-none-eabi/13.3.1/../../../../arm-none-eabi/lib/thumb/v7e-m+fp/hard/crt0.o
LOAD ./Core/Src/AT24C08.o
LOAD ./Core/Src/BNO080.o
LOAD ./Core/Src/FS-iA6B.o
LOAD ./Core/Src/ICM20602.o
LOAD ./Core/Src/LPS22HH.o
LOAD ./Core/Src/M8N.o
LOAD ./Core/Src/PID_Control.o
LOAD ./Core/Src/Quaternion.o
LOAD ./Core/Src/main.o
LOAD ./Core/Src/stm32f4xx_hal_msp.o
LOAD ./Core/Src/stm32f4xx_it.o
LOAD ./Core/Src/syscalls.o
LOAD ./Core/Src/sysmem.o
LOAD ./Core/Src/system_stm32f4xx.o
LOAD ./Core/Startup/startup_stm32f405rgtx.o
LOAD ./Drivers/STM32F4xx_HAL_Driver/Src/stm32f4xx_hal.o
LOAD ./Drivers/STM32F4xx_HAL_Driver/Src/stm32f4xx_hal_adc.o
LOAD ./Drivers/STM32F4xx_HAL_Driver/Src/stm32f4xx_hal_adc_ex.o
LOAD ./Drivers/STM32F4xx_HAL_Driver/Src/stm32f4xx_hal_cortex.o
LOAD ./Drivers/STM32F4xx_HAL_Driver/Src/stm32f4xx_hal_dma.o
LOAD ./Drivers/STM32F4xx_HAL_Driver/Src/stm32f4xx_hal_dma_ex.o
LOAD ./Drivers/STM32F4xx_HAL_Driver/Src/stm32f4xx_hal_exti.o
LOAD ./Drivers/STM32F4xx_HAL_Driver/Src/stm32f4xx_hal_flash.o
LOAD ./Drivers/STM32F4xx_HAL_Driver/Src/stm32f4xx_hal_flash_ex.o
LOAD ./Drivers/STM32F4xx_HAL_Driver/Src/stm32f4xx_hal_flash_ramfunc.o
LOAD ./Drivers/STM32F4xx_HAL_Driver/Src/stm32f4xx_hal_gpio.o
LOAD ./Drivers/STM32F4xx_HAL_Driver/Src/stm32f4xx_hal_i2c.o
LOAD ./Drivers/STM32F4xx_HAL_Driver/Src/stm32f4xx_hal_i2c_ex.o
LOAD ./Drivers/STM32F4xx_HAL_Driver/Src/stm32f4xx_hal_pwr.o
LOAD ./Drivers/STM32F4xx_HAL_Driver/Src/stm32f4xx_hal_pwr_ex.o
LOAD ./Drivers/STM32F4xx_HAL_Driver/Src/stm32f4xx_hal_rcc.o
LOAD ./Drivers/STM32F4xx_HAL_Driver/Src/stm32f4xx_hal_rcc_ex.o
LOAD ./Drivers/STM32F4xx_HAL_Driver/Src/stm32f4xx_hal_uart.o
LOAD ./Drivers/STM32F4xx_HAL_Driver/Src/stm32f4xx_ll_adc.o
LOAD ./Drivers/STM32F4xx_HAL_Driver/Src/stm32f4xx_ll_dma.o
LOAD ./Drivers/STM32F4xx_HAL_Driver/Src/stm32f4xx_ll_exti.o
LOAD ./Drivers/STM32F4xx_HAL_Driver/Src/stm32f4xx_ll_gpio.o
LOAD ./Drivers/STM32F4xx_HAL_Driver/Src/stm32f4xx_ll_rcc.o
LOAD ./Drivers/STM32F4xx_HAL_Driver/Src/stm32f4xx_ll_spi.o
LOAD ./Drivers/STM32F4xx_HAL_Driver/Src/stm32f4xx_ll_tim.o
LOAD ./Drivers/STM32F4xx_HAL_Driver/Src/stm32f4xx_ll_usart.o
LOAD ./Drivers/STM32F4xx_HAL_Driver/Src/stm32f4xx_ll_utils.o
START GROUP
LOAD C:/ST/STM32CubeIDE_1.18.0/STM32CubeIDE/plugins/com.st.stm32cube.ide.mcu.externaltools.gnu-tools-for-stm32.13.3.rel1.win32_1.0.0.202411081344/tools/bin/../lib/gcc/arm-none-eabi/13.3.1/../../../../arm-none-eabi/lib/thumb/v7e-m+fp/hard\libc_nano.a
LOAD C:/ST/STM32CubeIDE_1.18.0/STM32CubeIDE/plugins/com.st.stm32cube.ide.mcu.externaltools.gnu-tools-for-stm32.13.3.rel1.win32_1.0.0.202411081344/tools/bin/../lib/gcc/arm-none-eabi/13.3.1/../../../../arm-none-eabi/lib/thumb/v7e-m+fp/hard\libm.a
END GROUP
START GROUP
LOAD C:/ST/STM32CubeIDE_1.18.0/STM32CubeIDE/plugins/com.st.stm32cube.ide.mcu.externaltools.gnu-tools-for-stm32.13.3.rel1.win32_1.0.0.202411081344/tools/bin/../lib/gcc/arm-none-eabi/13.3.1/thumb/v7e-m+fp/hard\libgcc.a
LOAD C:/ST/STM32CubeIDE_1.18.0/STM32CubeIDE/plugins/com.st.stm32cube.ide.mcu.externaltools.gnu-tools-for-stm32.13.3.rel1.win32_1.0.0.202411081344/tools/bin/../lib/gcc/arm-none-eabi/13.3.1/../../../../arm-none-eabi/lib/thumb/v7e-m+fp/hard\libc_nano.a
END GROUP
START GROUP
LOAD C:/ST/STM32CubeIDE_1.18.0/STM32CubeIDE/plugins/com.st.stm32cube.ide.mcu.externaltools.gnu-tools-for-stm32.13.3.rel1.win32_1.0.0.202411081344/tools/bin/../lib/gcc/arm-none-eabi/13.3.1/thumb/v7e-m+fp/hard\libgcc.a
LOAD C:/ST/STM32CubeIDE_1.18.0/STM32CubeIDE/plugins/com.st.stm32cube.ide.mcu.externaltools.gnu-tools-for-stm32.13.3.rel1.win32_1.0.0.202411081344/tools/bin/../lib/gcc/arm-none-eabi/13.3.1/../../../../arm-none-eabi/lib/thumb/v7e-m+fp/hard\libc_nano.a
LOAD C:/ST/STM32CubeIDE_1.18.0/STM32CubeIDE/plugins/com.st.stm32cube.ide.mcu.externaltools.gnu-tools-for-stm32.13.3.rel1.win32_1.0.0.202411081344/tools/bin/../lib/gcc/arm-none-eabi/13.3.1/../../../../arm-none-eabi/lib/thumb/v7e-m+fp/hard\libnosys.a
END GROUP
START GROUP
LOAD C:/ST/STM32CubeIDE_1.18.0/STM32CubeIDE/plugins/com.st.stm32cube.ide.mcu.externaltools.gnu-tools-for-stm32.13.3.rel1.win32_1.0.0.202411081344/tools/bin/../lib/gcc/arm-none-eabi/13.3.1/thumb/v7e-m+fp/hard\libgcc.a
LOAD C:/ST/STM32CubeIDE_1.18.0/STM32CubeIDE/plugins/com.st.stm32cube.ide.mcu.externaltools.gnu-tools-for-stm32.13.3.rel1.win32_1.0.0.202411081344/tools/bin/../lib/gcc/arm-none-eabi/13.3.1/../../../../arm-none-eabi/lib/thumb/v7e-m+fp/hard\libc_nano.a
LOAD C:/ST/STM32CubeIDE_1.18.0/STM32CubeIDE/plugins/com.st.stm32cube.ide.mcu.externaltools.gnu-tools-for-stm32.13.3.rel1.win32_1.0.0.202411081344/tools/bin/../lib/gcc/arm-none-eabi/13.3.1/../../../../arm-none-eabi/lib/thumb/v7e-m+fp/hard\libnosys.a
END GROUP
LOAD C:/ST/STM32CubeIDE_1.18.0/STM32CubeIDE/plugins/com.st.stm32cube.ide.mcu.externaltools.gnu-tools-for-stm32.13.3.rel1.win32_1.0.0.202411081344/tools/bin/../lib/gcc/arm-none-eabi/13.3.1/thumb/v7e-m+fp/hard/crtend.o
LOAD C:/ST/STM32CubeIDE_1.18.0/STM32CubeIDE/plugins/com.st.stm32cube.ide.mcu.externaltools.gnu-tools-for-stm32.13.3.rel1.win32_1.0.0.202411081344/tools/bin/../lib/gcc/arm-none-eabi/13.3.1/thumb/v7e-m+fp/hard/crtn.o
                0x20020000                        _estack = (ORIGIN (RAM) + LENGTH (RAM))
                0x00000200                        _Min_Heap_Size = 0x200
                0x00000400                        _Min_Stack_Size = 0x400

.isr_vector     0x08000000      0x188
                0x08000000                        . = ALIGN (0x4)
 *(.isr_vector)
 .isr_vector    0x08000000      0x188 ./Core/Startup/startup_stm32f405rgtx.o
                0x08000000                g_pfnVectors
                0x08000188                        . = ALIGN (0x4)

.text           0x08000190     0xfb30
                0x08000190                        . = ALIGN (0x4)
 *(.text)
 .text          0x08000190       0x40 C:/ST/STM32CubeIDE_1.18.0/STM32CubeIDE/plugins/com.st.stm32cube.ide.mcu.externaltools.gnu-tools-for-stm32.13.3.rel1.win32_1.0.0.202411081344/tools/bin/../lib/gcc/arm-none-eabi/13.3.1/thumb/v7e-m+fp/hard/crtbegin.o
 .text          0x080001d0       0xa0 C:/ST/STM32CubeIDE_1.18.0/STM32CubeIDE/plugins/com.st.stm32cube.ide.mcu.externaltools.gnu-tools-for-stm32.13.3.rel1.win32_1.0.0.202411081344/tools/bin/../lib/gcc/arm-none-eabi/13.3.1/../../../../arm-none-eabi/lib/thumb/v7e-m+fp/hard\libc_nano.a(libc_a-memchr.o)
                0x080001d0                memchr
 .text          0x08000270       0x10 C:/ST/STM32CubeIDE_1.18.0/STM32CubeIDE/plugins/com.st.stm32cube.ide.mcu.externaltools.gnu-tools-for-stm32.13.3.rel1.win32_1.0.0.202411081344/tools/bin/../lib/gcc/arm-none-eabi/13.3.1/../../../../arm-none-eabi/lib/thumb/v7e-m+fp/hard\libc_nano.a(libc_a-strlen.o)
                0x08000270                strlen
 .text          0x08000280      0x378 C:/ST/STM32CubeIDE_1.18.0/STM32CubeIDE/plugins/com.st.stm32cube.ide.mcu.externaltools.gnu-tools-for-stm32.13.3.rel1.win32_1.0.0.202411081344/tools/bin/../lib/gcc/arm-none-eabi/13.3.1/thumb/v7e-m+fp/hard\libgcc.a(_arm_addsubdf3.o)
                0x08000280                __aeabi_drsub
                0x08000288                __aeabi_dsub
                0x08000288                __subdf3
                0x0800028c                __aeabi_dadd
                0x0800028c                __adddf3
                0x08000504                __floatunsidf
                0x08000504                __aeabi_ui2d
                0x08000524                __floatsidf
                0x08000524                __aeabi_i2d
                0x08000548                __aeabi_f2d
                0x08000548                __extendsfdf2
                0x0800058c                __floatundidf
                0x0800058c                __aeabi_ul2d
                0x0800059c                __floatdidf
                0x0800059c                __aeabi_l2d
 .text          0x080005f8      0x424 C:/ST/STM32CubeIDE_1.18.0/STM32CubeIDE/plugins/com.st.stm32cube.ide.mcu.externaltools.gnu-tools-for-stm32.13.3.rel1.win32_1.0.0.202411081344/tools/bin/../lib/gcc/arm-none-eabi/13.3.1/thumb/v7e-m+fp/hard\libgcc.a(_arm_muldivdf3.o)
                0x080005f8                __aeabi_dmul
                0x080005f8                __muldf3
                0x0800084c                __divdf3
                0x0800084c                __aeabi_ddiv
 .text          0x08000a1c      0x110 C:/ST/STM32CubeIDE_1.18.0/STM32CubeIDE/plugins/com.st.stm32cube.ide.mcu.externaltools.gnu-tools-for-stm32.13.3.rel1.win32_1.0.0.202411081344/tools/bin/../lib/gcc/arm-none-eabi/13.3.1/thumb/v7e-m+fp/hard\libgcc.a(_arm_cmpdf2.o)
                0x08000a1c                __gtdf2
                0x08000a1c                __gedf2
                0x08000a24                __ltdf2
                0x08000a24                __ledf2
                0x08000a2c                __nedf2
                0x08000a2c                __eqdf2
                0x08000a2c                __cmpdf2
                0x08000aa8                __aeabi_cdrcmple
                0x08000ab8                __aeabi_cdcmpeq
                0x08000ab8                __aeabi_cdcmple
                0x08000ac8                __aeabi_dcmpeq
                0x08000adc                __aeabi_dcmplt
                0x08000af0                __aeabi_dcmple
                0x08000b04                __aeabi_dcmpge
                0x08000b18                __aeabi_dcmpgt
 .text          0x08000b2c       0x2c C:/ST/STM32CubeIDE_1.18.0/STM32CubeIDE/plugins/com.st.stm32cube.ide.mcu.externaltools.gnu-tools-for-stm32.13.3.rel1.win32_1.0.0.202411081344/tools/bin/../lib/gcc/arm-none-eabi/13.3.1/thumb/v7e-m+fp/hard\libgcc.a(_arm_unorddf2.o)
                0x08000b2c                __unorddf2
                0x08000b2c                __aeabi_dcmpun
 .text          0x08000b58       0x50 C:/ST/STM32CubeIDE_1.18.0/STM32CubeIDE/plugins/com.st.stm32cube.ide.mcu.externaltools.gnu-tools-for-stm32.13.3.rel1.win32_1.0.0.202411081344/tools/bin/../lib/gcc/arm-none-eabi/13.3.1/thumb/v7e-m+fp/hard\libgcc.a(_arm_fixdfsi.o)
                0x08000b58                __aeabi_d2iz
                0x08000b58                __fixdfsi
 .text          0x08000ba8       0x30 C:/ST/STM32CubeIDE_1.18.0/STM32CubeIDE/plugins/com.st.stm32cube.ide.mcu.externaltools.gnu-tools-for-stm32.13.3.rel1.win32_1.0.0.202411081344/tools/bin/../lib/gcc/arm-none-eabi/13.3.1/thumb/v7e-m+fp/hard\libgcc.a(_aeabi_uldivmod.o)
                0x08000ba8                __aeabi_uldivmod
 .text          0x08000bd8      0x2f8 C:/ST/STM32CubeIDE_1.18.0/STM32CubeIDE/plugins/com.st.stm32cube.ide.mcu.externaltools.gnu-tools-for-stm32.13.3.rel1.win32_1.0.0.202411081344/tools/bin/../lib/gcc/arm-none-eabi/13.3.1/thumb/v7e-m+fp/hard\libgcc.a(_udivmoddi4.o)
                0x08000bd8                __udivmoddi4
 .text          0x08000ed0        0x4 C:/ST/STM32CubeIDE_1.18.0/STM32CubeIDE/plugins/com.st.stm32cube.ide.mcu.externaltools.gnu-tools-for-stm32.13.3.rel1.win32_1.0.0.202411081344/tools/bin/../lib/gcc/arm-none-eabi/13.3.1/thumb/v7e-m+fp/hard\libgcc.a(_dvmd_tls.o)
                0x08000ed0                __aeabi_idiv0
                0x08000ed0                __aeabi_ldiv0
 *(.text*)
 .text.LL_GPIO_SetOutputPin
                0x08000ed4       0x1c ./Core/Src/AT24C08.o
 .text.LL_GPIO_ResetOutputPin
                0x08000ef0       0x1e ./Core/Src/AT24C08.o
 *fill*         0x08000f0e        0x2 
 .text.AT24C08_Page_Write
                0x08000f10       0x70 ./Core/Src/AT24C08.o
                0x08000f10                AT24C08_Page_Write
 .text.AT24C08_Page_Read
                0x08000f80       0x54 ./Core/Src/AT24C08.o
                0x08000f80                AT24C08_Page_Read
 .text.EP_PIDGain_Write
                0x08000fd4      0x12c ./Core/Src/AT24C08.o
                0x08000fd4                EP_PIDGain_Write
 .text.EP_PIDGain_Read
                0x08001100      0x138 ./Core/Src/AT24C08.o
                0x08001100                EP_PIDGain_Read
 .text.LL_SPI_Enable
                0x08001238       0x20 ./Core/Src/BNO080.o
 .text.LL_SPI_SetStandard
                0x08001258       0x26 ./Core/Src/BNO080.o
 .text.LL_SPI_IsActiveFlag_RXNE
                0x0800127e       0x26 ./Core/Src/BNO080.o
 .text.LL_SPI_IsActiveFlag_TXE
                0x080012a4       0x26 ./Core/Src/BNO080.o
 .text.LL_SPI_ReceiveData8
                0x080012ca       0x1c ./Core/Src/BNO080.o
 .text.LL_SPI_TransmitData8
                0x080012e6       0x24 ./Core/Src/BNO080.o
 .text.LL_GPIO_IsInputPinSet
                0x0800130a       0x2a ./Core/Src/BNO080.o
 .text.LL_GPIO_SetOutputPin
                0x08001334       0x1c ./Core/Src/BNO080.o
 .text.LL_GPIO_ResetOutputPin
                0x08001350       0x1e ./Core/Src/BNO080.o
 *fill*         0x0800136e        0x2 
 .text.LL_AHB1_GRP1_EnableClock
                0x08001370       0x30 ./Core/Src/BNO080.o
 .text.LL_APB1_GRP1_EnableClock
                0x080013a0       0x30 ./Core/Src/BNO080.o
 .text.BNO080_GPIO_SPI_Initialization
                0x080013d0      0x174 ./Core/Src/BNO080.o
                0x080013d0                BNO080_GPIO_SPI_Initialization
 .text.BNO080_Initialization
                0x08001544       0xe8 ./Core/Src/BNO080.o
                0x08001544                BNO080_Initialization
 .text.SPI2_SendByte
                0x0800162c       0x44 ./Core/Src/BNO080.o
                0x0800162c                SPI2_SendByte
 .text.BNO080_dataAvailable
                0x08001670       0x5c ./Core/Src/BNO080.o
                0x08001670                BNO080_dataAvailable
 .text.BNO080_parseCommandReport
                0x080016cc       0x38 ./Core/Src/BNO080.o
                0x080016cc                BNO080_parseCommandReport
 .text.BNO080_parseInputReport
                0x08001704      0x2ec ./Core/Src/BNO080.o
                0x08001704                BNO080_parseInputReport
 .text.BNO080_getQuatI
                0x080019f0       0x2c ./Core/Src/BNO080.o
                0x080019f0                BNO080_getQuatI
 .text.BNO080_getQuatJ
                0x08001a1c       0x2c ./Core/Src/BNO080.o
                0x08001a1c                BNO080_getQuatJ
 .text.BNO080_getQuatK
                0x08001a48       0x2c ./Core/Src/BNO080.o
                0x08001a48                BNO080_getQuatK
 .text.BNO080_getQuatReal
                0x08001a74       0x2c ./Core/Src/BNO080.o
                0x08001a74                BNO080_getQuatReal
 .text.BNO080_getQuatRadianAccuracy
                0x08001aa0       0x2c ./Core/Src/BNO080.o
                0x08001aa0                BNO080_getQuatRadianAccuracy
 .text.BNO080_getQuatAccuracy
                0x08001acc       0x18 ./Core/Src/BNO080.o
                0x08001acc                BNO080_getQuatAccuracy
 .text.BNO080_getMagX
                0x08001ae4       0x2c ./Core/Src/BNO080.o
                0x08001ae4                BNO080_getMagX
 .text.BNO080_getMagY
                0x08001b10       0x2c ./Core/Src/BNO080.o
                0x08001b10                BNO080_getMagY
 .text.BNO080_getMagZ
                0x08001b3c       0x2c ./Core/Src/BNO080.o
                0x08001b3c                BNO080_getMagZ
 .text.BNO080_getMagAccuracy
                0x08001b68       0x18 ./Core/Src/BNO080.o
                0x08001b68                BNO080_getMagAccuracy
 .text.BNO080_qToFloat
                0x08001b80       0x4e ./Core/Src/BNO080.o
                0x08001b80                BNO080_qToFloat
 .text.BNO080_enableGameRotationVector
                0x08001bce       0x1e ./Core/Src/BNO080.o
                0x08001bce                BNO080_enableGameRotationVector
 .text.BNO080_enableMagnetometer
                0x08001bec       0x1e ./Core/Src/BNO080.o
                0x08001bec                BNO080_enableMagnetometer
 .text.BNO080_calibrateAll
                0x08001c0a        0xe ./Core/Src/BNO080.o
                0x08001c0a                BNO080_calibrateAll
 .text.BNO080_calibrationComplete
                0x08001c18       0x20 ./Core/Src/BNO080.o
                0x08001c18                BNO080_calibrationComplete
 .text.BNO080_setFeatureCommand
                0x08001c38       0xa4 ./Core/Src/BNO080.o
                0x08001c38                BNO080_setFeatureCommand
 .text.BNO080_sendCommand
                0x08001cdc       0x40 ./Core/Src/BNO080.o
                0x08001cdc                BNO080_sendCommand
 .text.BNO080_sendCalibrateCommand
                0x08001d1c       0x90 ./Core/Src/BNO080.o
                0x08001d1c                BNO080_sendCalibrateCommand
 .text.BNO080_requestCalibrationStatus
                0x08001dac       0x38 ./Core/Src/BNO080.o
                0x08001dac                BNO080_requestCalibrationStatus
 .text.BNO080_saveCalibration
                0x08001de4       0x34 ./Core/Src/BNO080.o
                0x08001de4                BNO080_saveCalibration
 .text.BNO080_waitForSPI
                0x08001e18       0x48 ./Core/Src/BNO080.o
                0x08001e18                BNO080_waitForSPI
 .text.BNO080_receivePacket
                0x08001e60       0xe4 ./Core/Src/BNO080.o
                0x08001e60                BNO080_receivePacket
 .text.BNO080_sendPacket
                0x08001f44       0xa0 ./Core/Src/BNO080.o
                0x08001f44                BNO080_sendPacket
 .text.iBus_Check_CHKSUM
                0x08001fe4       0x6a ./Core/Src/FS-iA6B.o
                0x08001fe4                iBus_Check_CHKSUM
 .text.iBus_Parsing
                0x0800204e       0xfc ./Core/Src/FS-iA6B.o
                0x0800204e                iBus_Parsing
 .text.iBus_isActiveFailsafe
                0x0800214a       0x22 ./Core/Src/FS-iA6B.o
                0x0800214a                iBus_isActiveFailsafe
 .text.LL_SPI_Enable
                0x0800216c       0x20 ./Core/Src/ICM20602.o
 .text.LL_SPI_SetStandard
                0x0800218c       0x26 ./Core/Src/ICM20602.o
 .text.LL_SPI_IsActiveFlag_RXNE
                0x080021b2       0x26 ./Core/Src/ICM20602.o
 .text.LL_SPI_IsActiveFlag_TXE
                0x080021d8       0x26 ./Core/Src/ICM20602.o
 .text.LL_SPI_ReceiveData8
                0x080021fe       0x1c ./Core/Src/ICM20602.o
 .text.LL_SPI_TransmitData8
                0x0800221a       0x24 ./Core/Src/ICM20602.o
 .text.LL_GPIO_IsInputPinSet
                0x0800223e       0x2a ./Core/Src/ICM20602.o
 .text.LL_GPIO_SetOutputPin
                0x08002268       0x1c ./Core/Src/ICM20602.o
 .text.LL_GPIO_ResetOutputPin
                0x08002284       0x1e ./Core/Src/ICM20602.o
 *fill*         0x080022a2        0x2 
 .text.LL_AHB1_GRP1_EnableClock
                0x080022a4       0x30 ./Core/Src/ICM20602.o
 .text.LL_APB2_GRP1_EnableClock
                0x080022d4       0x30 ./Core/Src/ICM20602.o
 .text.ICM20602_GPIO_SPI_Initialization
                0x08002304       0xf8 ./Core/Src/ICM20602.o
                0x08002304                ICM20602_GPIO_SPI_Initialization
 .text.SPI1_SendByte
                0x080023fc       0x44 ./Core/Src/ICM20602.o
                0x080023fc                SPI1_SendByte
 .text.ICM20602_Readbyte
                0x08002440       0x40 ./Core/Src/ICM20602.o
                0x08002440                ICM20602_Readbyte
 .text.ICM20602_Readbytes
                0x08002480       0x5c ./Core/Src/ICM20602.o
                0x08002480                ICM20602_Readbytes
 .text.ICM20602_Writebyte
                0x080024dc       0x44 ./Core/Src/ICM20602.o
                0x080024dc                ICM20602_Writebyte
 .text.ICM20602_Initialization
                0x08002520       0xfc ./Core/Src/ICM20602.o
                0x08002520                ICM20602_Initialization
 .text.ICM20602_Get3AxisGyroRawData
                0x0800261c       0x5e ./Core/Src/ICM20602.o
                0x0800261c                ICM20602_Get3AxisGyroRawData
 *fill*         0x0800267a        0x2 
 .text.ICM20602_DataReady
                0x0800267c       0x18 ./Core/Src/ICM20602.o
                0x0800267c                ICM20602_DataReady
 .text.LL_SPI_Enable
                0x08002694       0x20 ./Core/Src/LPS22HH.o
 .text.LL_SPI_SetStandard
                0x080026b4       0x26 ./Core/Src/LPS22HH.o
 .text.LL_SPI_IsActiveFlag_RXNE
                0x080026da       0x26 ./Core/Src/LPS22HH.o
 .text.LL_SPI_IsActiveFlag_TXE
                0x08002700       0x26 ./Core/Src/LPS22HH.o
 .text.LL_SPI_ReceiveData8
                0x08002726       0x1c ./Core/Src/LPS22HH.o
 .text.LL_SPI_TransmitData8
                0x08002742       0x24 ./Core/Src/LPS22HH.o
 .text.LL_GPIO_IsInputPinSet
                0x08002766       0x2a ./Core/Src/LPS22HH.o
 .text.LL_GPIO_SetOutputPin
                0x08002790       0x1c ./Core/Src/LPS22HH.o
 .text.LL_GPIO_ResetOutputPin
                0x080027ac       0x1e ./Core/Src/LPS22HH.o
 *fill*         0x080027ca        0x2 
 .text.LL_AHB1_GRP1_EnableClock
                0x080027cc       0x30 ./Core/Src/LPS22HH.o
 .text.LL_APB1_GRP1_EnableClock
                0x080027fc       0x30 ./Core/Src/LPS22HH.o
 .text.LPS22HH_GPIO_SPI_Initialization
                0x0800282c       0xf0 ./Core/Src/LPS22HH.o
                0x0800282c                LPS22HH_GPIO_SPI_Initialization
 .text.SPI3_SendByte
                0x0800291c       0x44 ./Core/Src/LPS22HH.o
                0x0800291c                SPI3_SendByte
 .text.LPS22HH_Readbyte
                0x08002960       0x40 ./Core/Src/LPS22HH.o
                0x08002960                LPS22HH_Readbyte
 .text.LPS22HH_Readbytes
                0x080029a0       0x5c ./Core/Src/LPS22HH.o
                0x080029a0                LPS22HH_Readbytes
 .text.LPS22HH_Writebyte
                0x080029fc       0x44 ./Core/Src/LPS22HH.o
                0x080029fc                LPS22HH_Writebyte
 .text.LPS22HH_Initialization
                0x08002a40      0x120 ./Core/Src/LPS22HH.o
                0x08002a40                LPS22HH_Initialization
 .text.LPS22HH_DataReady
                0x08002b60       0x18 ./Core/Src/LPS22HH.o
                0x08002b60                LPS22HH_DataReady
 .text.LPS22HH_GetPressure
                0x08002b78       0x1a ./Core/Src/LPS22HH.o
                0x08002b78                LPS22HH_GetPressure
 .text.LPS22HH_GetTemperature
                0x08002b92       0x1a ./Core/Src/LPS22HH.o
                0x08002b92                LPS22HH_GetTemperature
 .text.getAltitude2
                0x08002bac       0x68 ./Core/Src/LPS22HH.o
                0x08002bac                getAltitude2
 .text.__NVIC_GetPriorityGrouping
                0x08002c14       0x1c ./Core/Src/M8N.o
 .text.__NVIC_EnableIRQ
                0x08002c30       0x3c ./Core/Src/M8N.o
 .text.__NVIC_SetPriority
                0x08002c6c       0x54 ./Core/Src/M8N.o
 .text.NVIC_EncodePriority
                0x08002cc0       0x66 ./Core/Src/M8N.o
 .text.LL_USART_Enable
                0x08002d26       0x20 ./Core/Src/M8N.o
 .text.LL_USART_ConfigAsyncMode
                0x08002d46       0x2c ./Core/Src/M8N.o
 .text.LL_USART_IsActiveFlag_TXE
                0x08002d72       0x26 ./Core/Src/M8N.o
 .text.LL_USART_TransmitData8
                0x08002d98       0x1e ./Core/Src/M8N.o
 *fill*         0x08002db6        0x2 
 .text.LL_AHB1_GRP1_EnableClock
                0x08002db8       0x30 ./Core/Src/M8N.o
 .text.LL_APB1_GRP1_EnableClock
                0x08002de8       0x30 ./Core/Src/M8N.o
 .text.M8N_TransmitData
                0x08002e18       0x4c ./Core/Src/M8N.o
                0x08002e18                M8N_TransmitData
 .text.M8N_UART4_Initialization
                0x08002e64       0xc4 ./Core/Src/M8N.o
                0x08002e64                M8N_UART4_Initialization
 .text.M8N_Initialization
                0x08002f28       0x50 ./Core/Src/M8N.o
                0x08002f28                M8N_Initialization
 .text.M8N_UBX_CHKSUM_Check
                0x08002f78       0x74 ./Core/Src/M8N.o
                0x08002f78                M8N_UBX_CHKSUM_Check
 .text.M8N_UBX_NAV_POSLLH_Parsing
                0x08002fec      0x170 ./Core/Src/M8N.o
                0x08002fec                M8N_UBX_NAV_POSLLH_Parsing
 .text.Double_Roll_Pitch_PID_Calculation
                0x0800315c      0x274 ./Core/Src/PID_Control.o
                0x0800315c                Double_Roll_Pitch_PID_Calculation
 .text.Single_Yaw_Heading_PID_Calculation
                0x080033d0      0x134 ./Core/Src/PID_Control.o
                0x080033d0                Single_Yaw_Heading_PID_Calculation
 .text.Single_Yaw_Rate_PID_Calculation
                0x08003504       0xec ./Core/Src/PID_Control.o
                0x08003504                Single_Yaw_Rate_PID_Calculation
 .text.Reset_PID_Integrator
                0x080035f0       0x1c ./Core/Src/PID_Control.o
                0x080035f0                Reset_PID_Integrator
 .text.Reset_All_PID_Integrator
                0x0800360c       0x44 ./Core/Src/PID_Control.o
                0x0800360c                Reset_All_PID_Integrator
 .text.Quaternion_Update
                0x08003650      0x284 ./Core/Src/Quaternion.o
                0x08003650                Quaternion_Update
 .text.invSqrt  0x080038d4       0x78 ./Core/Src/Quaternion.o
                0x080038d4                invSqrt
 .text.__NVIC_GetPriorityGrouping
                0x0800394c       0x1c ./Core/Src/main.o
 .text.__NVIC_EnableIRQ
                0x08003968       0x3c ./Core/Src/main.o
 .text.__NVIC_SetPriority
                0x080039a4       0x54 ./Core/Src/main.o
 .text.NVIC_EncodePriority
                0x080039f8       0x66 ./Core/Src/main.o
 .text.LL_SPI_SetStandard
                0x08003a5e       0x26 ./Core/Src/main.o
 .text.LL_TIM_EnableCounter
                0x08003a84       0x20 ./Core/Src/main.o
 .text.LL_TIM_EnableARRPreload
                0x08003aa4       0x20 ./Core/Src/main.o
 .text.LL_TIM_CC_EnableChannel
                0x08003ac4       0x22 ./Core/Src/main.o
 .text.LL_TIM_CC_DisableChannel
                0x08003ae6       0x24 ./Core/Src/main.o
 *fill*         0x08003b0a        0x2 
 .text.LL_TIM_OC_EnableFast
                0x08003b0c       0x88 ./Core/Src/main.o
 .text.LL_TIM_OC_EnablePreload
                0x08003b94       0x88 ./Core/Src/main.o
 .text.LL_TIM_SetClockSource
                0x08003c1c       0x2a ./Core/Src/main.o
 .text.LL_TIM_SetTriggerOutput
                0x08003c46       0x26 ./Core/Src/main.o
 .text.LL_TIM_DisableMasterSlaveMode
                0x08003c6c       0x20 ./Core/Src/main.o
 .text.LL_TIM_EnableIT_UPDATE
                0x08003c8c       0x20 ./Core/Src/main.o
 .text.LL_USART_Enable
                0x08003cac       0x20 ./Core/Src/main.o
 .text.LL_USART_ConfigAsyncMode
                0x08003ccc       0x2c ./Core/Src/main.o
 .text.LL_USART_IsActiveFlag_TXE
                0x08003cf8       0x26 ./Core/Src/main.o
 .text.LL_USART_EnableIT_RXNE
                0x08003d1e       0x46 ./Core/Src/main.o
 .text.LL_USART_TransmitData8
                0x08003d64       0x1e ./Core/Src/main.o
 .text.LL_GPIO_SetOutputPin
                0x08003d82       0x1c ./Core/Src/main.o
 .text.LL_GPIO_ResetOutputPin
                0x08003d9e       0x1e ./Core/Src/main.o
 .text.LL_GPIO_TogglePin
                0x08003dbc       0x32 ./Core/Src/main.o
 *fill*         0x08003dee        0x2 
 .text.LL_AHB1_GRP1_EnableClock
                0x08003df0       0x30 ./Core/Src/main.o
 .text.LL_APB1_GRP1_EnableClock
                0x08003e20       0x30 ./Core/Src/main.o
 .text.LL_APB2_GRP1_EnableClock
                0x08003e50       0x30 ./Core/Src/main.o
 .text._write   0x08003e80       0x4c ./Core/Src/main.o
                0x08003e80                _write
 .text.main     0x08003ecc     0x16a4 ./Core/Src/main.o
                0x08003ecc                main
 .text.SystemClock_Config
                0x08005570       0xd4 ./Core/Src/main.o
                0x08005570                SystemClock_Config
 .text.MX_ADC1_Init
                0x08005644       0xa4 ./Core/Src/main.o
 .text.MX_I2C1_Init
                0x080056e8       0x5c ./Core/Src/main.o
 .text.MX_SPI1_Init
                0x08005744       0xa4 ./Core/Src/main.o
 .text.MX_SPI2_Init
                0x080057e8       0xa8 ./Core/Src/main.o
 .text.MX_SPI3_Init
                0x08005890       0xa4 ./Core/Src/main.o
 .text.MX_TIM3_Init
                0x08005934       0xe8 ./Core/Src/main.o
 .text.MX_TIM5_Init
                0x08005a1c      0x144 ./Core/Src/main.o
 .text.MX_TIM7_Init
                0x08005b60       0x74 ./Core/Src/main.o
 .text.MX_UART4_Init
                0x08005bd4       0xc4 ./Core/Src/main.o
 .text.MX_UART5_Init
                0x08005c98       0xf0 ./Core/Src/main.o
 .text.MX_USART1_UART_Init
                0x08005d88       0x54 ./Core/Src/main.o
 .text.MX_USART6_UART_Init
                0x08005ddc       0xc0 ./Core/Src/main.o
 .text.MX_DMA_Init
                0x08005e9c       0x40 ./Core/Src/main.o
 .text.MX_GPIO_Init
                0x08005edc      0x100 ./Core/Src/main.o
 .text.Is_iBus_Throttle_Min
                0x08005fdc       0x4c ./Core/Src/main.o
                0x08005fdc                Is_iBus_Throttle_Min
 .text.ESC_Calibartion
                0x08006028       0x6c ./Core/Src/main.o
                0x08006028                ESC_Calibartion
 .text.BNO080_Calibration
                0x08006094      0x2dc ./Core/Src/main.o
                0x08006094                BNO080_Calibration
 .text.Is_iBus_Received
                0x08006370       0x40 ./Core/Src/main.o
                0x08006370                Is_iBus_Received
 .text.HAL_UART_RxCpltCallback
                0x080063b0       0xdc ./Core/Src/main.o
                0x080063b0                HAL_UART_RxCpltCallback
 .text.Encode_Msg_AHRS
                0x0800648c      0x2f8 ./Core/Src/main.o
                0x0800648c                Encode_Msg_AHRS
 .text.Encode_Msg_GPS
                0x08006784      0x180 ./Core/Src/main.o
                0x08006784                Encode_Msg_GPS
 .text.Encode_Msg_PID_Gain
                0x08006904       0xa6 ./Core/Src/main.o
                0x08006904                Encode_Msg_PID_Gain
 .text.Error_Handler
                0x080069aa        0xc ./Core/Src/main.o
                0x080069aa                Error_Handler
 *fill*         0x080069b6        0x2 
 .text.HAL_MspInit
                0x080069b8       0x50 ./Core/Src/stm32f4xx_hal_msp.o
                0x080069b8                HAL_MspInit
 .text.HAL_ADC_MspInit
                0x08006a08       0xec ./Core/Src/stm32f4xx_hal_msp.o
                0x08006a08                HAL_ADC_MspInit
 .text.HAL_I2C_MspInit
                0x08006af4       0x90 ./Core/Src/stm32f4xx_hal_msp.o
                0x08006af4                HAL_I2C_MspInit
 .text.HAL_UART_MspInit
                0x08006b84       0xa0 ./Core/Src/stm32f4xx_hal_msp.o
                0x08006b84                HAL_UART_MspInit
 .text.LL_TIM_ClearFlag_UPDATE
                0x08006c24       0x1c ./Core/Src/stm32f4xx_it.o
 .text.LL_TIM_IsActiveFlag_UPDATE
                0x08006c40       0x26 ./Core/Src/stm32f4xx_it.o
 .text.LL_USART_IsActiveFlag_RXNE
                0x08006c66       0x26 ./Core/Src/stm32f4xx_it.o
 .text.LL_USART_ClearFlag_RXNE
                0x08006c8c       0x1c ./Core/Src/stm32f4xx_it.o
 .text.LL_USART_ReceiveData8
                0x08006ca8       0x1a ./Core/Src/stm32f4xx_it.o
 .text.NMI_Handler
                0x08006cc2        0x8 ./Core/Src/stm32f4xx_it.o
                0x08006cc2                NMI_Handler
 .text.HardFault_Handler
                0x08006cca        0x8 ./Core/Src/stm32f4xx_it.o
                0x08006cca                HardFault_Handler
 .text.MemManage_Handler
                0x08006cd2        0x8 ./Core/Src/stm32f4xx_it.o
                0x08006cd2                MemManage_Handler
 .text.BusFault_Handler
                0x08006cda        0x8 ./Core/Src/stm32f4xx_it.o
                0x08006cda                BusFault_Handler
 .text.UsageFault_Handler
                0x08006ce2        0x8 ./Core/Src/stm32f4xx_it.o
                0x08006ce2                UsageFault_Handler
 .text.SVC_Handler
                0x08006cea        0xe ./Core/Src/stm32f4xx_it.o
                0x08006cea                SVC_Handler
 .text.DebugMon_Handler
                0x08006cf8        0xe ./Core/Src/stm32f4xx_it.o
                0x08006cf8                DebugMon_Handler
 .text.PendSV_Handler
                0x08006d06        0xe ./Core/Src/stm32f4xx_it.o
                0x08006d06                PendSV_Handler
 .text.SysTick_Handler
                0x08006d14        0xc ./Core/Src/stm32f4xx_it.o
                0x08006d14                SysTick_Handler
 .text.USART1_IRQHandler
                0x08006d20       0x14 ./Core/Src/stm32f4xx_it.o
                0x08006d20                USART1_IRQHandler
 .text.UART4_IRQHandler
                0x08006d34       0xe0 ./Core/Src/stm32f4xx_it.o
                0x08006d34                UART4_IRQHandler
 .text.UART5_IRQHandler
                0x08006e14       0xe0 ./Core/Src/stm32f4xx_it.o
                0x08006e14                UART5_IRQHandler
 .text.TIM7_IRQHandler
                0x08006ef4       0xc0 ./Core/Src/stm32f4xx_it.o
                0x08006ef4                TIM7_IRQHandler
 .text.DMA2_Stream0_IRQHandler
                0x08006fb4       0x14 ./Core/Src/stm32f4xx_it.o
                0x08006fb4                DMA2_Stream0_IRQHandler
 .text.USART6_IRQHandler
                0x08006fc8       0x34 ./Core/Src/stm32f4xx_it.o
                0x08006fc8                USART6_IRQHandler
 .text._getpid  0x08006ffc       0x10 ./Core/Src/syscalls.o
                0x08006ffc                _getpid
 .text._kill    0x0800700c       0x20 ./Core/Src/syscalls.o
                0x0800700c                _kill
 .text._exit    0x0800702c       0x16 ./Core/Src/syscalls.o
                0x0800702c                _exit
 .text._read    0x08007042       0x3a ./Core/Src/syscalls.o
                0x08007042                _read
 .text._close   0x0800707c       0x18 ./Core/Src/syscalls.o
                0x0800707c                _close
 .text._fstat   0x08007094       0x20 ./Core/Src/syscalls.o
                0x08007094                _fstat
 .text._isatty  0x080070b4       0x16 ./Core/Src/syscalls.o
                0x080070b4                _isatty
 .text._lseek   0x080070ca       0x1a ./Core/Src/syscalls.o
                0x080070ca                _lseek
 .text._sbrk    0x080070e4       0x6c ./Core/Src/sysmem.o
                0x080070e4                _sbrk
 .text.SystemInit
                0x08007150       0x24 ./Core/Src/system_stm32f4xx.o
                0x08007150                SystemInit
 .text.Reset_Handler
                0x08007174       0x50 ./Core/Startup/startup_stm32f405rgtx.o
                0x08007174                Reset_Handler
 .text.Default_Handler
                0x080071c4        0x2 ./Core/Startup/startup_stm32f405rgtx.o
                0x080071c4                RTC_Alarm_IRQHandler
                0x080071c4                HASH_RNG_IRQHandler
                0x080071c4                EXTI2_IRQHandler
                0x080071c4                TIM8_CC_IRQHandler
                0x080071c4                TIM1_CC_IRQHandler
                0x080071c4                DMA2_Stream5_IRQHandler
                0x080071c4                DMA1_Stream5_IRQHandler
                0x080071c4                PVD_IRQHandler
                0x080071c4                SDIO_IRQHandler
                0x080071c4                TAMP_STAMP_IRQHandler
                0x080071c4                CAN2_RX1_IRQHandler
                0x080071c4                EXTI3_IRQHandler
                0x080071c4                TIM8_TRG_COM_TIM14_IRQHandler
                0x080071c4                TIM1_UP_TIM10_IRQHandler
                0x080071c4                TIM8_UP_TIM13_IRQHandler
                0x080071c4                I2C3_ER_IRQHandler
                0x080071c4                EXTI0_IRQHandler
                0x080071c4                I2C2_EV_IRQHandler
                0x080071c4                DMA1_Stream2_IRQHandler
                0x080071c4                CAN1_RX0_IRQHandler
                0x080071c4                FPU_IRQHandler
                0x080071c4                OTG_HS_WKUP_IRQHandler
                0x080071c4                CAN2_SCE_IRQHandler
                0x080071c4                DMA2_Stream2_IRQHandler
                0x080071c4                SPI1_IRQHandler
                0x080071c4                TIM6_DAC_IRQHandler
                0x080071c4                TIM1_BRK_TIM9_IRQHandler
                0x080071c4                CAN2_RX0_IRQHandler
                0x080071c4                DMA2_Stream3_IRQHandler
                0x080071c4                USART3_IRQHandler
                0x080071c4                CAN1_RX1_IRQHandler
                0x080071c4                TIM4_IRQHandler
                0x080071c4                I2C1_EV_IRQHandler
                0x080071c4                DMA1_Stream6_IRQHandler
                0x080071c4                DMA1_Stream1_IRQHandler
                0x080071c4                TIM3_IRQHandler
                0x080071c4                RCC_IRQHandler
                0x080071c4                TIM8_BRK_TIM12_IRQHandler
                0x080071c4                Default_Handler
                0x080071c4                EXTI15_10_IRQHandler
                0x080071c4                ADC_IRQHandler
                0x080071c4                DMA1_Stream7_IRQHandler
                0x080071c4                CAN2_TX_IRQHandler
                0x080071c4                TIM5_IRQHandler
                0x080071c4                DMA2_Stream7_IRQHandler
                0x080071c4                I2C3_EV_IRQHandler
                0x080071c4                EXTI9_5_IRQHandler
                0x080071c4                RTC_WKUP_IRQHandler
                0x080071c4                SPI2_IRQHandler
                0x080071c4                OTG_HS_EP1_IN_IRQHandler
                0x080071c4                DMA1_Stream0_IRQHandler
                0x080071c4                CAN1_TX_IRQHandler
                0x080071c4                EXTI4_IRQHandler
                0x080071c4                FSMC_IRQHandler
                0x080071c4                OTG_HS_EP1_OUT_IRQHandler
                0x080071c4                WWDG_IRQHandler
                0x080071c4                TIM2_IRQHandler
                0x080071c4                OTG_FS_WKUP_IRQHandler
                0x080071c4                TIM1_TRG_COM_TIM11_IRQHandler
                0x080071c4                OTG_HS_IRQHandler
                0x080071c4                EXTI1_IRQHandler
                0x080071c4                USART2_IRQHandler
                0x080071c4                I2C2_ER_IRQHandler
                0x080071c4                DMA2_Stream1_IRQHandler
                0x080071c4                CAN1_SCE_IRQHandler
                0x080071c4                FLASH_IRQHandler
                0x080071c4                DMA2_Stream4_IRQHandler
                0x080071c4                OTG_FS_IRQHandler
                0x080071c4                SPI3_IRQHandler
                0x080071c4                DMA1_Stream4_IRQHandler
                0x080071c4                I2C1_ER_IRQHandler
                0x080071c4                DMA2_Stream6_IRQHandler
                0x080071c4                DMA1_Stream3_IRQHandler
 *fill*         0x080071c6        0x2 
 .text.HAL_Init
                0x080071c8       0x44 ./Drivers/STM32F4xx_HAL_Driver/Src/stm32f4xx_hal.o
                0x080071c8                HAL_Init
 .text.HAL_InitTick
                0x0800720c       0x60 ./Drivers/STM32F4xx_HAL_Driver/Src/stm32f4xx_hal.o
                0x0800720c                HAL_InitTick
 .text.HAL_IncTick
                0x0800726c       0x28 ./Drivers/STM32F4xx_HAL_Driver/Src/stm32f4xx_hal.o
                0x0800726c                HAL_IncTick
 .text.HAL_GetTick
                0x08007294       0x18 ./Drivers/STM32F4xx_HAL_Driver/Src/stm32f4xx_hal.o
                0x08007294                HAL_GetTick
 .text.HAL_Delay
                0x080072ac       0x48 ./Drivers/STM32F4xx_HAL_Driver/Src/stm32f4xx_hal.o
                0x080072ac                HAL_Delay
 .text.HAL_ADC_Init
                0x080072f4       0x86 ./Drivers/STM32F4xx_HAL_Driver/Src/stm32f4xx_hal_adc.o
                0x080072f4                HAL_ADC_Init
 *fill*         0x0800737a        0x2 
 .text.HAL_ADC_Start_DMA
                0x0800737c      0x228 ./Drivers/STM32F4xx_HAL_Driver/Src/stm32f4xx_hal_adc.o
                0x0800737c                HAL_ADC_Start_DMA
 .text.HAL_ADC_ConvCpltCallback
                0x080075a4       0x14 ./Drivers/STM32F4xx_HAL_Driver/Src/stm32f4xx_hal_adc.o
                0x080075a4                HAL_ADC_ConvCpltCallback
 .text.HAL_ADC_ConvHalfCpltCallback
                0x080075b8       0x14 ./Drivers/STM32F4xx_HAL_Driver/Src/stm32f4xx_hal_adc.o
                0x080075b8                HAL_ADC_ConvHalfCpltCallback
 .text.HAL_ADC_ErrorCallback
                0x080075cc       0x14 ./Drivers/STM32F4xx_HAL_Driver/Src/stm32f4xx_hal_adc.o
                0x080075cc                HAL_ADC_ErrorCallback
 .text.HAL_ADC_ConfigChannel
                0x080075e0      0x244 ./Drivers/STM32F4xx_HAL_Driver/Src/stm32f4xx_hal_adc.o
                0x080075e0                HAL_ADC_ConfigChannel
 .text.ADC_Init
                0x08007824      0x1f8 ./Drivers/STM32F4xx_HAL_Driver/Src/stm32f4xx_hal_adc.o
 .text.ADC_DMAConvCplt
                0x08007a1c       0xba ./Drivers/STM32F4xx_HAL_Driver/Src/stm32f4xx_hal_adc.o
 .text.ADC_DMAHalfConvCplt
                0x08007ad6       0x1c ./Drivers/STM32F4xx_HAL_Driver/Src/stm32f4xx_hal_adc.o
 .text.ADC_DMAError
                0x08007af2       0x2e ./Drivers/STM32F4xx_HAL_Driver/Src/stm32f4xx_hal_adc.o
 .text.__NVIC_SetPriorityGrouping
                0x08007b20       0x48 ./Drivers/STM32F4xx_HAL_Driver/Src/stm32f4xx_hal_cortex.o
 .text.__NVIC_GetPriorityGrouping
                0x08007b68       0x1c ./Drivers/STM32F4xx_HAL_Driver/Src/stm32f4xx_hal_cortex.o
 .text.__NVIC_EnableIRQ
                0x08007b84       0x3c ./Drivers/STM32F4xx_HAL_Driver/Src/stm32f4xx_hal_cortex.o
 .text.__NVIC_SetPriority
                0x08007bc0       0x54 ./Drivers/STM32F4xx_HAL_Driver/Src/stm32f4xx_hal_cortex.o
 .text.NVIC_EncodePriority
                0x08007c14       0x66 ./Drivers/STM32F4xx_HAL_Driver/Src/stm32f4xx_hal_cortex.o
 *fill*         0x08007c7a        0x2 
 .text.SysTick_Config
                0x08007c7c       0x44 ./Drivers/STM32F4xx_HAL_Driver/Src/stm32f4xx_hal_cortex.o
 .text.HAL_NVIC_SetPriorityGrouping
                0x08007cc0       0x16 ./Drivers/STM32F4xx_HAL_Driver/Src/stm32f4xx_hal_cortex.o
                0x08007cc0                HAL_NVIC_SetPriorityGrouping
 .text.HAL_NVIC_SetPriority
                0x08007cd6       0x38 ./Drivers/STM32F4xx_HAL_Driver/Src/stm32f4xx_hal_cortex.o
                0x08007cd6                HAL_NVIC_SetPriority
 .text.HAL_NVIC_EnableIRQ
                0x08007d0e       0x1c ./Drivers/STM32F4xx_HAL_Driver/Src/stm32f4xx_hal_cortex.o
                0x08007d0e                HAL_NVIC_EnableIRQ
 .text.HAL_SYSTICK_Config
                0x08007d2a       0x18 ./Drivers/STM32F4xx_HAL_Driver/Src/stm32f4xx_hal_cortex.o
                0x08007d2a                HAL_SYSTICK_Config
 *fill*         0x08007d42        0x2 
 .text.HAL_DMA_Init
                0x08007d44      0x15c ./Drivers/STM32F4xx_HAL_Driver/Src/stm32f4xx_hal_dma.o
                0x08007d44                HAL_DMA_Init
 .text.HAL_DMA_Start_IT
                0x08007ea0       0xb0 ./Drivers/STM32F4xx_HAL_Driver/Src/stm32f4xx_hal_dma.o
                0x08007ea0                HAL_DMA_Start_IT
 .text.HAL_DMA_Abort
                0x08007f50       0xe0 ./Drivers/STM32F4xx_HAL_Driver/Src/stm32f4xx_hal_dma.o
                0x08007f50                HAL_DMA_Abort
 .text.HAL_DMA_Abort_IT
                0x08008030       0x44 ./Drivers/STM32F4xx_HAL_Driver/Src/stm32f4xx_hal_dma.o
                0x08008030                HAL_DMA_Abort_IT
 .text.HAL_DMA_IRQHandler
                0x08008074      0x314 ./Drivers/STM32F4xx_HAL_Driver/Src/stm32f4xx_hal_dma.o
                0x08008074                HAL_DMA_IRQHandler
 .text.DMA_SetConfig
                0x08008388       0x5c ./Drivers/STM32F4xx_HAL_Driver/Src/stm32f4xx_hal_dma.o
 .text.DMA_CalcBaseAndBitshift
                0x080083e4       0x6c ./Drivers/STM32F4xx_HAL_Driver/Src/stm32f4xx_hal_dma.o
 .text.DMA_CheckFifoParam
                0x08008450       0xf8 ./Drivers/STM32F4xx_HAL_Driver/Src/stm32f4xx_hal_dma.o
 .text.HAL_GPIO_Init
                0x08008548      0x338 ./Drivers/STM32F4xx_HAL_Driver/Src/stm32f4xx_hal_gpio.o
                0x08008548                HAL_GPIO_Init
 .text.HAL_GPIO_WritePin
                0x08008880       0x32 ./Drivers/STM32F4xx_HAL_Driver/Src/stm32f4xx_hal_gpio.o
                0x08008880                HAL_GPIO_WritePin
 *fill*         0x080088b2        0x2 
 .text.HAL_I2C_Init
                0x080088b4      0x288 ./Drivers/STM32F4xx_HAL_Driver/Src/stm32f4xx_hal_i2c.o
                0x080088b4                HAL_I2C_Init
 .text.HAL_I2C_Mem_Write
                0x08008b3c      0x1f4 ./Drivers/STM32F4xx_HAL_Driver/Src/stm32f4xx_hal_i2c.o
                0x08008b3c                HAL_I2C_Mem_Write
 .text.HAL_I2C_Mem_Read
                0x08008d30      0x464 ./Drivers/STM32F4xx_HAL_Driver/Src/stm32f4xx_hal_i2c.o
                0x08008d30                HAL_I2C_Mem_Read
 .text.I2C_RequestMemoryWrite
                0x08009194      0x12c ./Drivers/STM32F4xx_HAL_Driver/Src/stm32f4xx_hal_i2c.o
 .text.I2C_RequestMemoryRead
                0x080092c0      0x1d0 ./Drivers/STM32F4xx_HAL_Driver/Src/stm32f4xx_hal_i2c.o
 .text.I2C_WaitOnFlagUntilTimeout
                0x08009490       0xf4 ./Drivers/STM32F4xx_HAL_Driver/Src/stm32f4xx_hal_i2c.o
 .text.I2C_WaitOnMasterAddressFlagUntilTimeout
                0x08009584      0x140 ./Drivers/STM32F4xx_HAL_Driver/Src/stm32f4xx_hal_i2c.o
 .text.I2C_WaitOnTXEFlagUntilTimeout
                0x080096c4       0x90 ./Drivers/STM32F4xx_HAL_Driver/Src/stm32f4xx_hal_i2c.o
 .text.I2C_WaitOnBTFFlagUntilTimeout
                0x08009754       0x90 ./Drivers/STM32F4xx_HAL_Driver/Src/stm32f4xx_hal_i2c.o
 .text.I2C_WaitOnRXNEFlagUntilTimeout
                0x080097e4       0xba ./Drivers/STM32F4xx_HAL_Driver/Src/stm32f4xx_hal_i2c.o
 .text.I2C_IsAcknowledgeFailed
                0x0800989e       0x5e ./Drivers/STM32F4xx_HAL_Driver/Src/stm32f4xx_hal_i2c.o
 .text.HAL_RCC_OscConfig
                0x080098fc      0x4f0 ./Drivers/STM32F4xx_HAL_Driver/Src/stm32f4xx_hal_rcc.o
                0x080098fc                HAL_RCC_OscConfig
 .text.HAL_RCC_ClockConfig
                0x08009dec      0x1cc ./Drivers/STM32F4xx_HAL_Driver/Src/stm32f4xx_hal_rcc.o
                0x08009dec                HAL_RCC_ClockConfig
 .text.HAL_RCC_GetSysClockFreq
                0x08009fb8      0x20c ./Drivers/STM32F4xx_HAL_Driver/Src/stm32f4xx_hal_rcc.o
                0x08009fb8                HAL_RCC_GetSysClockFreq
 .text.HAL_RCC_GetHCLKFreq
                0x0800a1c4       0x18 ./Drivers/STM32F4xx_HAL_Driver/Src/stm32f4xx_hal_rcc.o
                0x0800a1c4                HAL_RCC_GetHCLKFreq
 .text.HAL_RCC_GetPCLK1Freq
                0x0800a1dc       0x28 ./Drivers/STM32F4xx_HAL_Driver/Src/stm32f4xx_hal_rcc.o
                0x0800a1dc                HAL_RCC_GetPCLK1Freq
 .text.HAL_RCC_GetPCLK2Freq
                0x0800a204       0x28 ./Drivers/STM32F4xx_HAL_Driver/Src/stm32f4xx_hal_rcc.o
                0x0800a204                HAL_RCC_GetPCLK2Freq
 .text.HAL_UART_Init
                0x0800a22c       0xa0 ./Drivers/STM32F4xx_HAL_Driver/Src/stm32f4xx_hal_uart.o
                0x0800a22c                HAL_UART_Init
 .text.HAL_UART_Transmit
                0x0800a2cc      0x116 ./Drivers/STM32F4xx_HAL_Driver/Src/stm32f4xx_hal_uart.o
                0x0800a2cc                HAL_UART_Transmit
 .text.HAL_UART_Transmit_IT
                0x0800a3e2       0x6c ./Drivers/STM32F4xx_HAL_Driver/Src/stm32f4xx_hal_uart.o
                0x0800a3e2                HAL_UART_Transmit_IT
 .text.HAL_UART_Receive_IT
                0x0800a44e       0x4a ./Drivers/STM32F4xx_HAL_Driver/Src/stm32f4xx_hal_uart.o
                0x0800a44e                HAL_UART_Receive_IT
 .text.HAL_UART_IRQHandler
                0x0800a498      0x554 ./Drivers/STM32F4xx_HAL_Driver/Src/stm32f4xx_hal_uart.o
                0x0800a498                HAL_UART_IRQHandler
 .text.HAL_UART_TxCpltCallback
                0x0800a9ec       0x14 ./Drivers/STM32F4xx_HAL_Driver/Src/stm32f4xx_hal_uart.o
                0x0800a9ec                HAL_UART_TxCpltCallback
 .text.HAL_UART_ErrorCallback
                0x0800aa00       0x14 ./Drivers/STM32F4xx_HAL_Driver/Src/stm32f4xx_hal_uart.o
                0x0800aa00                HAL_UART_ErrorCallback
 .text.HAL_UARTEx_RxEventCallback
                0x0800aa14       0x18 ./Drivers/STM32F4xx_HAL_Driver/Src/stm32f4xx_hal_uart.o
                0x0800aa14                HAL_UARTEx_RxEventCallback
 .text.UART_WaitOnFlagUntilTimeout
                0x0800aa2c       0xb2 ./Drivers/STM32F4xx_HAL_Driver/Src/stm32f4xx_hal_uart.o
 .text.UART_Start_Receive_IT
                0x0800aade       0x74 ./Drivers/STM32F4xx_HAL_Driver/Src/stm32f4xx_hal_uart.o
                0x0800aade                UART_Start_Receive_IT
 .text.UART_EndRxTransfer
                0x0800ab52       0xc6 ./Drivers/STM32F4xx_HAL_Driver/Src/stm32f4xx_hal_uart.o
 .text.UART_DMAAbortOnError
                0x0800ac18       0x22 ./Drivers/STM32F4xx_HAL_Driver/Src/stm32f4xx_hal_uart.o
 .text.UART_Transmit_IT
                0x0800ac3a       0xa0 ./Drivers/STM32F4xx_HAL_Driver/Src/stm32f4xx_hal_uart.o
 .text.UART_EndTransmit_IT
                0x0800acda       0x30 ./Drivers/STM32F4xx_HAL_Driver/Src/stm32f4xx_hal_uart.o
 .text.UART_Receive_IT
                0x0800ad0a      0x17c ./Drivers/STM32F4xx_HAL_Driver/Src/stm32f4xx_hal_uart.o
 *fill*         0x0800ae86        0x2 
 .text.UART_SetConfig
                0x0800ae88      0x4e8 ./Drivers/STM32F4xx_HAL_Driver/Src/stm32f4xx_hal_uart.o
 .text.LL_GPIO_SetPinMode
                0x0800b370       0x7a ./Drivers/STM32F4xx_HAL_Driver/Src/stm32f4xx_ll_gpio.o
 .text.LL_GPIO_SetPinOutputType
                0x0800b3ea       0x30 ./Drivers/STM32F4xx_HAL_Driver/Src/stm32f4xx_ll_gpio.o
 .text.LL_GPIO_SetPinSpeed
                0x0800b41a       0x7a ./Drivers/STM32F4xx_HAL_Driver/Src/stm32f4xx_ll_gpio.o
 .text.LL_GPIO_SetPinPull
                0x0800b494       0x7a ./Drivers/STM32F4xx_HAL_Driver/Src/stm32f4xx_ll_gpio.o
 .text.LL_GPIO_SetAFPin_0_7
                0x0800b50e       0x7a ./Drivers/STM32F4xx_HAL_Driver/Src/stm32f4xx_ll_gpio.o
 .text.LL_GPIO_SetAFPin_8_15
                0x0800b588       0x7e ./Drivers/STM32F4xx_HAL_Driver/Src/stm32f4xx_ll_gpio.o
 .text.LL_GPIO_Init
                0x0800b606      0x102 ./Drivers/STM32F4xx_HAL_Driver/Src/stm32f4xx_ll_gpio.o
                0x0800b606                LL_GPIO_Init
 .text.LL_RCC_GetSysClkSource
                0x0800b708       0x1c ./Drivers/STM32F4xx_HAL_Driver/Src/stm32f4xx_ll_rcc.o
 .text.LL_RCC_GetAHBPrescaler
                0x0800b724       0x1c ./Drivers/STM32F4xx_HAL_Driver/Src/stm32f4xx_ll_rcc.o
 .text.LL_RCC_GetAPB1Prescaler
                0x0800b740       0x1c ./Drivers/STM32F4xx_HAL_Driver/Src/stm32f4xx_ll_rcc.o
 .text.LL_RCC_GetAPB2Prescaler
                0x0800b75c       0x1c ./Drivers/STM32F4xx_HAL_Driver/Src/stm32f4xx_ll_rcc.o
 .text.LL_RCC_PLL_GetMainSource
                0x0800b778       0x1c ./Drivers/STM32F4xx_HAL_Driver/Src/stm32f4xx_ll_rcc.o
 .text.LL_RCC_PLL_GetN
                0x0800b794       0x1c ./Drivers/STM32F4xx_HAL_Driver/Src/stm32f4xx_ll_rcc.o
 .text.LL_RCC_PLL_GetP
                0x0800b7b0       0x1c ./Drivers/STM32F4xx_HAL_Driver/Src/stm32f4xx_ll_rcc.o
 .text.LL_RCC_PLL_GetDivider
                0x0800b7cc       0x1c ./Drivers/STM32F4xx_HAL_Driver/Src/stm32f4xx_ll_rcc.o
 .text.LL_RCC_GetSystemClocksFreq
                0x0800b7e8       0x4a ./Drivers/STM32F4xx_HAL_Driver/Src/stm32f4xx_ll_rcc.o
                0x0800b7e8                LL_RCC_GetSystemClocksFreq
 *fill*         0x0800b832        0x2 
 .text.RCC_GetSystemClockFreq
                0x0800b834       0x50 ./Drivers/STM32F4xx_HAL_Driver/Src/stm32f4xx_ll_rcc.o
                0x0800b834                RCC_GetSystemClockFreq
 .text.RCC_GetHCLKClockFreq
                0x0800b884       0x2c ./Drivers/STM32F4xx_HAL_Driver/Src/stm32f4xx_ll_rcc.o
                0x0800b884                RCC_GetHCLKClockFreq
 .text.RCC_GetPCLK1ClockFreq
                0x0800b8b0       0x28 ./Drivers/STM32F4xx_HAL_Driver/Src/stm32f4xx_ll_rcc.o
                0x0800b8b0                RCC_GetPCLK1ClockFreq
 .text.RCC_GetPCLK2ClockFreq
                0x0800b8d8       0x28 ./Drivers/STM32F4xx_HAL_Driver/Src/stm32f4xx_ll_rcc.o
                0x0800b8d8                RCC_GetPCLK2ClockFreq
 .text.RCC_PLL_GetFreqDomain_SYS
                0x0800b900       0x7c ./Drivers/STM32F4xx_HAL_Driver/Src/stm32f4xx_ll_rcc.o
                0x0800b900                RCC_PLL_GetFreqDomain_SYS
 .text.LL_SPI_IsEnabled
                0x0800b97c       0x26 ./Drivers/STM32F4xx_HAL_Driver/Src/stm32f4xx_ll_spi.o
 .text.LL_SPI_SetCRCPolynomial
                0x0800b9a2       0x20 ./Drivers/STM32F4xx_HAL_Driver/Src/stm32f4xx_ll_spi.o
 .text.LL_SPI_Init
                0x0800b9c2       0xa4 ./Drivers/STM32F4xx_HAL_Driver/Src/stm32f4xx_ll_spi.o
                0x0800b9c2                LL_SPI_Init
 .text.LL_TIM_SetPrescaler
                0x0800ba66       0x1c ./Drivers/STM32F4xx_HAL_Driver/Src/stm32f4xx_ll_tim.o
 .text.LL_TIM_SetAutoReload
                0x0800ba82       0x1c ./Drivers/STM32F4xx_HAL_Driver/Src/stm32f4xx_ll_tim.o
 .text.LL_TIM_SetRepetitionCounter
                0x0800ba9e       0x1c ./Drivers/STM32F4xx_HAL_Driver/Src/stm32f4xx_ll_tim.o
 .text.LL_TIM_OC_SetCompareCH1
                0x0800baba       0x1c ./Drivers/STM32F4xx_HAL_Driver/Src/stm32f4xx_ll_tim.o
 .text.LL_TIM_OC_SetCompareCH2
                0x0800bad6       0x1c ./Drivers/STM32F4xx_HAL_Driver/Src/stm32f4xx_ll_tim.o
 .text.LL_TIM_OC_SetCompareCH3
                0x0800baf2       0x1c ./Drivers/STM32F4xx_HAL_Driver/Src/stm32f4xx_ll_tim.o
 .text.LL_TIM_OC_SetCompareCH4
                0x0800bb0e       0x1c ./Drivers/STM32F4xx_HAL_Driver/Src/stm32f4xx_ll_tim.o
 .text.LL_TIM_GenerateEvent_UPDATE
                0x0800bb2a       0x20 ./Drivers/STM32F4xx_HAL_Driver/Src/stm32f4xx_ll_tim.o
 *fill*         0x0800bb4a        0x2 
 .text.LL_TIM_Init
                0x0800bb4c      0x134 ./Drivers/STM32F4xx_HAL_Driver/Src/stm32f4xx_ll_tim.o
                0x0800bb4c                LL_TIM_Init
 .text.LL_TIM_OC_Init
                0x0800bc80       0x82 ./Drivers/STM32F4xx_HAL_Driver/Src/stm32f4xx_ll_tim.o
                0x0800bc80                LL_TIM_OC_Init
 *fill*         0x0800bd02        0x2 
 .text.OC1Config
                0x0800bd04       0xd8 ./Drivers/STM32F4xx_HAL_Driver/Src/stm32f4xx_ll_tim.o
 .text.OC2Config
                0x0800bddc       0xe0 ./Drivers/STM32F4xx_HAL_Driver/Src/stm32f4xx_ll_tim.o
 .text.OC3Config
                0x0800bebc       0xe0 ./Drivers/STM32F4xx_HAL_Driver/Src/stm32f4xx_ll_tim.o
 .text.OC4Config
                0x0800bf9c       0xb0 ./Drivers/STM32F4xx_HAL_Driver/Src/stm32f4xx_ll_tim.o
 .text.LL_USART_IsEnabled
                0x0800c04c       0x28 ./Drivers/STM32F4xx_HAL_Driver/Src/stm32f4xx_ll_usart.o
 .text.LL_USART_SetStopBitsLength
                0x0800c074       0x26 ./Drivers/STM32F4xx_HAL_Driver/Src/stm32f4xx_ll_usart.o
 .text.LL_USART_SetHWFlowCtrl
                0x0800c09a       0x26 ./Drivers/STM32F4xx_HAL_Driver/Src/stm32f4xx_ll_usart.o
 .text.LL_USART_SetBaudRate
                0x0800c0c0      0x45c ./Drivers/STM32F4xx_HAL_Driver/Src/stm32f4xx_ll_usart.o
 .text.LL_USART_Init
                0x0800c51c      0x100 ./Drivers/STM32F4xx_HAL_Driver/Src/stm32f4xx_ll_usart.o
                0x0800c51c                LL_USART_Init
 .text.__cvt    0x0800c61c       0xca C:/ST/STM32CubeIDE_1.18.0/STM32CubeIDE/plugins/com.st.stm32cube.ide.mcu.externaltools.gnu-tools-for-stm32.13.3.rel1.win32_1.0.0.202411081344/tools/bin/../lib/gcc/arm-none-eabi/13.3.1/../../../../arm-none-eabi/lib/thumb/v7e-m+fp/hard\libc_nano.a(libc_a-nano-vfprintf_float.o)
                0x0800c61c                __cvt
 .text.__exponent
                0x0800c6e6       0x74 C:/ST/STM32CubeIDE_1.18.0/STM32CubeIDE/plugins/com.st.stm32cube.ide.mcu.externaltools.gnu-tools-for-stm32.13.3.rel1.win32_1.0.0.202411081344/tools/bin/../lib/gcc/arm-none-eabi/13.3.1/../../../../arm-none-eabi/lib/thumb/v7e-m+fp/hard\libc_nano.a(libc_a-nano-vfprintf_float.o)
                0x0800c6e6                __exponent
 *fill*         0x0800c75a        0x2 
 .text._printf_float
                0x0800c75c      0x454 C:/ST/STM32CubeIDE_1.18.0/STM32CubeIDE/plugins/com.st.stm32cube.ide.mcu.externaltools.gnu-tools-for-stm32.13.3.rel1.win32_1.0.0.202411081344/tools/bin/../lib/gcc/arm-none-eabi/13.3.1/../../../../arm-none-eabi/lib/thumb/v7e-m+fp/hard\libc_nano.a(libc_a-nano-vfprintf_float.o)
                0x0800c75c                _printf_float
 .text._printf_common
                0x0800cbb0       0xda C:/ST/STM32CubeIDE_1.18.0/STM32CubeIDE/plugins/com.st.stm32cube.ide.mcu.externaltools.gnu-tools-for-stm32.13.3.rel1.win32_1.0.0.202411081344/tools/bin/../lib/gcc/arm-none-eabi/13.3.1/../../../../arm-none-eabi/lib/thumb/v7e-m+fp/hard\libc_nano.a(libc_a-nano-vfprintf_i.o)
                0x0800cbb0                _printf_common
 *fill*         0x0800cc8a        0x2 
 .text._printf_i
                0x0800cc8c      0x23c C:/ST/STM32CubeIDE_1.18.0/STM32CubeIDE/plugins/com.st.stm32cube.ide.mcu.externaltools.gnu-tools-for-stm32.13.3.rel1.win32_1.0.0.202411081344/tools/bin/../lib/gcc/arm-none-eabi/13.3.1/../../../../arm-none-eabi/lib/thumb/v7e-m+fp/hard\libc_nano.a(libc_a-nano-vfprintf_i.o)
                0x0800cc8c                _printf_i
 .text.std      0x0800cec8       0x6c C:/ST/STM32CubeIDE_1.18.0/STM32CubeIDE/plugins/com.st.stm32cube.ide.mcu.externaltools.gnu-tools-for-stm32.13.3.rel1.win32_1.0.0.202411081344/tools/bin/../lib/gcc/arm-none-eabi/13.3.1/../../../../arm-none-eabi/lib/thumb/v7e-m+fp/hard\libc_nano.a(libc_a-findfp.o)
 .text.stdio_exit_handler
                0x0800cf34       0x18 C:/ST/STM32CubeIDE_1.18.0/STM32CubeIDE/plugins/com.st.stm32cube.ide.mcu.externaltools.gnu-tools-for-stm32.13.3.rel1.win32_1.0.0.202411081344/tools/bin/../lib/gcc/arm-none-eabi/13.3.1/../../../../arm-none-eabi/lib/thumb/v7e-m+fp/hard\libc_nano.a(libc_a-findfp.o)
 .text.cleanup_stdio
                0x0800cf4c       0x40 C:/ST/STM32CubeIDE_1.18.0/STM32CubeIDE/plugins/com.st.stm32cube.ide.mcu.externaltools.gnu-tools-for-stm32.13.3.rel1.win32_1.0.0.202411081344/tools/bin/../lib/gcc/arm-none-eabi/13.3.1/../../../../arm-none-eabi/lib/thumb/v7e-m+fp/hard\libc_nano.a(libc_a-findfp.o)
 .text.global_stdio_init.part.0
                0x0800cf8c       0x3c C:/ST/STM32CubeIDE_1.18.0/STM32CubeIDE/plugins/com.st.stm32cube.ide.mcu.externaltools.gnu-tools-for-stm32.13.3.rel1.win32_1.0.0.202411081344/tools/bin/../lib/gcc/arm-none-eabi/13.3.1/../../../../arm-none-eabi/lib/thumb/v7e-m+fp/hard\libc_nano.a(libc_a-findfp.o)
 .text.__sfp_lock_acquire
                0x0800cfc8        0xc C:/ST/STM32CubeIDE_1.18.0/STM32CubeIDE/plugins/com.st.stm32cube.ide.mcu.externaltools.gnu-tools-for-stm32.13.3.rel1.win32_1.0.0.202411081344/tools/bin/../lib/gcc/arm-none-eabi/13.3.1/../../../../arm-none-eabi/lib/thumb/v7e-m+fp/hard\libc_nano.a(libc_a-findfp.o)
                0x0800cfc8                __sfp_lock_acquire
 .text.__sfp_lock_release
                0x0800cfd4        0xc C:/ST/STM32CubeIDE_1.18.0/STM32CubeIDE/plugins/com.st.stm32cube.ide.mcu.externaltools.gnu-tools-for-stm32.13.3.rel1.win32_1.0.0.202411081344/tools/bin/../lib/gcc/arm-none-eabi/13.3.1/../../../../arm-none-eabi/lib/thumb/v7e-m+fp/hard\libc_nano.a(libc_a-findfp.o)
                0x0800cfd4                __sfp_lock_release
 .text.__sinit  0x0800cfe0       0x30 C:/ST/STM32CubeIDE_1.18.0/STM32CubeIDE/plugins/com.st.stm32cube.ide.mcu.externaltools.gnu-tools-for-stm32.13.3.rel1.win32_1.0.0.202411081344/tools/bin/../lib/gcc/arm-none-eabi/13.3.1/../../../../arm-none-eabi/lib/thumb/v7e-m+fp/hard\libc_nano.a(libc_a-findfp.o)
                0x0800cfe0                __sinit
 .text._fwalk_sglue
                0x0800d010       0x3c C:/ST/STM32CubeIDE_1.18.0/STM32CubeIDE/plugins/com.st.stm32cube.ide.mcu.externaltools.gnu-tools-for-stm32.13.3.rel1.win32_1.0.0.202411081344/tools/bin/../lib/gcc/arm-none-eabi/13.3.1/../../../../arm-none-eabi/lib/thumb/v7e-m+fp/hard\libc_nano.a(libc_a-fwalk.o)
                0x0800d010                _fwalk_sglue
 .text.printf   0x0800d04c       0x24 C:/ST/STM32CubeIDE_1.18.0/STM32CubeIDE/plugins/com.st.stm32cube.ide.mcu.externaltools.gnu-tools-for-stm32.13.3.rel1.win32_1.0.0.202411081344/tools/bin/../lib/gcc/arm-none-eabi/13.3.1/../../../../arm-none-eabi/lib/thumb/v7e-m+fp/hard\libc_nano.a(libc_a-printf.o)
                0x0800d04c                iprintf
                0x0800d04c                printf
 .text._puts_r  0x0800d070       0xaa C:/ST/STM32CubeIDE_1.18.0/STM32CubeIDE/plugins/com.st.stm32cube.ide.mcu.externaltools.gnu-tools-for-stm32.13.3.rel1.win32_1.0.0.202411081344/tools/bin/../lib/gcc/arm-none-eabi/13.3.1/../../../../arm-none-eabi/lib/thumb/v7e-m+fp/hard\libc_nano.a(libc_a-puts.o)
                0x0800d070                _puts_r
 *fill*         0x0800d11a        0x2 
 .text.puts     0x0800d11c       0x10 C:/ST/STM32CubeIDE_1.18.0/STM32CubeIDE/plugins/com.st.stm32cube.ide.mcu.externaltools.gnu-tools-for-stm32.13.3.rel1.win32_1.0.0.202411081344/tools/bin/../lib/gcc/arm-none-eabi/13.3.1/../../../../arm-none-eabi/lib/thumb/v7e-m+fp/hard\libc_nano.a(libc_a-puts.o)
                0x0800d11c                puts
 .text.__sread  0x0800d12c       0x22 C:/ST/STM32CubeIDE_1.18.0/STM32CubeIDE/plugins/com.st.stm32cube.ide.mcu.externaltools.gnu-tools-for-stm32.13.3.rel1.win32_1.0.0.202411081344/tools/bin/../lib/gcc/arm-none-eabi/13.3.1/../../../../arm-none-eabi/lib/thumb/v7e-m+fp/hard\libc_nano.a(libc_a-stdio.o)
                0x0800d12c                __sread
 .text.__swrite
                0x0800d14e       0x38 C:/ST/STM32CubeIDE_1.18.0/STM32CubeIDE/plugins/com.st.stm32cube.ide.mcu.externaltools.gnu-tools-for-stm32.13.3.rel1.win32_1.0.0.202411081344/tools/bin/../lib/gcc/arm-none-eabi/13.3.1/../../../../arm-none-eabi/lib/thumb/v7e-m+fp/hard\libc_nano.a(libc_a-stdio.o)
                0x0800d14e                __swrite
 .text.__sseek  0x0800d186       0x24 C:/ST/STM32CubeIDE_1.18.0/STM32CubeIDE/plugins/com.st.stm32cube.ide.mcu.externaltools.gnu-tools-for-stm32.13.3.rel1.win32_1.0.0.202411081344/tools/bin/../lib/gcc/arm-none-eabi/13.3.1/../../../../arm-none-eabi/lib/thumb/v7e-m+fp/hard\libc_nano.a(libc_a-stdio.o)
                0x0800d186                __sseek
 .text.__sclose
                0x0800d1aa        0x8 C:/ST/STM32CubeIDE_1.18.0/STM32CubeIDE/plugins/com.st.stm32cube.ide.mcu.externaltools.gnu-tools-for-stm32.13.3.rel1.win32_1.0.0.202411081344/tools/bin/../lib/gcc/arm-none-eabi/13.3.1/../../../../arm-none-eabi/lib/thumb/v7e-m+fp/hard\libc_nano.a(libc_a-stdio.o)
                0x0800d1aa                __sclose
 .text.__swbuf_r
                0x0800d1b2       0x7c C:/ST/STM32CubeIDE_1.18.0/STM32CubeIDE/plugins/com.st.stm32cube.ide.mcu.externaltools.gnu-tools-for-stm32.13.3.rel1.win32_1.0.0.202411081344/tools/bin/../lib/gcc/arm-none-eabi/13.3.1/../../../../arm-none-eabi/lib/thumb/v7e-m+fp/hard\libc_nano.a(libc_a-wbuf.o)
                0x0800d1b2                __swbuf_r
 *fill*         0x0800d22e        0x2 
 .text.__swsetup_r
                0x0800d230       0xac C:/ST/STM32CubeIDE_1.18.0/STM32CubeIDE/plugins/com.st.stm32cube.ide.mcu.externaltools.gnu-tools-for-stm32.13.3.rel1.win32_1.0.0.202411081344/tools/bin/../lib/gcc/arm-none-eabi/13.3.1/../../../../arm-none-eabi/lib/thumb/v7e-m+fp/hard\libc_nano.a(libc_a-wsetup.o)
                0x0800d230                __swsetup_r
 .text.memset   0x0800d2dc       0x10 C:/ST/STM32CubeIDE_1.18.0/STM32CubeIDE/plugins/com.st.stm32cube.ide.mcu.externaltools.gnu-tools-for-stm32.13.3.rel1.win32_1.0.0.202411081344/tools/bin/../lib/gcc/arm-none-eabi/13.3.1/../../../../arm-none-eabi/lib/thumb/v7e-m+fp/hard\libc_nano.a(libc_a-memset.o)
                0x0800d2dc                memset
 .text._localeconv_r
                0x0800d2ec        0x8 C:/ST/STM32CubeIDE_1.18.0/STM32CubeIDE/plugins/com.st.stm32cube.ide.mcu.externaltools.gnu-tools-for-stm32.13.3.rel1.win32_1.0.0.202411081344/tools/bin/../lib/gcc/arm-none-eabi/13.3.1/../../../../arm-none-eabi/lib/thumb/v7e-m+fp/hard\libc_nano.a(libc_a-localeconv.o)
                0x0800d2ec                _localeconv_r
 .text._close_r
                0x0800d2f4       0x20 C:/ST/STM32CubeIDE_1.18.0/STM32CubeIDE/plugins/com.st.stm32cube.ide.mcu.externaltools.gnu-tools-for-stm32.13.3.rel1.win32_1.0.0.202411081344/tools/bin/../lib/gcc/arm-none-eabi/13.3.1/../../../../arm-none-eabi/lib/thumb/v7e-m+fp/hard\libc_nano.a(libc_a-closer.o)
                0x0800d2f4                _close_r
 .text._lseek_r
                0x0800d314       0x24 C:/ST/STM32CubeIDE_1.18.0/STM32CubeIDE/plugins/com.st.stm32cube.ide.mcu.externaltools.gnu-tools-for-stm32.13.3.rel1.win32_1.0.0.202411081344/tools/bin/../lib/gcc/arm-none-eabi/13.3.1/../../../../arm-none-eabi/lib/thumb/v7e-m+fp/hard\libc_nano.a(libc_a-lseekr.o)
                0x0800d314                _lseek_r
 .text._read_r  0x0800d338       0x24 C:/ST/STM32CubeIDE_1.18.0/STM32CubeIDE/plugins/com.st.stm32cube.ide.mcu.externaltools.gnu-tools-for-stm32.13.3.rel1.win32_1.0.0.202411081344/tools/bin/../lib/gcc/arm-none-eabi/13.3.1/../../../../arm-none-eabi/lib/thumb/v7e-m+fp/hard\libc_nano.a(libc_a-readr.o)
                0x0800d338                _read_r
 .text._write_r
                0x0800d35c       0x24 C:/ST/STM32CubeIDE_1.18.0/STM32CubeIDE/plugins/com.st.stm32cube.ide.mcu.externaltools.gnu-tools-for-stm32.13.3.rel1.win32_1.0.0.202411081344/tools/bin/../lib/gcc/arm-none-eabi/13.3.1/../../../../arm-none-eabi/lib/thumb/v7e-m+fp/hard\libc_nano.a(libc_a-writer.o)
                0x0800d35c                _write_r
 .text.__errno  0x0800d380        0xc C:/ST/STM32CubeIDE_1.18.0/STM32CubeIDE/plugins/com.st.stm32cube.ide.mcu.externaltools.gnu-tools-for-stm32.13.3.rel1.win32_1.0.0.202411081344/tools/bin/../lib/gcc/arm-none-eabi/13.3.1/../../../../arm-none-eabi/lib/thumb/v7e-m+fp/hard\libc_nano.a(libc_a-errno.o)
                0x0800d380                __errno
 .text.__libc_init_array
                0x0800d38c       0x48 C:/ST/STM32CubeIDE_1.18.0/STM32CubeIDE/plugins/com.st.stm32cube.ide.mcu.externaltools.gnu-tools-for-stm32.13.3.rel1.win32_1.0.0.202411081344/tools/bin/../lib/gcc/arm-none-eabi/13.3.1/../../../../arm-none-eabi/lib/thumb/v7e-m+fp/hard\libc_nano.a(libc_a-init.o)
                0x0800d38c                __libc_init_array
 .text.__retarget_lock_init_recursive
                0x0800d3d4        0x2 C:/ST/STM32CubeIDE_1.18.0/STM32CubeIDE/plugins/com.st.stm32cube.ide.mcu.externaltools.gnu-tools-for-stm32.13.3.rel1.win32_1.0.0.202411081344/tools/bin/../lib/gcc/arm-none-eabi/13.3.1/../../../../arm-none-eabi/lib/thumb/v7e-m+fp/hard\libc_nano.a(libc_a-lock.o)
                0x0800d3d4                __retarget_lock_init_recursive
 .text.__retarget_lock_acquire_recursive
                0x0800d3d6        0x2 C:/ST/STM32CubeIDE_1.18.0/STM32CubeIDE/plugins/com.st.stm32cube.ide.mcu.externaltools.gnu-tools-for-stm32.13.3.rel1.win32_1.0.0.202411081344/tools/bin/../lib/gcc/arm-none-eabi/13.3.1/../../../../arm-none-eabi/lib/thumb/v7e-m+fp/hard\libc_nano.a(libc_a-lock.o)
                0x0800d3d6                __retarget_lock_acquire_recursive
 .text.__retarget_lock_release_recursive
                0x0800d3d8        0x2 C:/ST/STM32CubeIDE_1.18.0/STM32CubeIDE/plugins/com.st.stm32cube.ide.mcu.externaltools.gnu-tools-for-stm32.13.3.rel1.win32_1.0.0.202411081344/tools/bin/../lib/gcc/arm-none-eabi/13.3.1/../../../../arm-none-eabi/lib/thumb/v7e-m+fp/hard\libc_nano.a(libc_a-lock.o)
                0x0800d3d8                __retarget_lock_release_recursive
 .text.quorem   0x0800d3da      0x110 C:/ST/STM32CubeIDE_1.18.0/STM32CubeIDE/plugins/com.st.stm32cube.ide.mcu.externaltools.gnu-tools-for-stm32.13.3.rel1.win32_1.0.0.202411081344/tools/bin/../lib/gcc/arm-none-eabi/13.3.1/../../../../arm-none-eabi/lib/thumb/v7e-m+fp/hard\libc_nano.a(libc_a-dtoa.o)
 *fill*         0x0800d4ea        0x6 
 .text._dtoa_r  0x0800d4f0      0xba0 C:/ST/STM32CubeIDE_1.18.0/STM32CubeIDE/plugins/com.st.stm32cube.ide.mcu.externaltools.gnu-tools-for-stm32.13.3.rel1.win32_1.0.0.202411081344/tools/bin/../lib/gcc/arm-none-eabi/13.3.1/../../../../arm-none-eabi/lib/thumb/v7e-m+fp/hard\libc_nano.a(libc_a-dtoa.o)
                0x0800d4f0                _dtoa_r
 .text._free_r  0x0800e090       0x94 C:/ST/STM32CubeIDE_1.18.0/STM32CubeIDE/plugins/com.st.stm32cube.ide.mcu.externaltools.gnu-tools-for-stm32.13.3.rel1.win32_1.0.0.202411081344/tools/bin/../lib/gcc/arm-none-eabi/13.3.1/../../../../arm-none-eabi/lib/thumb/v7e-m+fp/hard\libc_nano.a(libc_a-freer.o)
                0x0800e090                _free_r
 .text.malloc   0x0800e124       0x10 C:/ST/STM32CubeIDE_1.18.0/STM32CubeIDE/plugins/com.st.stm32cube.ide.mcu.externaltools.gnu-tools-for-stm32.13.3.rel1.win32_1.0.0.202411081344/tools/bin/../lib/gcc/arm-none-eabi/13.3.1/../../../../arm-none-eabi/lib/thumb/v7e-m+fp/hard\libc_nano.a(libc_a-malloc.o)
                0x0800e124                malloc
 .text.sbrk_aligned
                0x0800e134       0x44 C:/ST/STM32CubeIDE_1.18.0/STM32CubeIDE/plugins/com.st.stm32cube.ide.mcu.externaltools.gnu-tools-for-stm32.13.3.rel1.win32_1.0.0.202411081344/tools/bin/../lib/gcc/arm-none-eabi/13.3.1/../../../../arm-none-eabi/lib/thumb/v7e-m+fp/hard\libc_nano.a(libc_a-mallocr.o)
 .text._malloc_r
                0x0800e178      0x100 C:/ST/STM32CubeIDE_1.18.0/STM32CubeIDE/plugins/com.st.stm32cube.ide.mcu.externaltools.gnu-tools-for-stm32.13.3.rel1.win32_1.0.0.202411081344/tools/bin/../lib/gcc/arm-none-eabi/13.3.1/../../../../arm-none-eabi/lib/thumb/v7e-m+fp/hard\libc_nano.a(libc_a-mallocr.o)
                0x0800e178                _malloc_r
 .text.__malloc_lock
                0x0800e278        0xc C:/ST/STM32CubeIDE_1.18.0/STM32CubeIDE/plugins/com.st.stm32cube.ide.mcu.externaltools.gnu-tools-for-stm32.13.3.rel1.win32_1.0.0.202411081344/tools/bin/../lib/gcc/arm-none-eabi/13.3.1/../../../../arm-none-eabi/lib/thumb/v7e-m+fp/hard\libc_nano.a(libc_a-mlock.o)
                0x0800e278                __malloc_lock
 .text.__malloc_unlock
                0x0800e284        0xc C:/ST/STM32CubeIDE_1.18.0/STM32CubeIDE/plugins/com.st.stm32cube.ide.mcu.externaltools.gnu-tools-for-stm32.13.3.rel1.win32_1.0.0.202411081344/tools/bin/../lib/gcc/arm-none-eabi/13.3.1/../../../../arm-none-eabi/lib/thumb/v7e-m+fp/hard\libc_nano.a(libc_a-mlock.o)
                0x0800e284                __malloc_unlock
 .text._Balloc  0x0800e290       0x80 C:/ST/STM32CubeIDE_1.18.0/STM32CubeIDE/plugins/com.st.stm32cube.ide.mcu.externaltools.gnu-tools-for-stm32.13.3.rel1.win32_1.0.0.202411081344/tools/bin/../lib/gcc/arm-none-eabi/13.3.1/../../../../arm-none-eabi/lib/thumb/v7e-m+fp/hard\libc_nano.a(libc_a-mprec.o)
                0x0800e290                _Balloc
 .text._Bfree   0x0800e310       0x44 C:/ST/STM32CubeIDE_1.18.0/STM32CubeIDE/plugins/com.st.stm32cube.ide.mcu.externaltools.gnu-tools-for-stm32.13.3.rel1.win32_1.0.0.202411081344/tools/bin/../lib/gcc/arm-none-eabi/13.3.1/../../../../arm-none-eabi/lib/thumb/v7e-m+fp/hard\libc_nano.a(libc_a-mprec.o)
                0x0800e310                _Bfree
 .text.__multadd
                0x0800e354       0x8c C:/ST/STM32CubeIDE_1.18.0/STM32CubeIDE/plugins/com.st.stm32cube.ide.mcu.externaltools.gnu-tools-for-stm32.13.3.rel1.win32_1.0.0.202411081344/tools/bin/../lib/gcc/arm-none-eabi/13.3.1/../../../../arm-none-eabi/lib/thumb/v7e-m+fp/hard\libc_nano.a(libc_a-mprec.o)
                0x0800e354                __multadd
 .text.__hi0bits
                0x0800e3e0       0x3e C:/ST/STM32CubeIDE_1.18.0/STM32CubeIDE/plugins/com.st.stm32cube.ide.mcu.externaltools.gnu-tools-for-stm32.13.3.rel1.win32_1.0.0.202411081344/tools/bin/../lib/gcc/arm-none-eabi/13.3.1/../../../../arm-none-eabi/lib/thumb/v7e-m+fp/hard\libc_nano.a(libc_a-mprec.o)
                0x0800e3e0                __hi0bits
 .text.__lo0bits
                0x0800e41e       0x5a C:/ST/STM32CubeIDE_1.18.0/STM32CubeIDE/plugins/com.st.stm32cube.ide.mcu.externaltools.gnu-tools-for-stm32.13.3.rel1.win32_1.0.0.202411081344/tools/bin/../lib/gcc/arm-none-eabi/13.3.1/../../../../arm-none-eabi/lib/thumb/v7e-m+fp/hard\libc_nano.a(libc_a-mprec.o)
                0x0800e41e                __lo0bits
 .text.__i2b    0x0800e478       0x2c C:/ST/STM32CubeIDE_1.18.0/STM32CubeIDE/plugins/com.st.stm32cube.ide.mcu.externaltools.gnu-tools-for-stm32.13.3.rel1.win32_1.0.0.202411081344/tools/bin/../lib/gcc/arm-none-eabi/13.3.1/../../../../arm-none-eabi/lib/thumb/v7e-m+fp/hard\libc_nano.a(libc_a-mprec.o)
                0x0800e478                __i2b
 .text.__multiply
                0x0800e4a4      0x144 C:/ST/STM32CubeIDE_1.18.0/STM32CubeIDE/plugins/com.st.stm32cube.ide.mcu.externaltools.gnu-tools-for-stm32.13.3.rel1.win32_1.0.0.202411081344/tools/bin/../lib/gcc/arm-none-eabi/13.3.1/../../../../arm-none-eabi/lib/thumb/v7e-m+fp/hard\libc_nano.a(libc_a-mprec.o)
                0x0800e4a4                __multiply
 .text.__pow5mult
                0x0800e5e8       0xb4 C:/ST/STM32CubeIDE_1.18.0/STM32CubeIDE/plugins/com.st.stm32cube.ide.mcu.externaltools.gnu-tools-for-stm32.13.3.rel1.win32_1.0.0.202411081344/tools/bin/../lib/gcc/arm-none-eabi/13.3.1/../../../../arm-none-eabi/lib/thumb/v7e-m+fp/hard\libc_nano.a(libc_a-mprec.o)
                0x0800e5e8                __pow5mult
 .text.__lshift
                0x0800e69c       0xd8 C:/ST/STM32CubeIDE_1.18.0/STM32CubeIDE/plugins/com.st.stm32cube.ide.mcu.externaltools.gnu-tools-for-stm32.13.3.rel1.win32_1.0.0.202411081344/tools/bin/../lib/gcc/arm-none-eabi/13.3.1/../../../../arm-none-eabi/lib/thumb/v7e-m+fp/hard\libc_nano.a(libc_a-mprec.o)
                0x0800e69c                __lshift
 .text.__mcmp   0x0800e774       0x36 C:/ST/STM32CubeIDE_1.18.0/STM32CubeIDE/plugins/com.st.stm32cube.ide.mcu.externaltools.gnu-tools-for-stm32.13.3.rel1.win32_1.0.0.202411081344/tools/bin/../lib/gcc/arm-none-eabi/13.3.1/../../../../arm-none-eabi/lib/thumb/v7e-m+fp/hard\libc_nano.a(libc_a-mprec.o)
                0x0800e774                __mcmp
 *fill*         0x0800e7aa        0x2 
 .text.__mdiff  0x0800e7ac      0x128 C:/ST/STM32CubeIDE_1.18.0/STM32CubeIDE/plugins/com.st.stm32cube.ide.mcu.externaltools.gnu-tools-for-stm32.13.3.rel1.win32_1.0.0.202411081344/tools/bin/../lib/gcc/arm-none-eabi/13.3.1/../../../../arm-none-eabi/lib/thumb/v7e-m+fp/hard\libc_nano.a(libc_a-mprec.o)
                0x0800e7ac                __mdiff
 .text.__d2b    0x0800e8d4       0xb0 C:/ST/STM32CubeIDE_1.18.0/STM32CubeIDE/plugins/com.st.stm32cube.ide.mcu.externaltools.gnu-tools-for-stm32.13.3.rel1.win32_1.0.0.202411081344/tools/bin/../lib/gcc/arm-none-eabi/13.3.1/../../../../arm-none-eabi/lib/thumb/v7e-m+fp/hard\libc_nano.a(libc_a-mprec.o)
                0x0800e8d4                __d2b
 .text.__sfputc_r
                0x0800e984       0x2e C:/ST/STM32CubeIDE_1.18.0/STM32CubeIDE/plugins/com.st.stm32cube.ide.mcu.externaltools.gnu-tools-for-stm32.13.3.rel1.win32_1.0.0.202411081344/tools/bin/../lib/gcc/arm-none-eabi/13.3.1/../../../../arm-none-eabi/lib/thumb/v7e-m+fp/hard\libc_nano.a(libc_a-nano-vfprintf.o)
 .text.__sfputs_r
                0x0800e9b2       0x24 C:/ST/STM32CubeIDE_1.18.0/STM32CubeIDE/plugins/com.st.stm32cube.ide.mcu.externaltools.gnu-tools-for-stm32.13.3.rel1.win32_1.0.0.202411081344/tools/bin/../lib/gcc/arm-none-eabi/13.3.1/../../../../arm-none-eabi/lib/thumb/v7e-m+fp/hard\libc_nano.a(libc_a-nano-vfprintf.o)
                0x0800e9b2                __sfputs_r
 *fill*         0x0800e9d6        0x2 
 .text._vfprintf_r
                0x0800e9d8      0x230 C:/ST/STM32CubeIDE_1.18.0/STM32CubeIDE/plugins/com.st.stm32cube.ide.mcu.externaltools.gnu-tools-for-stm32.13.3.rel1.win32_1.0.0.202411081344/tools/bin/../lib/gcc/arm-none-eabi/13.3.1/../../../../arm-none-eabi/lib/thumb/v7e-m+fp/hard\libc_nano.a(libc_a-nano-vfprintf.o)
                0x0800e9d8                _vfprintf_r
                0x0800e9d8                _vfiprintf_r
 .text.__sflush_r
                0x0800ec08      0x108 C:/ST/STM32CubeIDE_1.18.0/STM32CubeIDE/plugins/com.st.stm32cube.ide.mcu.externaltools.gnu-tools-for-stm32.13.3.rel1.win32_1.0.0.202411081344/tools/bin/../lib/gcc/arm-none-eabi/13.3.1/../../../../arm-none-eabi/lib/thumb/v7e-m+fp/hard\libc_nano.a(libc_a-fflush.o)
                0x0800ec08                __sflush_r
 .text._fflush_r
                0x0800ed10       0x50 C:/ST/STM32CubeIDE_1.18.0/STM32CubeIDE/plugins/com.st.stm32cube.ide.mcu.externaltools.gnu-tools-for-stm32.13.3.rel1.win32_1.0.0.202411081344/tools/bin/../lib/gcc/arm-none-eabi/13.3.1/../../../../arm-none-eabi/lib/thumb/v7e-m+fp/hard\libc_nano.a(libc_a-fflush.o)
                0x0800ed10                _fflush_r
 .text.__swhatbuf_r
                0x0800ed60       0x4c C:/ST/STM32CubeIDE_1.18.0/STM32CubeIDE/plugins/com.st.stm32cube.ide.mcu.externaltools.gnu-tools-for-stm32.13.3.rel1.win32_1.0.0.202411081344/tools/bin/../lib/gcc/arm-none-eabi/13.3.1/../../../../arm-none-eabi/lib/thumb/v7e-m+fp/hard\libc_nano.a(libc_a-makebuf.o)
                0x0800ed60                __swhatbuf_r
 .text.__smakebuf_r
                0x0800edac       0x78 C:/ST/STM32CubeIDE_1.18.0/STM32CubeIDE/plugins/com.st.stm32cube.ide.mcu.externaltools.gnu-tools-for-stm32.13.3.rel1.win32_1.0.0.202411081344/tools/bin/../lib/gcc/arm-none-eabi/13.3.1/../../../../arm-none-eabi/lib/thumb/v7e-m+fp/hard\libc_nano.a(libc_a-makebuf.o)
                0x0800edac                __smakebuf_r
 .text._fstat_r
                0x0800ee24       0x24 C:/ST/STM32CubeIDE_1.18.0/STM32CubeIDE/plugins/com.st.stm32cube.ide.mcu.externaltools.gnu-tools-for-stm32.13.3.rel1.win32_1.0.0.202411081344/tools/bin/../lib/gcc/arm-none-eabi/13.3.1/../../../../arm-none-eabi/lib/thumb/v7e-m+fp/hard\libc_nano.a(libc_a-fstatr.o)
                0x0800ee24                _fstat_r
 .text._isatty_r
                0x0800ee48       0x20 C:/ST/STM32CubeIDE_1.18.0/STM32CubeIDE/plugins/com.st.stm32cube.ide.mcu.externaltools.gnu-tools-for-stm32.13.3.rel1.win32_1.0.0.202411081344/tools/bin/../lib/gcc/arm-none-eabi/13.3.1/../../../../arm-none-eabi/lib/thumb/v7e-m+fp/hard\libc_nano.a(libc_a-isattyr.o)
                0x0800ee48                _isatty_r
 .text._sbrk_r  0x0800ee68       0x20 C:/ST/STM32CubeIDE_1.18.0/STM32CubeIDE/plugins/com.st.stm32cube.ide.mcu.externaltools.gnu-tools-for-stm32.13.3.rel1.win32_1.0.0.202411081344/tools/bin/../lib/gcc/arm-none-eabi/13.3.1/../../../../arm-none-eabi/lib/thumb/v7e-m+fp/hard\libc_nano.a(libc_a-sbrkr.o)
                0x0800ee68                _sbrk_r
 .text.memcpy   0x0800ee88       0x1c C:/ST/STM32CubeIDE_1.18.0/STM32CubeIDE/plugins/com.st.stm32cube.ide.mcu.externaltools.gnu-tools-for-stm32.13.3.rel1.win32_1.0.0.202411081344/tools/bin/../lib/gcc/arm-none-eabi/13.3.1/../../../../arm-none-eabi/lib/thumb/v7e-m+fp/hard\libc_nano.a(libc_a-memcpy-stub.o)
                0x0800ee88                memcpy
 .text.__assert_func
                0x0800eea4       0x3c C:/ST/STM32CubeIDE_1.18.0/STM32CubeIDE/plugins/com.st.stm32cube.ide.mcu.externaltools.gnu-tools-for-stm32.13.3.rel1.win32_1.0.0.202411081344/tools/bin/../lib/gcc/arm-none-eabi/13.3.1/../../../../arm-none-eabi/lib/thumb/v7e-m+fp/hard\libc_nano.a(libc_a-assert.o)
                0x0800eea4                __assert_func
 .text._calloc_r
                0x0800eee0       0x28 C:/ST/STM32CubeIDE_1.18.0/STM32CubeIDE/plugins/com.st.stm32cube.ide.mcu.externaltools.gnu-tools-for-stm32.13.3.rel1.win32_1.0.0.202411081344/tools/bin/../lib/gcc/arm-none-eabi/13.3.1/../../../../arm-none-eabi/lib/thumb/v7e-m+fp/hard\libc_nano.a(libc_a-callocr.o)
                0x0800eee0                _calloc_r
 .text.__ascii_mbtowc
                0x0800ef08       0x24 C:/ST/STM32CubeIDE_1.18.0/STM32CubeIDE/plugins/com.st.stm32cube.ide.mcu.externaltools.gnu-tools-for-stm32.13.3.rel1.win32_1.0.0.202411081344/tools/bin/../lib/gcc/arm-none-eabi/13.3.1/../../../../arm-none-eabi/lib/thumb/v7e-m+fp/hard\libc_nano.a(libc_a-mbtowc_r.o)
                0x0800ef08                __ascii_mbtowc
 .text.__ascii_wctomb
                0x0800ef2c       0x1a C:/ST/STM32CubeIDE_1.18.0/STM32CubeIDE/plugins/com.st.stm32cube.ide.mcu.externaltools.gnu-tools-for-stm32.13.3.rel1.win32_1.0.0.202411081344/tools/bin/../lib/gcc/arm-none-eabi/13.3.1/../../../../arm-none-eabi/lib/thumb/v7e-m+fp/hard\libc_nano.a(libc_a-wctomb_r.o)
                0x0800ef2c                __ascii_wctomb
 *fill*         0x0800ef46        0x2 
 .text.fprintf  0x0800ef48       0x24 C:/ST/STM32CubeIDE_1.18.0/STM32CubeIDE/plugins/com.st.stm32cube.ide.mcu.externaltools.gnu-tools-for-stm32.13.3.rel1.win32_1.0.0.202411081344/tools/bin/../lib/gcc/arm-none-eabi/13.3.1/../../../../arm-none-eabi/lib/thumb/v7e-m+fp/hard\libc_nano.a(libc_a-fprintf.o)
                0x0800ef48                fiprintf
                0x0800ef48                fprintf
 .text.abort    0x0800ef6c        0xe C:/ST/STM32CubeIDE_1.18.0/STM32CubeIDE/plugins/com.st.stm32cube.ide.mcu.externaltools.gnu-tools-for-stm32.13.3.rel1.win32_1.0.0.202411081344/tools/bin/../lib/gcc/arm-none-eabi/13.3.1/../../../../arm-none-eabi/lib/thumb/v7e-m+fp/hard\libc_nano.a(libc_a-abort.o)
                0x0800ef6c                abort
 .text._raise_r
                0x0800ef7a       0x50 C:/ST/STM32CubeIDE_1.18.0/STM32CubeIDE/plugins/com.st.stm32cube.ide.mcu.externaltools.gnu-tools-for-stm32.13.3.rel1.win32_1.0.0.202411081344/tools/bin/../lib/gcc/arm-none-eabi/13.3.1/../../../../arm-none-eabi/lib/thumb/v7e-m+fp/hard\libc_nano.a(libc_a-signal.o)
                0x0800ef7a                _raise_r
 *fill*         0x0800efca        0x2 
 .text.raise    0x0800efcc       0x10 C:/ST/STM32CubeIDE_1.18.0/STM32CubeIDE/plugins/com.st.stm32cube.ide.mcu.externaltools.gnu-tools-for-stm32.13.3.rel1.win32_1.0.0.202411081344/tools/bin/../lib/gcc/arm-none-eabi/13.3.1/../../../../arm-none-eabi/lib/thumb/v7e-m+fp/hard\libc_nano.a(libc_a-signal.o)
                0x0800efcc                raise
 .text._kill_r  0x0800efdc       0x24 C:/ST/STM32CubeIDE_1.18.0/STM32CubeIDE/plugins/com.st.stm32cube.ide.mcu.externaltools.gnu-tools-for-stm32.13.3.rel1.win32_1.0.0.202411081344/tools/bin/../lib/gcc/arm-none-eabi/13.3.1/../../../../arm-none-eabi/lib/thumb/v7e-m+fp/hard\libc_nano.a(libc_a-signalr.o)
                0x0800efdc                _kill_r
 .text._getpid_r
                0x0800f000        0x4 C:/ST/STM32CubeIDE_1.18.0/STM32CubeIDE/plugins/com.st.stm32cube.ide.mcu.externaltools.gnu-tools-for-stm32.13.3.rel1.win32_1.0.0.202411081344/tools/bin/../lib/gcc/arm-none-eabi/13.3.1/../../../../arm-none-eabi/lib/thumb/v7e-m+fp/hard\libc_nano.a(libc_a-signalr.o)
                0x0800f000                _getpid_r
 .text.asinf    0x0800f004       0x58 C:/ST/STM32CubeIDE_1.18.0/STM32CubeIDE/plugins/com.st.stm32cube.ide.mcu.externaltools.gnu-tools-for-stm32.13.3.rel1.win32_1.0.0.202411081344/tools/bin/../lib/gcc/arm-none-eabi/13.3.1/../../../../arm-none-eabi/lib/thumb/v7e-m+fp/hard\libm.a(libm_a-wf_asin.o)
                0x0800f004                asinf
 .text.atan2f   0x0800f05c        0x4 C:/ST/STM32CubeIDE_1.18.0/STM32CubeIDE/plugins/com.st.stm32cube.ide.mcu.externaltools.gnu-tools-for-stm32.13.3.rel1.win32_1.0.0.202411081344/tools/bin/../lib/gcc/arm-none-eabi/13.3.1/../../../../arm-none-eabi/lib/thumb/v7e-m+fp/hard\libm.a(libm_a-wf_atan2.o)
                0x0800f05c                atan2f
 .text.powf     0x0800f060       0xae C:/ST/STM32CubeIDE_1.18.0/STM32CubeIDE/plugins/com.st.stm32cube.ide.mcu.externaltools.gnu-tools-for-stm32.13.3.rel1.win32_1.0.0.202411081344/tools/bin/../lib/gcc/arm-none-eabi/13.3.1/../../../../arm-none-eabi/lib/thumb/v7e-m+fp/hard\libm.a(libm_a-wf_pow.o)
                0x0800f060                powf
 .text.fabsf    0x0800f10e        0xe C:/ST/STM32CubeIDE_1.18.0/STM32CubeIDE/plugins/com.st.stm32cube.ide.mcu.externaltools.gnu-tools-for-stm32.13.3.rel1.win32_1.0.0.202411081344/tools/bin/../lib/gcc/arm-none-eabi/13.3.1/../../../../arm-none-eabi/lib/thumb/v7e-m+fp/hard\libm.a(libm_a-sf_fabs.o)
                0x0800f10e                fabsf
 .text.finitef  0x0800f11c       0x14 C:/ST/STM32CubeIDE_1.18.0/STM32CubeIDE/plugins/com.st.stm32cube.ide.mcu.externaltools.gnu-tools-for-stm32.13.3.rel1.win32_1.0.0.202411081344/tools/bin/../lib/gcc/arm-none-eabi/13.3.1/../../../../arm-none-eabi/lib/thumb/v7e-m+fp/hard\libm.a(libm_a-sf_finite.o)
                0x0800f11c                finitef
 .text.nanf     0x0800f130        0xc C:/ST/STM32CubeIDE_1.18.0/STM32CubeIDE/plugins/com.st.stm32cube.ide.mcu.externaltools.gnu-tools-for-stm32.13.3.rel1.win32_1.0.0.202411081344/tools/bin/../lib/gcc/arm-none-eabi/13.3.1/../../../../arm-none-eabi/lib/thumb/v7e-m+fp/hard\libm.a(libm_a-sf_nan.o)
                0x0800f130                nanf
 .text.__ieee754_asinf
                0x0800f13c      0x1c8 C:/ST/STM32CubeIDE_1.18.0/STM32CubeIDE/plugins/com.st.stm32cube.ide.mcu.externaltools.gnu-tools-for-stm32.13.3.rel1.win32_1.0.0.202411081344/tools/bin/../lib/gcc/arm-none-eabi/13.3.1/../../../../arm-none-eabi/lib/thumb/v7e-m+fp/hard\libm.a(libm_a-ef_asin.o)
                0x0800f13c                __ieee754_asinf
 .text.__ieee754_atan2f
                0x0800f304      0x140 C:/ST/STM32CubeIDE_1.18.0/STM32CubeIDE/plugins/com.st.stm32cube.ide.mcu.externaltools.gnu-tools-for-stm32.13.3.rel1.win32_1.0.0.202411081344/tools/bin/../lib/gcc/arm-none-eabi/13.3.1/../../../../arm-none-eabi/lib/thumb/v7e-m+fp/hard\libm.a(libm_a-ef_atan2.o)
                0x0800f304                __ieee754_atan2f
 .text.__ieee754_powf
                0x0800f444      0x59c C:/ST/STM32CubeIDE_1.18.0/STM32CubeIDE/plugins/com.st.stm32cube.ide.mcu.externaltools.gnu-tools-for-stm32.13.3.rel1.win32_1.0.0.202411081344/tools/bin/../lib/gcc/arm-none-eabi/13.3.1/../../../../arm-none-eabi/lib/thumb/v7e-m+fp/hard\libm.a(libm_a-ef_pow.o)
                0x0800f444                __ieee754_powf
 .text.atanf    0x0800f9e0      0x1a8 C:/ST/STM32CubeIDE_1.18.0/STM32CubeIDE/plugins/com.st.stm32cube.ide.mcu.externaltools.gnu-tools-for-stm32.13.3.rel1.win32_1.0.0.202411081344/tools/bin/../lib/gcc/arm-none-eabi/13.3.1/../../../../arm-none-eabi/lib/thumb/v7e-m+fp/hard\libm.a(libm_a-sf_atan.o)
                0x0800f9e0                atanf
 .text.scalbnf  0x0800fb88       0xcc C:/ST/STM32CubeIDE_1.18.0/STM32CubeIDE/plugins/com.st.stm32cube.ide.mcu.externaltools.gnu-tools-for-stm32.13.3.rel1.win32_1.0.0.202411081344/tools/bin/../lib/gcc/arm-none-eabi/13.3.1/../../../../arm-none-eabi/lib/thumb/v7e-m+fp/hard\libm.a(libm_a-sf_scalbn.o)
                0x0800fb88                scalbnf
 .text.with_errnof
                0x0800fc54       0x1c C:/ST/STM32CubeIDE_1.18.0/STM32CubeIDE/plugins/com.st.stm32cube.ide.mcu.externaltools.gnu-tools-for-stm32.13.3.rel1.win32_1.0.0.202411081344/tools/bin/../lib/gcc/arm-none-eabi/13.3.1/../../../../arm-none-eabi/lib/thumb/v7e-m+fp/hard\libm.a(libm_a-math_errf.o)
 .text.xflowf   0x0800fc70       0x16 C:/ST/STM32CubeIDE_1.18.0/STM32CubeIDE/plugins/com.st.stm32cube.ide.mcu.externaltools.gnu-tools-for-stm32.13.3.rel1.win32_1.0.0.202411081344/tools/bin/../lib/gcc/arm-none-eabi/13.3.1/../../../../arm-none-eabi/lib/thumb/v7e-m+fp/hard\libm.a(libm_a-math_errf.o)
 *fill*         0x0800fc86        0x2 
 .text.__math_uflowf
                0x0800fc88        0xc C:/ST/STM32CubeIDE_1.18.0/STM32CubeIDE/plugins/com.st.stm32cube.ide.mcu.externaltools.gnu-tools-for-stm32.13.3.rel1.win32_1.0.0.202411081344/tools/bin/../lib/gcc/arm-none-eabi/13.3.1/../../../../arm-none-eabi/lib/thumb/v7e-m+fp/hard\libm.a(libm_a-math_errf.o)
                0x0800fc88                __math_uflowf
 .text.__math_oflowf
                0x0800fc94        0xc C:/ST/STM32CubeIDE_1.18.0/STM32CubeIDE/plugins/com.st.stm32cube.ide.mcu.externaltools.gnu-tools-for-stm32.13.3.rel1.win32_1.0.0.202411081344/tools/bin/../lib/gcc/arm-none-eabi/13.3.1/../../../../arm-none-eabi/lib/thumb/v7e-m+fp/hard\libm.a(libm_a-math_errf.o)
                0x0800fc94                __math_oflowf
 .text.__ieee754_sqrtf
                0x0800fca0        0x6 C:/ST/STM32CubeIDE_1.18.0/STM32CubeIDE/plugins/com.st.stm32cube.ide.mcu.externaltools.gnu-tools-for-stm32.13.3.rel1.win32_1.0.0.202411081344/tools/bin/../lib/gcc/arm-none-eabi/13.3.1/../../../../arm-none-eabi/lib/thumb/v7e-m+fp/hard\libm.a(libm_a-ef_sqrt.o)
                0x0800fca0                __ieee754_sqrtf
 *(.glue_7)
 .glue_7        0x0800fca6        0x0 linker stubs
 *(.glue_7t)
 .glue_7t       0x0800fca6        0x0 linker stubs
 *(.eh_frame)
 *fill*         0x0800fca6        0x2 
 .eh_frame      0x0800fca8        0x0 C:/ST/STM32CubeIDE_1.18.0/STM32CubeIDE/plugins/com.st.stm32cube.ide.mcu.externaltools.gnu-tools-for-stm32.13.3.rel1.win32_1.0.0.202411081344/tools/bin/../lib/gcc/arm-none-eabi/13.3.1/thumb/v7e-m+fp/hard/crtbegin.o
 *(.init)
 .init          0x0800fca8        0x4 C:/ST/STM32CubeIDE_1.18.0/STM32CubeIDE/plugins/com.st.stm32cube.ide.mcu.externaltools.gnu-tools-for-stm32.13.3.rel1.win32_1.0.0.202411081344/tools/bin/../lib/gcc/arm-none-eabi/13.3.1/thumb/v7e-m+fp/hard/crti.o
                0x0800fca8                _init
 .init          0x0800fcac        0x8 C:/ST/STM32CubeIDE_1.18.0/STM32CubeIDE/plugins/com.st.stm32cube.ide.mcu.externaltools.gnu-tools-for-stm32.13.3.rel1.win32_1.0.0.202411081344/tools/bin/../lib/gcc/arm-none-eabi/13.3.1/thumb/v7e-m+fp/hard/crtn.o
 *(.fini)
 .fini          0x0800fcb4        0x4 C:/ST/STM32CubeIDE_1.18.0/STM32CubeIDE/plugins/com.st.stm32cube.ide.mcu.externaltools.gnu-tools-for-stm32.13.3.rel1.win32_1.0.0.202411081344/tools/bin/../lib/gcc/arm-none-eabi/13.3.1/thumb/v7e-m+fp/hard/crti.o
                0x0800fcb4                _fini
 .fini          0x0800fcb8        0x8 C:/ST/STM32CubeIDE_1.18.0/STM32CubeIDE/plugins/com.st.stm32cube.ide.mcu.externaltools.gnu-tools-for-stm32.13.3.rel1.win32_1.0.0.202411081344/tools/bin/../lib/gcc/arm-none-eabi/13.3.1/thumb/v7e-m+fp/hard/crtn.o
                0x0800fcc0                        . = ALIGN (0x4)
                0x0800fcc0                        _etext = .

.vfp11_veneer   0x0800fcc0        0x0
 .vfp11_veneer  0x0800fcc0        0x0 linker stubs

.v4_bx          0x0800fcc0        0x0
 .v4_bx         0x0800fcc0        0x0 linker stubs

.iplt           0x0800fcc0        0x0
 .iplt          0x0800fcc0        0x0 C:/ST/STM32CubeIDE_1.18.0/STM32CubeIDE/plugins/com.st.stm32cube.ide.mcu.externaltools.gnu-tools-for-stm32.13.3.rel1.win32_1.0.0.202411081344/tools/bin/../lib/gcc/arm-none-eabi/13.3.1/thumb/v7e-m+fp/hard/crtbegin.o

.rodata         0x0800fcc0      0x804
                0x0800fcc0                        . = ALIGN (0x4)
 *(.rodata)
 .rodata        0x0800fcc0       0xac ./Core/Src/BNO080.o
 .rodata        0x0800fd6c       0x66 ./Core/Src/ICM20602.o
 *fill*         0x0800fdd2        0x2 
 .rodata        0x0800fdd4       0x62 ./Core/Src/LPS22HH.o
 *fill*         0x0800fe36        0x2 
 .rodata        0x0800fe38      0x241 ./Core/Src/main.o
 *(.rodata*)
 *fill*         0x08010079        0x3 
 .rodata.UBX_CFG_PRT
                0x0801007c       0x1c ./Core/Src/M8N.o
                0x0801007c                UBX_CFG_PRT
 .rodata.UBX_CFG_MSG
                0x08010098       0x10 ./Core/Src/M8N.o
                0x08010098                UBX_CFG_MSG
 .rodata.UBX_CFG_RATE
                0x080100a8        0xe ./Core/Src/M8N.o
                0x080100a8                UBX_CFG_RATE
 *fill*         0x080100b6        0x2 
 .rodata.UBX_CFG_CFG
                0x080100b8       0x15 ./Core/Src/M8N.o
                0x080100b8                UBX_CFG_CFG
 *fill*         0x080100cd        0x3 
 .rodata.OFFSET_TAB_CCMRx
                0x080100d0        0x7 ./Core/Src/main.o
 *fill*         0x080100d7        0x1 
 .rodata.SHIFT_TAB_OCxx
                0x080100d8        0x7 ./Core/Src/main.o
 *fill*         0x080100df        0x1 
 .rodata.AHBPrescTable
                0x080100e0       0x10 ./Core/Src/system_stm32f4xx.o
                0x080100e0                AHBPrescTable
 .rodata.APBPrescTable
                0x080100f0        0x8 ./Core/Src/system_stm32f4xx.o
                0x080100f0                APBPrescTable
 .rodata.flagBitshiftOffset.0
                0x080100f8        0x8 ./Drivers/STM32F4xx_HAL_Driver/Src/stm32f4xx_hal_dma.o
 .rodata._printf_float.str1.1
                0x08010100      0x171 C:/ST/STM32CubeIDE_1.18.0/STM32CubeIDE/plugins/com.st.stm32cube.ide.mcu.externaltools.gnu-tools-for-stm32.13.3.rel1.win32_1.0.0.202411081344/tools/bin/../lib/gcc/arm-none-eabi/13.3.1/../../../../arm-none-eabi/lib/thumb/v7e-m+fp/hard\libc_nano.a(libc_a-nano-vfprintf_float.o)
                                 0x12 (size before relaxing)
 .rodata._printf_i.str1.1
                0x08010271       0x22 C:/ST/STM32CubeIDE_1.18.0/STM32CubeIDE/plugins/com.st.stm32cube.ide.mcu.externaltools.gnu-tools-for-stm32.13.3.rel1.win32_1.0.0.202411081344/tools/bin/../lib/gcc/arm-none-eabi/13.3.1/../../../../arm-none-eabi/lib/thumb/v7e-m+fp/hard\libc_nano.a(libc_a-nano-vfprintf_i.o)
 .rodata._dtoa_r.str1.1