../Core/Src/BNO080.c:41:5:BNO080_Initialization	16	static
../Core/Src/BNO080.c:93:15:SPI2_SendByte	32	static
../Core/Src/BNO080.c:111:5:BNO080_dataAvailable	8	static
../Core/Src/BNO080.c:154:6:BNO080_parseCommandReport	16	static
../Core/Src/BNO080.c:190:6:BNO080_parseInputReport	32	static
../Core/Src/BNO080.c:306:7:BNO080_getQuatI	8	static
../Core/Src/BNO080.c:312:7:BNO080_getQuatJ	8	static
../Core/Src/BNO080.c:318:7:BNO080_getQuatK	8	static
../Core/Src/BNO080.c:324:7:BNO080_getQuatReal	8	static
../Core/Src/BNO080.c:330:7:BNO080_getQuatRadianAccuracy	8	static
../Core/Src/BNO080.c:336:9:BNO080_getQuatAccuracy	4	static
../Core/Src/BNO080.c:342:7:BNO080_getAccelX	8	static
../Core/Src/BNO080.c:348:7:BNO080_getAccelY	8	static
../Core/Src/BNO080.c:354:7:BNO080_getAccelZ	8	static
../Core/Src/BNO080.c:360:9:BNO080_getAccelAccuracy	4	static
../Core/Src/BNO080.c:368:7:BNO080_getLinAccelX	8	static
../Core/Src/BNO080.c:374:7:BNO080_getLinAccelY	8	static
../Core/Src/BNO080.c:380:7:BNO080_getLinAccelZ	8	static
../Core/Src/BNO080.c:386:9:BNO080_getLinAccelAccuracy	4	static
../Core/Src/BNO080.c:392:7:BNO080_getGyroX	8	static
../Core/Src/BNO080.c:398:7:BNO080_getGyroY	8	static
../Core/Src/BNO080.c:404:7:BNO080_getGyroZ	8	static
../Core/Src/BNO080.c:410:9:BNO080_getGyroAccuracy	4	static
../Core/Src/BNO080.c:416:7:BNO080_getMagX	8	static
../Core/Src/BNO080.c:422:7:BNO080_getMagY	8	static
../Core/Src/BNO080.c:428:7:BNO080_getMagZ	8	static
../Core/Src/BNO080.c:434:9:BNO080_getMagAccuracy	4	static
../Core/Src/BNO080.c:440:10:BNO080_getStepCount	4	static
../Core/Src/BNO080.c:446:9:BNO080_getStabilityClassifier	4	static
../Core/Src/BNO080.c:452:9:BNO080_getActivityClassifier	4	static
../Core/Src/BNO080.c:458:10:BNO080_getTimeStamp	4	static
../Core/Src/BNO080.c:465:9:BNO080_getQ1	16	static
../Core/Src/BNO080.c:473:9:BNO080_getQ2	16	static
../Core/Src/BNO080.c:481:9:BNO080_getQ3	16	static
../Core/Src/BNO080.c:488:7:BNO080_getResolution	24	static
../Core/Src/BNO080.c:501:7:BNO080_getRange	24	static
../Core/Src/BNO080.c:516:10:BNO080_readFRSword	16	static
../Core/Src/BNO080.c:526:6:BNO080_frsReadRequest	16	static
../Core/Src/BNO080.c:544:5:BNO080_readFRSdata	32	static
../Core/Src/BNO080.c:605:6:BNO080_softReset	8	static
../Core/Src/BNO080.c:621:9:BNO080_resetReason	8	static
../Core/Src/BNO080.c:643:7:BNO080_qToFloat	24	static
../Core/Src/BNO080.c:649:6:BNO080_enableRotationVector	16	static
../Core/Src/BNO080.c:655:6:BNO080_enableGameRotationVector	16	static
../Core/Src/BNO080.c:661:6:BNO080_enableAccelerometer	16	static
../Core/Src/BNO080.c:667:6:BNO080_enableLinearAccelerometer	16	static
../Core/Src/BNO080.c:673:6:BNO080_enableGyro	16	static
../Core/Src/BNO080.c:679:6:BNO080_enableMagnetometer	16	static
../Core/Src/BNO080.c:685:6:BNO080_enableStepCounter	16	static
../Core/Src/BNO080.c:691:6:BNO080_enableStabilityClassifier	16	static
../Core/Src/BNO080.c:697:6:BNO080_calibrateAccelerometer	8	static
../Core/Src/BNO080.c:703:6:BNO080_calibrateGyro	8	static
../Core/Src/BNO080.c:709:6:BNO080_calibrateMagnetometer	8	static
../Core/Src/BNO080.c:715:6:BNO080_calibratePlanarAccelerometer	8	static
../Core/Src/BNO080.c:721:6:BNO080_calibrateAll	8	static
../Core/Src/BNO080.c:726:6:BNO080_endCalibration	8	static
../Core/Src/BNO080.c:733:5:BNO080_calibrationComplete	4	static
../Core/Src/BNO080.c:742:6:BNO080_setFeatureCommand	24	static
../Core/Src/BNO080.c:769:6:BNO080_sendCommand	16	static
../Core/Src/BNO080.c:792:6:BNO080_sendCalibrateCommand	24	static
../Core/Src/BNO080.c:833:6:BNO080_requestCalibrationStatus	16	static
../Core/Src/BNO080.c:856:6:BNO080_saveCalibration	16	static
../Core/Src/BNO080.c:878:5:BNO080_waitForSPI	16	static
../Core/Src/BNO080.c:896:5:BNO080_receivePacket	24	static
../Core/Src/BNO080.c:953:5:BNO080_sendPacket	24	static
