../Drivers/CMSIS/Include/core_cm4.h:1672:26:__NVIC_GetPriorityGrouping	4	static
../Drivers/CMSIS/Include/core_cm4.h:1684:22:__NVIC_EnableIRQ	16	static,ignoring_inline_asm
../Drivers/CMSIS/Include/core_cm4.h:1814:22:__NVIC_SetPriority	16	static
../Drivers/CMSIS/Include/core_cm4.h:1861:26:NVIC_EncodePriority	40	static
../Drivers/STM32F4xx_HAL_Driver/Inc/stm32f4xx_ll_spi.h:378:22:LL_SPI_SetStandard	16	static
../Drivers/STM32F4xx_HAL_Driver/Inc/stm32f4xx_ll_tim.h:1116:22:LL_TIM_EnableCounter	16	static
../Drivers/STM32F4xx_HAL_Driver/Inc/stm32f4xx_ll_tim.h:1296:22:LL_TIM_EnableARRPreload	16	static
../Drivers/STM32F4xx_HAL_Driver/Inc/stm32f4xx_ll_tim.h:1612:22:LL_TIM_CC_EnableChannel	16	static
../Drivers/STM32F4xx_HAL_Driver/Inc/stm32f4xx_ll_tim.h:1637:22:LL_TIM_CC_DisableChannel	16	static
../Drivers/STM32F4xx_HAL_Driver/Inc/stm32f4xx_ll_tim.h:1903:22:LL_TIM_OC_EnableFast	24	static
../Drivers/STM32F4xx_HAL_Driver/Inc/stm32f4xx_ll_tim.h:1969:22:LL_TIM_OC_EnablePreload	24	static
../Drivers/STM32F4xx_HAL_Driver/Inc/stm32f4xx_ll_tim.h:2694:22:LL_TIM_SetClockSource	16	static
../Drivers/STM32F4xx_HAL_Driver/Inc/stm32f4xx_ll_tim.h:2740:22:LL_TIM_SetTriggerOutput	16	static
../Drivers/STM32F4xx_HAL_Driver/Inc/stm32f4xx_ll_tim.h:2806:22:LL_TIM_DisableMasterSlaveMode	16	static
../Drivers/STM32F4xx_HAL_Driver/Inc/stm32f4xx_ll_tim.h:3460:22:LL_TIM_EnableIT_UPDATE	16	static
../Drivers/STM32F4xx_HAL_Driver/Inc/stm32f4xx_ll_usart.h:410:22:LL_USART_Enable	16	static
../Drivers/STM32F4xx_HAL_Driver/Inc/stm32f4xx_ll_usart.h:1479:22:LL_USART_ConfigAsyncMode	16	static
../Drivers/STM32F4xx_HAL_Driver/Inc/stm32f4xx_ll_usart.h:1814:26:LL_USART_IsActiveFlag_TXE	16	static
../Drivers/STM32F4xx_HAL_Driver/Inc/stm32f4xx_ll_usart.h:2035:22:LL_USART_EnableIT_RXNE	40	static,ignoring_inline_asm
../Drivers/STM32F4xx_HAL_Driver/Inc/stm32f4xx_ll_usart.h:2426:22:LL_USART_TransmitData8	16	static
../Drivers/STM32F4xx_HAL_Driver/Inc/stm32f4xx_ll_gpio.h:881:22:LL_GPIO_SetOutputPin	16	static
../Drivers/STM32F4xx_HAL_Driver/Inc/stm32f4xx_ll_gpio.h:910:22:LL_GPIO_ResetOutputPin	16	static
../Drivers/STM32F4xx_HAL_Driver/Inc/stm32f4xx_ll_gpio.h:939:22:LL_GPIO_TogglePin	24	static
../Drivers/STM32F4xx_HAL_Driver/Inc/stm32f4xx_ll_bus.h:409:22:LL_AHB1_GRP1_EnableClock	24	static
../Drivers/STM32F4xx_HAL_Driver/Inc/stm32f4xx_ll_bus.h:1185:22:LL_APB1_GRP1_EnableClock	24	static
../Drivers/STM32F4xx_HAL_Driver/Inc/stm32f4xx_ll_bus.h:1704:22:LL_APB2_GRP1_EnableClock	24	static
../Core/Src/main.c:37:5:_write	32	static
../Core/Src/main.c:136:5:main	72	static
../Core/Src/main.c:786:6:SystemClock_Config	88	static
../Core/Src/main.c:832:13:MX_ADC1_Init	24	static
../Core/Src/main.c:884:13:MX_I2C1_Init	8	static
../Core/Src/main.c:918:13:MX_SPI1_Init	72	static
../Core/Src/main.c:973:13:MX_SPI2_Init	72	static
../Core/Src/main.c:1028:13:MX_SPI3_Init	72	static
../Core/Src/main.c:1083:13:MX_TIM3_Init	88	static
../Core/Src/main.c:1140:13:MX_TIM5_Init	88	static
../Core/Src/main.c:1209:13:MX_TIM7_Init	32	static
../Core/Src/main.c:1246:13:MX_UART4_Init	64	static
../Core/Src/main.c:1301:13:MX_UART5_Init	64	static
../Core/Src/main.c:1365:13:MX_USART1_UART_Init	8	static
../Core/Src/main.c:1398:13:MX_USART6_UART_Init	64	static
../Core/Src/main.c:1451:13:MX_DMA_Init	16	static
../Core/Src/main.c:1469:13:MX_GPIO_Init	32	static
../Core/Src/main.c:1539:5:Is_iBus_Throttle_Min	8	static
../Core/Src/main.c:1554:6:ESC_Calibartion	8	static
../Core/Src/main.c:1568:6:BNO080_Calibration	96	static
../Core/Src/main.c:1692:5:Is_iBus_Received	8	static
../Core/Src/main.c:1705:6:HAL_UART_RxCpltCallback	16	static
../Core/Src/main.c:1739:6:Encode_Msg_AHRS	24	static
../Core/Src/main.c:1780:6:Encode_Msg_GPS	24	static
../Core/Src/main.c:1816:6:Encode_Msg_PID_Gain	40	static
../Core/Src/main.c:1848:6:Error_Handler	4	static,ignoring_inline_asm
